<html>
<body>
<pre>
<h1>µVision Build Log</h1>
<h2>Tool Versions:</h2>
IDE-Version: ¦ÌVision V5.28.0.0
Copyright (C) 2019 ARM Ltd and ARM Germany GmbH. All rights reserved.
License Information: Zhang Harry, SYNOXO, LIC=D0DAR-KYPIF-747S0-B6SGB-4SU47-THYRY
 
Tool Versions:
Toolchain:       MDK-ARM Plus  Version: 5.28.0.0
Toolchain Path:  D:\Keil_v5\ARM\ARMCLANG\Bin
C Compiler:      ArmClang.exe V6.12
Assembler:       Armasm.exe V6.12
Linker/Locator:  ArmLink.exe V6.12
Library Manager: ArmAr.exe V6.12
Hex Converter:   FromElf.exe V6.12
CPU DLL:         SARMCM3.DLL V5.28.0.0
Dialog DLL:      DCM.DLL V1.17.3.0
Target DLL:      Segger\JL2CM3.dll V2.99.36.0
Dialog DLL:      TCM.DLL V1.36.2.0
 
<h2>Project:</h2>
H:\STM32_MCU\STM32F103\STM32F103VGT6Project\STM32F103VGT6Project\MDKARM\STM32F103VGT6Project.uvprojx
Project File Date:  06/20/2019

<h2>Output:</h2>
*** Using Compiler 'V6.12', folder: 'D:\Keil_v5\ARM\ARMCLANG\Bin'
Build target 'STM32F103VGT6Project'
compiling ad5593_cfg.c...
compiling adc_lib.c...
compiling ad5593_task.c...
compiling adc_cfg.c...
compiling stm32f1xx_it.c...
compiling ad5593_lib.c...
compiling adc_task.c...
compiling at24cxx_lib.c...
compiling at24cxx_cfg.c...
../Application/APP/main.c(246): warning: illegal character encoding in string literal [-Winvalid-source-encoding]
                USART_Printf(pUSART1, "<B5><B1>Ç°Æµ<C2><CA><CA>Ç£<BA>%fKHz\r\n",pCalcFreq->msgFreqKHz[pCalcFreq->msgChannel]);
                                       ^~~~~~~~  ~~~~~~~~~~~~ ~~~~
1 warning generated.
compiling main.c...
compiling at24cxx_task.c...
compiling decode_lib.c...
compiling decode_task.c...
compiling delay_cfg.c...
compiling delay_lib.c...
compiling delay_task.c...
compiling dht11_cfg.c...
compiling decode_cfg.c...
compiling dht11_lib.c...
compiling dht11_task.c...
compiling ds1302_cfg.c...
compiling ds1302_task.c...
compiling ds1302_lib.c...
compiling ds18b20_cfg.c...
compiling ds18b20_lib.c...
compiling ds18b20_task.c...
compiling encode_cfg.c...
compiling encode_lib.c...
compiling encode_task.c...
compiling hmc472_cfg.c...
compiling hmc472_lib.c...
../Application/HMC472/hmc472_task.c(796): warning: illegal character encoding in string literal [-Winvalid-source-encoding]
                                USART_Printf(USARTx, "=>><B4><AE><BF><DA>%d:<B7><A2><C9><FA>CRCÐ£<D1><E9><B4><ED><CE><F3><<=\r\n", (USARTx->msgIndex - 1));
                                                         ^~~~~~~~~~~~~~~~   ~~~~~~~~~~~~~~~~    ~~~~~~~~~~~~~~~~~~~~~~~~
1 warning generated.
compiling hmc472_task.c...
compiling i2c_cfg.c...
compiling i2c_lib.c...
compiling i2c_task.c...
compiling isp_cfg.c...
compiling isp_lib.c...
compiling isp_task.c...
compiling key_lib.c...
compiling key_task.c...
compiling key_cfg.c...
compiling lcd1602_cfg.c...
compiling lcd1602_lib.c...
compiling lcd1602_task.c...
compiling led_lib.c...
compiling led_cfg.c...
compiling led_task.c...
compiling oled_cfg.c...
compiling oled_lib.c...
compiling oled_task.c...
compiling one_wire_lib.c...
compiling one_wire_task.c...
compiling one_wire_cfg.c...
compiling pcf8563_cfg.c...
compiling pcf8563_lib.c...
compiling pcf8563_task.c...
compiling rfask_lib.c...
compiling rfask_cfg.c...
compiling rfask_eeprom.c...
../Application/RFASK/rfask_task.c(1609): warning: illegal character encoding in string literal [-Winvalid-source-encoding]
                        USART_Printf(USARTx, "=>><B4><AE><BF><DA>%d:<B7><A2><C9><FA>CRCÐ£<D1><E9><B4><ED><CE><F3><<=\r\n", (USARTx->msgIndex - 1));
                                                 ^~~~~~~~~~~~~~~~   ~~~~~~~~~~~~~~~~    ~~~~~~~~~~~~~~~~~~~~~~~~
1 warning generated.
compiling rfask_task.c...
compiling spi_cfg.c...
compiling spi_lib.c...
compiling spi_task.c...
compiling systick_cfg.c...
compiling systick_lib.c...
compiling systick_task.c...
compiling timer_lib.c...
compiling timer_cfg.c...
compiling timer_task.c...
compiling wm8510_cfg.c...
compiling wm8510_lib.c...
compiling wm8510_task.c...
linking...
Program Size: Code=73304 RO-data=1632 RW-data=68 ZI-data=22636  
FromELF: creating hex file...
"STM32F103VGT6Project\STM32F103VGT6Project.axf" - 0 Error(s), 3 Warning(s).

<h2>Software Packages used:</h2>

Package Vendor: ARM
                http://www.keil.com/pack/ARM.CMSIS.5.6.0.pack
                ARM.CMSIS.5.6.0
                CMSIS (Cortex Microcontroller Software Interface Standard)
   * Component: CORE Version: 5.3.0

Package Vendor: Keil
                http://www.keil.com/pack/Keil.STM32F1xx_DFP.2.3.0.pack
                Keil.STM32F1xx_DFP.2.3.0
                STMicroelectronics STM32F1 Series Device Support, Drivers and Examples

<h2>Collection of Component include folders:</h2>
  .\RTE\_STM32F103VGT6Project
  D:\Keil_v5\Arm\Packs\ARM\CMSIS\5.6.0\CMSIS\Core\Include
  D:\Keil_v5\Arm\Packs\Keil\STM32F1xx_DFP\2.3.0\Device\Include

<h2>Collection of Component Files used:</h2>

   * Component: ARM::CMSIS:CORE:5.3.0
Build Time Elapsed:  00:00:08
</pre>
</body>
</html>
