###############################################################################
#
# IAR ELF Linker V8.32.1.169/W32 for ARM                  02/May/2019  20:36:39
# Copyright 2007-2018 IAR Systems AB.
#
#    Output file  =  
#        J:\STM32_MCU\STM32F103\STM32F103VGT6Project\STM32F103VGT6Project\EWARM\STM32F103VGT6Project\Exe\STM32F103VGT6Project.out
#    Map file     =  
#        J:\STM32_MCU\STM32F103\STM32F103VGT6Project\STM32F103VGT6Project\EWARM\STM32F103VGT6Project\List\STM32F103VGT6Project.map
#    Command line =  
#        -f C:\Users\Harry\AppData\Local\Temp\EW5C67.tmp
#        (J:\STM32_MCU\STM32F103\STM32F103VGT6Project\STM32F103VGT6Project\EWARM\STM32F103VGT6Project\Obj\ad5593_cfg.o
#        J:\STM32_MCU\STM32F103\STM32F103VGT6Project\STM32F103VGT6Project\EWARM\STM32F103VGT6Project\Obj\ad5593_lib.o
#        J:\STM32_MCU\STM32F103\STM32F103VGT6Project\STM32F103VGT6Project\EWARM\STM32F103VGT6Project\Obj\ad5593_task.o
#        J:\STM32_MCU\STM32F103\STM32F103VGT6Project\STM32F103VGT6Project\EWARM\STM32F103VGT6Project\Obj\adc_cfg.o
#        J:\STM32_MCU\STM32F103\STM32F103VGT6Project\STM32F103VGT6Project\EWARM\STM32F103VGT6Project\Obj\adc_lib.o
#        J:\STM32_MCU\STM32F103\STM32F103VGT6Project\STM32F103VGT6Project\EWARM\STM32F103VGT6Project\Obj\adc_task.o
#        J:\STM32_MCU\STM32F103\STM32F103VGT6Project\STM32F103VGT6Project\EWARM\STM32F103VGT6Project\Obj\ads1256_cfg.o
#        J:\STM32_MCU\STM32F103\STM32F103VGT6Project\STM32F103VGT6Project\EWARM\STM32F103VGT6Project\Obj\ads1256_lib.o
#        J:\STM32_MCU\STM32F103\STM32F103VGT6Project\STM32F103VGT6Project\EWARM\STM32F103VGT6Project\Obj\ads1256_task.o
#        J:\STM32_MCU\STM32F103\STM32F103VGT6Project\STM32F103VGT6Project\EWARM\STM32F103VGT6Project\Obj\ads8688_cfg.o
#        J:\STM32_MCU\STM32F103\STM32F103VGT6Project\STM32F103VGT6Project\EWARM\STM32F103VGT6Project\Obj\ads8688_lib.o
#        J:\STM32_MCU\STM32F103\STM32F103VGT6Project\STM32F103VGT6Project\EWARM\STM32F103VGT6Project\Obj\ads8688_task.o
#        J:\STM32_MCU\STM32F103\STM32F103VGT6Project\STM32F103VGT6Project\EWARM\STM32F103VGT6Project\Obj\at24cxx_cfg.o
#        J:\STM32_MCU\STM32F103\STM32F103VGT6Project\STM32F103VGT6Project\EWARM\STM32F103VGT6Project\Obj\at24cxx_lib.o
#        J:\STM32_MCU\STM32F103\STM32F103VGT6Project\STM32F103VGT6Project\EWARM\STM32F103VGT6Project\Obj\at24cxx_task.o
#        J:\STM32_MCU\STM32F103\STM32F103VGT6Project\STM32F103VGT6Project\EWARM\STM32F103VGT6Project\Obj\bkp_cfg.o
#        J:\STM32_MCU\STM32F103\STM32F103VGT6Project\STM32F103VGT6Project\EWARM\STM32F103VGT6Project\Obj\bkp_lib.o
#        J:\STM32_MCU\STM32F103\STM32F103VGT6Project\STM32F103VGT6Project\EWARM\STM32F103VGT6Project\Obj\bkp_task.o
#        J:\STM32_MCU\STM32F103\STM32F103VGT6Project\STM32F103VGT6Project\EWARM\STM32F103VGT6Project\Obj\complier_cfg.o
#        J:\STM32_MCU\STM32F103\STM32F103VGT6Project\STM32F103VGT6Project\EWARM\STM32F103VGT6Project\Obj\complier_lib.o
#        J:\STM32_MCU\STM32F103\STM32F103VGT6Project\STM32F103VGT6Project\EWARM\STM32F103VGT6Project\Obj\crc_cfg.o
#        J:\STM32_MCU\STM32F103\STM32F103VGT6Project\STM32F103VGT6Project\EWARM\STM32F103VGT6Project\Obj\crc_lib.o
#        J:\STM32_MCU\STM32F103\STM32F103VGT6Project\STM32F103VGT6Project\EWARM\STM32F103VGT6Project\Obj\crc_task.o
#        J:\STM32_MCU\STM32F103\STM32F103VGT6Project\STM32F103VGT6Project\EWARM\STM32F103VGT6Project\Obj\css_cfg.o
#        J:\STM32_MCU\STM32F103\STM32F103VGT6Project\STM32F103VGT6Project\EWARM\STM32F103VGT6Project\Obj\css_lib.o
#        J:\STM32_MCU\STM32F103\STM32F103VGT6Project\STM32F103VGT6Project\EWARM\STM32F103VGT6Project\Obj\css_task.o
#        J:\STM32_MCU\STM32F103\STM32F103VGT6Project\STM32F103VGT6Project\EWARM\STM32F103VGT6Project\Obj\decode_cfg.o
#        J:\STM32_MCU\STM32F103\STM32F103VGT6Project\STM32F103VGT6Project\EWARM\STM32F103VGT6Project\Obj\decode_lib.o
#        J:\STM32_MCU\STM32F103\STM32F103VGT6Project\STM32F103VGT6Project\EWARM\STM32F103VGT6Project\Obj\decode_task.o
#        J:\STM32_MCU\STM32F103\STM32F103VGT6Project\STM32F103VGT6Project\EWARM\STM32F103VGT6Project\Obj\delay_cfg.o
#        J:\STM32_MCU\STM32F103\STM32F103VGT6Project\STM32F103VGT6Project\EWARM\STM32F103VGT6Project\Obj\delay_lib.o
#        J:\STM32_MCU\STM32F103\STM32F103VGT6Project\STM32F103VGT6Project\EWARM\STM32F103VGT6Project\Obj\delay_task.o
#        J:\STM32_MCU\STM32F103\STM32F103VGT6Project\STM32F103VGT6Project\EWARM\STM32F103VGT6Project\Obj\dht11_cfg.o
#        J:\STM32_MCU\STM32F103\STM32F103VGT6Project\STM32F103VGT6Project\EWARM\STM32F103VGT6Project\Obj\dht11_lib.o
#        J:\STM32_MCU\STM32F103\STM32F103VGT6Project\STM32F103VGT6Project\EWARM\STM32F103VGT6Project\Obj\dht11_task.o
#        J:\STM32_MCU\STM32F103\STM32F103VGT6Project\STM32F103VGT6Project\EWARM\STM32F103VGT6Project\Obj\ds1302_cfg.o
#        J:\STM32_MCU\STM32F103\STM32F103VGT6Project\STM32F103VGT6Project\EWARM\STM32F103VGT6Project\Obj\ds1302_lib.o
#        J:\STM32_MCU\STM32F103\STM32F103VGT6Project\STM32F103VGT6Project\EWARM\STM32F103VGT6Project\Obj\ds1302_task.o
#        J:\STM32_MCU\STM32F103\STM32F103VGT6Project\STM32F103VGT6Project\EWARM\STM32F103VGT6Project\Obj\ds18b20_cfg.o
#        J:\STM32_MCU\STM32F103\STM32F103VGT6Project\STM32F103VGT6Project\EWARM\STM32F103VGT6Project\Obj\ds18b20_lib.o
#        J:\STM32_MCU\STM32F103\STM32F103VGT6Project\STM32F103VGT6Project\EWARM\STM32F103VGT6Project\Obj\ds18b20_task.o
#        J:\STM32_MCU\STM32F103\STM32F103VGT6Project\STM32F103VGT6Project\EWARM\STM32F103VGT6Project\Obj\eeprom_cfg.o
#        J:\STM32_MCU\STM32F103\STM32F103VGT6Project\STM32F103VGT6Project\EWARM\STM32F103VGT6Project\Obj\eeprom_lib.o
#        J:\STM32_MCU\STM32F103\STM32F103VGT6Project\STM32F103VGT6Project\EWARM\STM32F103VGT6Project\Obj\eeprom_task.o
#        J:\STM32_MCU\STM32F103\STM32F103VGT6Project\STM32F103VGT6Project\EWARM\STM32F103VGT6Project\Obj\enc28j60_cfg.o
#        J:\STM32_MCU\STM32F103\STM32F103VGT6Project\STM32F103VGT6Project\EWARM\STM32F103VGT6Project\Obj\enc28j60_lib.o
#        J:\STM32_MCU\STM32F103\STM32F103VGT6Project\STM32F103VGT6Project\EWARM\STM32F103VGT6Project\Obj\enc28j60_task.o
#        J:\STM32_MCU\STM32F103\STM32F103VGT6Project\STM32F103VGT6Project\EWARM\STM32F103VGT6Project\Obj\encode_cfg.o
#        J:\STM32_MCU\STM32F103\STM32F103VGT6Project\STM32F103VGT6Project\EWARM\STM32F103VGT6Project\Obj\encode_lib.o
#        J:\STM32_MCU\STM32F103\STM32F103VGT6Project\STM32F103VGT6Project\EWARM\STM32F103VGT6Project\Obj\encode_task.o
#        J:\STM32_MCU\STM32F103\STM32F103VGT6Project\STM32F103VGT6Project\EWARM\STM32F103VGT6Project\Obj\flash_cfg.o
#        J:\STM32_MCU\STM32F103\STM32F103VGT6Project\STM32F103VGT6Project\EWARM\STM32F103VGT6Project\Obj\flash_lib.o
#        J:\STM32_MCU\STM32F103\STM32F103VGT6Project\STM32F103VGT6Project\EWARM\STM32F103VGT6Project\Obj\flash_task.o
#        J:\STM32_MCU\STM32F103\STM32F103VGT6Project\STM32F103VGT6Project\EWARM\STM32F103VGT6Project\Obj\gpio_cfg.o
#        J:\STM32_MCU\STM32F103\STM32F103VGT6Project\STM32F103VGT6Project\EWARM\STM32F103VGT6Project\Obj\gpio_lib.o
#        J:\STM32_MCU\STM32F103\STM32F103VGT6Project\STM32F103VGT6Project\EWARM\STM32F103VGT6Project\Obj\gpio_task.o
#        J:\STM32_MCU\STM32F103\STM32F103VGT6Project\STM32F103VGT6Project\EWARM\STM32F103VGT6Project\Obj\hmc472_cfg.o
#        J:\STM32_MCU\STM32F103\STM32F103VGT6Project\STM32F103VGT6Project\EWARM\STM32F103VGT6Project\Obj\hmc472_lib.o
#        J:\STM32_MCU\STM32F103\STM32F103VGT6Project\STM32F103VGT6Project\EWARM\STM32F103VGT6Project\Obj\hmc472_task.o
#        J:\STM32_MCU\STM32F103\STM32F103VGT6Project\STM32F103VGT6Project\EWARM\STM32F103VGT6Project\Obj\hmc830_cfg.o
#        J:\STM32_MCU\STM32F103\STM32F103VGT6Project\STM32F103VGT6Project\EWARM\STM32F103VGT6Project\Obj\hmc830_lib.o
#        J:\STM32_MCU\STM32F103\STM32F103VGT6Project\STM32F103VGT6Project\EWARM\STM32F103VGT6Project\Obj\hmc830_task.o
#        J:\STM32_MCU\STM32F103\STM32F103VGT6Project\STM32F103VGT6Project\EWARM\STM32F103VGT6Project\Obj\i2c_cfg.o
#        J:\STM32_MCU\STM32F103\STM32F103VGT6Project\STM32F103VGT6Project\EWARM\STM32F103VGT6Project\Obj\i2c_lib.o
#        J:\STM32_MCU\STM32F103\STM32F103VGT6Project\STM32F103VGT6Project\EWARM\STM32F103VGT6Project\Obj\i2c_task.o
#        J:\STM32_MCU\STM32F103\STM32F103VGT6Project\STM32F103VGT6Project\EWARM\STM32F103VGT6Project\Obj\iap_cfg.o
#        J:\STM32_MCU\STM32F103\STM32F103VGT6Project\STM32F103VGT6Project\EWARM\STM32F103VGT6Project\Obj\iap_lib.o
#        J:\STM32_MCU\STM32F103\STM32F103VGT6Project\STM32F103VGT6Project\EWARM\STM32F103VGT6Project\Obj\iap_task.o
#        J:\STM32_MCU\STM32F103\STM32F103VGT6Project\STM32F103VGT6Project\EWARM\STM32F103VGT6Project\Obj\isp_cfg.o
#        J:\STM32_MCU\STM32F103\STM32F103VGT6Project\STM32F103VGT6Project\EWARM\STM32F103VGT6Project\Obj\isp_lib.o
#        J:\STM32_MCU\STM32F103\STM32F103VGT6Project\STM32F103VGT6Project\EWARM\STM32F103VGT6Project\Obj\isp_task.o
#        J:\STM32_MCU\STM32F103\STM32F103VGT6Project\STM32F103VGT6Project\EWARM\STM32F103VGT6Project\Obj\iwdg_cfg.o
#        J:\STM32_MCU\STM32F103\STM32F103VGT6Project\STM32F103VGT6Project\EWARM\STM32F103VGT6Project\Obj\iwdg_lib.o
#        J:\STM32_MCU\STM32F103\STM32F103VGT6Project\STM32F103VGT6Project\EWARM\STM32F103VGT6Project\Obj\iwdg_task.o
#        J:\STM32_MCU\STM32F103\STM32F103VGT6Project\STM32F103VGT6Project\EWARM\STM32F103VGT6Project\Obj\key_cfg.o
#        J:\STM32_MCU\STM32F103\STM32F103VGT6Project\STM32F103VGT6Project\EWARM\STM32F103VGT6Project\Obj\key_lib.o
#        J:\STM32_MCU\STM32F103\STM32F103VGT6Project\STM32F103VGT6Project\EWARM\STM32F103VGT6Project\Obj\key_task.o
#        J:\STM32_MCU\STM32F103\STM32F103VGT6Project\STM32F103VGT6Project\EWARM\STM32F103VGT6Project\Obj\lcd1602_cfg.o
#        J:\STM32_MCU\STM32F103\STM32F103VGT6Project\STM32F103VGT6Project\EWARM\STM32F103VGT6Project\Obj\lcd1602_lib.o
#        J:\STM32_MCU\STM32F103\STM32F103VGT6Project\STM32F103VGT6Project\EWARM\STM32F103VGT6Project\Obj\lcd1602_task.o
#        J:\STM32_MCU\STM32F103\STM32F103VGT6Project\STM32F103VGT6Project\EWARM\STM32F103VGT6Project\Obj\led_cfg.o
#        J:\STM32_MCU\STM32F103\STM32F103VGT6Project\STM32F103VGT6Project\EWARM\STM32F103VGT6Project\Obj\led_lib.o
#        J:\STM32_MCU\STM32F103\STM32F103VGT6Project\STM32F103VGT6Project\EWARM\STM32F103VGT6Project\Obj\led_task.o
#        J:\STM32_MCU\STM32F103\STM32F103VGT6Project\STM32F103VGT6Project\EWARM\STM32F103VGT6Project\Obj\main.o
#        J:\STM32_MCU\STM32F103\STM32F103VGT6Project\STM32F103VGT6Project\EWARM\STM32F103VGT6Project\Obj\my_malloc.o
#        J:\STM32_MCU\STM32F103\STM32F103VGT6Project\STM32F103VGT6Project\EWARM\STM32F103VGT6Project\Obj\nrf2401_cfg.o
#        J:\STM32_MCU\STM32F103\STM32F103VGT6Project\STM32F103VGT6Project\EWARM\STM32F103VGT6Project\Obj\nrf2401_lib.o
#        J:\STM32_MCU\STM32F103\STM32F103VGT6Project\STM32F103VGT6Project\EWARM\STM32F103VGT6Project\Obj\nrf2401_task.o
#        J:\STM32_MCU\STM32F103\STM32F103VGT6Project\STM32F103VGT6Project\EWARM\STM32F103VGT6Project\Obj\oled_cfg.o
#        J:\STM32_MCU\STM32F103\STM32F103VGT6Project\STM32F103VGT6Project\EWARM\STM32F103VGT6Project\Obj\oled_lib.o
#        J:\STM32_MCU\STM32F103\STM32F103VGT6Project\STM32F103VGT6Project\EWARM\STM32F103VGT6Project\Obj\oled_task.o
#        J:\STM32_MCU\STM32F103\STM32F103VGT6Project\STM32F103VGT6Project\EWARM\STM32F103VGT6Project\Obj\one_wire_cfg.o
#        J:\STM32_MCU\STM32F103\STM32F103VGT6Project\STM32F103VGT6Project\EWARM\STM32F103VGT6Project\Obj\one_wire_lib.o
#        J:\STM32_MCU\STM32F103\STM32F103VGT6Project\STM32F103VGT6Project\EWARM\STM32F103VGT6Project\Obj\one_wire_task.o
#        J:\STM32_MCU\STM32F103\STM32F103VGT6Project\STM32F103VGT6Project\EWARM\STM32F103VGT6Project\Obj\pcf8563_cfg.o
#        J:\STM32_MCU\STM32F103\STM32F103VGT6Project\STM32F103VGT6Project\EWARM\STM32F103VGT6Project\Obj\pcf8563_lib.o
#        J:\STM32_MCU\STM32F103\STM32F103VGT6Project\STM32F103VGT6Project\EWARM\STM32F103VGT6Project\Obj\pcf8563_task.o
#        J:\STM32_MCU\STM32F103\STM32F103VGT6Project\STM32F103VGT6Project\EWARM\STM32F103VGT6Project\Obj\pid_cfg.o
#        J:\STM32_MCU\STM32F103\STM32F103VGT6Project\STM32F103VGT6Project\EWARM\STM32F103VGT6Project\Obj\pid_lib.o
#        J:\STM32_MCU\STM32F103\STM32F103VGT6Project\STM32F103VGT6Project\EWARM\STM32F103VGT6Project\Obj\pid_task.o
#        J:\STM32_MCU\STM32F103\STM32F103VGT6Project\STM32F103VGT6Project\EWARM\STM32F103VGT6Project\Obj\power_cfg.o
#        J:\STM32_MCU\STM32F103\STM32F103VGT6Project\STM32F103VGT6Project\EWARM\STM32F103VGT6Project\Obj\power_lib.o
#        J:\STM32_MCU\STM32F103\STM32F103VGT6Project\STM32F103VGT6Project\EWARM\STM32F103VGT6Project\Obj\power_task.o
#        J:\STM32_MCU\STM32F103\STM32F103VGT6Project\STM32F103VGT6Project\EWARM\STM32F103VGT6Project\Obj\pvd_cfg.o
#        J:\STM32_MCU\STM32F103\STM32F103VGT6Project\STM32F103VGT6Project\EWARM\STM32F103VGT6Project\Obj\pvd_lib.o
#        J:\STM32_MCU\STM32F103\STM32F103VGT6Project\STM32F103VGT6Project\EWARM\STM32F103VGT6Project\Obj\pvd_task.o
#        J:\STM32_MCU\STM32F103\STM32F103VGT6Project\STM32F103VGT6Project\EWARM\STM32F103VGT6Project\Obj\random_cfg.o
#        J:\STM32_MCU\STM32F103\STM32F103VGT6Project\STM32F103VGT6Project\EWARM\STM32F103VGT6Project\Obj\random_lib.o
#        J:\STM32_MCU\STM32F103\STM32F103VGT6Project\STM32F103VGT6Project\EWARM\STM32F103VGT6Project\Obj\random_task.o
#        J:\STM32_MCU\STM32F103\STM32F103VGT6Project\STM32F103VGT6Project\EWARM\STM32F103VGT6Project\Obj\rfask_cfg.o
#        J:\STM32_MCU\STM32F103\STM32F103VGT6Project\STM32F103VGT6Project\EWARM\STM32F103VGT6Project\Obj\rfask_lib.o
#        J:\STM32_MCU\STM32F103\STM32F103VGT6Project\STM32F103VGT6Project\EWARM\STM32F103VGT6Project\Obj\rfask_task.o
#        J:\STM32_MCU\STM32F103\STM32F103VGT6Project\STM32F103VGT6Project\EWARM\STM32F103VGT6Project\Obj\rfaskhw_cfg.o
#        J:\STM32_MCU\STM32F103\STM32F103VGT6Project\STM32F103VGT6Project\EWARM\STM32F103VGT6Project\Obj\rtc_cfg.o
#        J:\STM32_MCU\STM32F103\STM32F103VGT6Project\STM32F103VGT6Project\EWARM\STM32F103VGT6Project\Obj\rtc_lib.o
#        J:\STM32_MCU\STM32F103\STM32F103VGT6Project\STM32F103VGT6Project\EWARM\STM32F103VGT6Project\Obj\rtc_task.o
#        J:\STM32_MCU\STM32F103\STM32F103VGT6Project\STM32F103VGT6Project\EWARM\STM32F103VGT6Project\Obj\sht2x_cfg.o
#        J:\STM32_MCU\STM32F103\STM32F103VGT6Project\STM32F103VGT6Project\EWARM\STM32F103VGT6Project\Obj\sht2x_lib.o
#        J:\STM32_MCU\STM32F103\STM32F103VGT6Project\STM32F103VGT6Project\EWARM\STM32F103VGT6Project\Obj\sht2x_task.o
#        J:\STM32_MCU\STM32F103\STM32F103VGT6Project\STM32F103VGT6Project\EWARM\STM32F103VGT6Project\Obj\spi_cfg.o
#        J:\STM32_MCU\STM32F103\STM32F103VGT6Project\STM32F103VGT6Project\EWARM\STM32F103VGT6Project\Obj\spi_lib.o
#        J:\STM32_MCU\STM32F103\STM32F103VGT6Project\STM32F103VGT6Project\EWARM\STM32F103VGT6Project\Obj\spi_task.o
#        J:\STM32_MCU\STM32F103\STM32F103VGT6Project\STM32F103VGT6Project\EWARM\STM32F103VGT6Project\Obj\startup_stm32f103xg.o
#        J:\STM32_MCU\STM32F103\STM32F103VGT6Project\STM32F103VGT6Project\EWARM\STM32F103VGT6Project\Obj\stm32_cfg.o
#        J:\STM32_MCU\STM32F103\STM32F103VGT6Project\STM32F103VGT6Project\EWARM\STM32F103VGT6Project\Obj\stm32f1xx_hal.o
#        J:\STM32_MCU\STM32F103\STM32F103VGT6Project\STM32F103VGT6Project\EWARM\STM32F103VGT6Project\Obj\stm32f1xx_it.o
#        J:\STM32_MCU\STM32F103\STM32F103VGT6Project\STM32F103VGT6Project\EWARM\STM32F103VGT6Project\Obj\stm32f1xx_ll_adc.o
#        J:\STM32_MCU\STM32F103\STM32F103VGT6Project\STM32F103VGT6Project\EWARM\STM32F103VGT6Project\Obj\stm32f1xx_ll_crc.o
#        J:\STM32_MCU\STM32F103\STM32F103VGT6Project\STM32F103VGT6Project\EWARM\STM32F103VGT6Project\Obj\stm32f1xx_ll_dma.o
#        J:\STM32_MCU\STM32F103\STM32F103VGT6Project\STM32F103VGT6Project\EWARM\STM32F103VGT6Project\Obj\stm32f1xx_ll_exti.o
#        J:\STM32_MCU\STM32F103\STM32F103VGT6Project\STM32F103VGT6Project\EWARM\STM32F103VGT6Project\Obj\stm32f1xx_ll_gpio.o
#        J:\STM32_MCU\STM32F103\STM32F103VGT6Project\STM32F103VGT6Project\EWARM\STM32F103VGT6Project\Obj\stm32f1xx_ll_i2c.o
#        J:\STM32_MCU\STM32F103\STM32F103VGT6Project\STM32F103VGT6Project\EWARM\STM32F103VGT6Project\Obj\stm32f1xx_ll_rcc.o
#        J:\STM32_MCU\STM32F103\STM32F103VGT6Project\STM32F103VGT6Project\EWARM\STM32F103VGT6Project\Obj\stm32f1xx_ll_sdmmc.o
#        J:\STM32_MCU\STM32F103\STM32F103VGT6Project\STM32F103VGT6Project\EWARM\STM32F103VGT6Project\Obj\stm32f1xx_ll_spi.o
#        J:\STM32_MCU\STM32F103\STM32F103VGT6Project\STM32F103VGT6Project\EWARM\STM32F103VGT6Project\Obj\stm32f1xx_ll_tim.o
#        J:\STM32_MCU\STM32F103\STM32F103VGT6Project\STM32F103VGT6Project\EWARM\STM32F103VGT6Project\Obj\stm32f1xx_ll_usart.o
#        J:\STM32_MCU\STM32F103\STM32F103VGT6Project\STM32F103VGT6Project\EWARM\STM32F103VGT6Project\Obj\stm32f1xx_ll_utils.o
#        J:\STM32_MCU\STM32F103\STM32F103VGT6Project\STM32F103VGT6Project\EWARM\STM32F103VGT6Project\Obj\system_stm32f1xx.o
#        J:\STM32_MCU\STM32F103\STM32F103VGT6Project\STM32F103VGT6Project\EWARM\STM32F103VGT6Project\Obj\systick_cfg.o
#        J:\STM32_MCU\STM32F103\STM32F103VGT6Project\STM32F103VGT6Project\EWARM\STM32F103VGT6Project\Obj\systick_lib.o
#        J:\STM32_MCU\STM32F103\STM32F103VGT6Project\STM32F103VGT6Project\EWARM\STM32F103VGT6Project\Obj\systick_task.o
#        J:\STM32_MCU\STM32F103\STM32F103VGT6Project\STM32F103VGT6Project\EWARM\STM32F103VGT6Project\Obj\timer_cfg.o
#        J:\STM32_MCU\STM32F103\STM32F103VGT6Project\STM32F103VGT6Project\EWARM\STM32F103VGT6Project\Obj\timer_lib.o
#        J:\STM32_MCU\STM32F103\STM32F103VGT6Project\STM32F103VGT6Project\EWARM\STM32F103VGT6Project\Obj\timer_task.o
#        J:\STM32_MCU\STM32F103\STM32F103VGT6Project\STM32F103VGT6Project\EWARM\STM32F103VGT6Project\Obj\usart_cfg.o
#        J:\STM32_MCU\STM32F103\STM32F103VGT6Project\STM32F103VGT6Project\EWARM\STM32F103VGT6Project\Obj\usart_dma_cfg.o
#        J:\STM32_MCU\STM32F103\STM32F103VGT6Project\STM32F103VGT6Project\EWARM\STM32F103VGT6Project\Obj\usart_dma_lib.o
#        J:\STM32_MCU\STM32F103\STM32F103VGT6Project\STM32F103VGT6Project\EWARM\STM32F103VGT6Project\Obj\usart_dma_task.o
#        J:\STM32_MCU\STM32F103\STM32F103VGT6Project\STM32F103VGT6Project\EWARM\STM32F103VGT6Project\Obj\usart_lib.o
#        J:\STM32_MCU\STM32F103\STM32F103VGT6Project\STM32F103VGT6Project\EWARM\STM32F103VGT6Project\Obj\usart_task.o
#        J:\STM32_MCU\STM32F103\STM32F103VGT6Project\STM32F103VGT6Project\EWARM\STM32F103VGT6Project\Obj\w25qxx_cfg.o
#        J:\STM32_MCU\STM32F103\STM32F103VGT6Project\STM32F103VGT6Project\EWARM\STM32F103VGT6Project\Obj\w25qxx_lib.o
#        J:\STM32_MCU\STM32F103\STM32F103VGT6Project\STM32F103VGT6Project\EWARM\STM32F103VGT6Project\Obj\w25qxx_task.o
#        J:\STM32_MCU\STM32F103\STM32F103VGT6Project\STM32F103VGT6Project\EWARM\STM32F103VGT6Project\Obj\wm8510_cfg.o
#        J:\STM32_MCU\STM32F103\STM32F103VGT6Project\STM32F103VGT6Project\EWARM\STM32F103VGT6Project\Obj\wm8510_lib.o
#        J:\STM32_MCU\STM32F103\STM32F103VGT6Project\STM32F103VGT6Project\EWARM\STM32F103VGT6Project\Obj\wm8510_task.o
#        J:\STM32_MCU\STM32F103\STM32F103VGT6Project\STM32F103VGT6Project\EWARM\STM32F103VGT6Project\Obj\wwdg_cfg.o
#        J:\STM32_MCU\STM32F103\STM32F103VGT6Project\STM32F103VGT6Project\EWARM\STM32F103VGT6Project\Obj\wwdg_lib.o
#        J:\STM32_MCU\STM32F103\STM32F103VGT6Project\STM32F103VGT6Project\EWARM\STM32F103VGT6Project\Obj\wwdg_task.o
#        --redirect _Printf=_PrintfFull --redirect _Scanf=_ScanfFull
#        --no_out_extension -o
#        J:\STM32_MCU\STM32F103\STM32F103VGT6Project\STM32F103VGT6Project\EWARM\STM32F103VGT6Project\Exe\STM32F103VGT6Project.out
#        --map
#        J:\STM32_MCU\STM32F103\STM32F103VGT6Project\STM32F103VGT6Project\EWARM\STM32F103VGT6Project\List\STM32F103VGT6Project.map
#        --config
#        J:\STM32_MCU\STM32F103\STM32F103VGT6Project\STM32F103VGT6Project\EWARM\stm32f103xg_flash.icf
#        --semihosting --entry __iar_program_start --vfe --text_out locale)
#
###############################################################################

*******************************************************************************
*** RUNTIME MODEL ATTRIBUTES
***

CppFlavor       = *
__SystemLibrary = DLib
__dlib_version  = 6


*******************************************************************************
*** HEAP SELECTION
***

The basic heap was selected because no calls to memory allocation
functions were found in the application outside of system library
functions, and there are calls to deallocation functions in the
application.


*******************************************************************************
*** PLACEMENT SUMMARY
***

"A0":  place at 0x800'0000 { ro section .intvec };
"P1":  place in [from 0x800'0000 to 0x80f'ffff] { ro };
define block CSTACK with size = 4K, alignment = 8 { };
define block HEAP with size = 1K, alignment = 8 { };
"P2":  place in [from 0x2000'0000 to 0x2001'7fff] {
          rw, block CSTACK, block HEAP };
initialize by copy { rw };

  Section            Kind         Address    Size  Object
  -------            ----         -------    ----  ------
"A0":                                       0x130
  .intvec            ro code   0x800'0000   0x130  startup_stm32f103xg.o [1]
                             - 0x800'0130   0x130

"P1":                                      0xc156
  .text              ro code   0x800'0130  0x1fcc  rfask_task.o [1]
  .text              ro code   0x800'20fc    0x48  rfask_lib.o [1]
  .text              ro code   0x800'2144    0x3e  wm8510_task.o [1]
  .text              ro code   0x800'2182    0x7a  lz77_init_single.o [4]
  .text              ro code   0x800'21fc    0xfc  usart_task.o [1]
  .text              ro code   0x800'22f8    0x2a  timer_task.o [1]
  .text              ro code   0x800'2322    0x3a  zero_init3.o [4]
  .text              ro code   0x800'235c    0xdc  adc_task.o [1]
  .text              ro code   0x800'2438   0x230  I64DivMod.o [4]
  .text              ro code   0x800'2668    0x5a  decode_task.o [1]
  .text              ro code   0x800'26c2    0x1e  xencoding_8859_1.o [2]
  .text              ro code   0x800'26e0   0x734  rfask_cfg.o [1]
  .text              ro code   0x800'2e14    0x24  delay_task.o [1]
  .text              ro code   0x800'2e38     0x8  iwdg_task.o [1]
  .text              ro code   0x800'2e40   0xf20  usart_cfg.o [1]
  .text              ro code   0x800'3d60    0x58  key_task.o [1]
  .text              ro code   0x800'3db8    0x66  ABImemset.o [4]
  .text              ro code   0x800'3e1e    0x3e  wm8510_lib.o [1]
  .text              ro code   0x800'3e5c   0x136  usart_lib.o [1]
  .text              ro code   0x800'3f92    0x2a  timer_lib.o [1]
  .text              ro code   0x800'3fbc    0x2c  adc_lib.o [1]
  .text              ro code   0x800'3fe8     0x2  I64DivZer.o [4]
  .text              ro code   0x800'3fea    0x46  decode_lib.o [1]
  .text              ro code   0x800'4030    0x1a  gpio_task.o [1]
  .text              ro code   0x800'404a    0x1a  xsnprout.o [2]
  .text              ro code   0x800'4064     0x6  ABImemclr4.o [4]
  .text              ro code   0x800'406c   0x164  stm32f1xx_ll_gpio.o [1]
  .text              ro code   0x800'41d0    0x24  delay_lib.o [1]
  .text              ro code   0x800'41f4     0x8  iwdg_lib.o [1]
  .text              ro code   0x800'41fc    0x56  crc_task.o [1]
  .text              ro code   0x800'4254    0x3c  vsnprint.o [2]
  .text              ro code   0x800'4290   0x210  stm32f1xx_ll_usart.o [1]
  .text              ro code   0x800'44a0    0x58  key_lib.o [1]
  .text              ro code   0x800'44f8   0x74c  wm8510_cfg.o [1]
  .text              ro code   0x800'4c44   0x6b8  timer_cfg.o [1]
  .text              ro code   0x800'52fc   0x80a  adc_cfg.o [1]
  .text              ro code   0x800'5b08  0x1bf8  decode_cfg.o [1]
  .text              ro code   0x800'7700    0x1a  gpio_lib.o [1]
  .text              ro code   0x800'771c    0x32  ABImemset48.o [4]
  .text              ro code   0x800'7750    0x5a  delay_cfg.o [1]
  .text              ro code   0x800'77ac    0x1c  iwdg_cfg.o [1]
  .text              ro code   0x800'77c8    0x56  crc_lib.o [1]
  .text              ro code   0x800'7820   0xf46  xprintffull.o [2]
  .text              ro code   0x800'8768   0x124  stm32f1xx_ll_rcc.o [1]
  .text              ro code   0x800'888c   0x398  key_cfg.o [1]
  .text              ro code   0x800'8c24    0x4c  i2c_task.o [1]
  .text              ro code   0x800'8c70    0x1c  U32ToFlt.o [3]
  .text              ro code   0x800'8c8c    0xfc  FltDiv.o [3]
  .text              ro code   0x800'8d88    0x2a  FltToS32.o [3]
  .text              ro code   0x800'8db4    0x80  FltSub.o [3]
  .text              ro code   0x800'8e34    0xd8  FltMul.o [3]
  .text              ro code   0x800'8f0c    0x22  FltToU32.o [3]
  .text              ro code   0x800'8f30   0x194  gpio_cfg.o [1]
  .text              ro code   0x800'90c4   0x3ee  stm32f1xx_ll_tim.o [1]
  .text              ro code   0x800'94b2    0x44  systick_task.o [1]
  .text              ro code   0x800'94f8    0x48  FltToDbl.o [3]
  .text              ro code   0x800'9540   0x246  DblDiv.o [3]
  .text              ro code   0x800'9788    0x68  DblToFlt.o [3]
  .text              ro code   0x800'97f0   0x1ec  stm32f1xx_ll_adc.o [1]
  .text              ro code   0x800'99dc   0x228  stm32f1xx_ll_dma.o [1]
  .text              ro code   0x800'9c04    0xda  complier_lib.o [1]
  .text              ro code   0x800'9ce0    0x8a  stm32_cfg.o [1]
  .text              ro code   0x800'9d6c   0x14a  crc_cfg.o [1]
  .text              ro code   0x800'9eb8    0x78  xlocale_c.o [2]
  .text              ro code   0x800'9f30    0x16  strchr.o [4]
  .text              ro code   0x800'9f48    0x40  xfail_s.o [2]
  .text              ro code   0x800'9f88    0x36  strlen.o [4]
  .text              ro code   0x800'9fc0    0x58  memchr.o [4]
  .text              ro code   0x800'a018     0xa  xmbcurmax.o [2]
  .text              ro code   0x800'a024    0xa6  ABImemcpy.o [4]
  .text              ro code   0x800'a0cc   0x1a2  DblMul.o [3]
  .text              ro code   0x800'a270    0x70  frexp.o [3]
  .text              ro code   0x800'a2e0    0x2e  DblCmpLe.o [3]
  .text              ro code   0x800'a310    0x2e  DblCmpGe.o [3]
  .text              ro code   0x800'a340   0x13a  ldexp.o [3]
  .text              ro code   0x800'a47c    0x3a  DblToS32.o [3]
  .text              ro code   0x800'a4b8    0x22  S32ToDbl.o [3]
  .text              ro code   0x800'a4dc    0xe2  DblSub.o [3]
  .text              ro code   0x800'a5c0    0x28  DblToU32.o [3]
  .text              ro code   0x800'a5e8    0x1a  U32ToDbl.o [3]
  .text              ro code   0x800'a602    0x72  i2c_lib.o [1]
  .text              ro code   0x800'a674    0xd6  FltAdd.o [3]
  .text              ro code   0x800'a74a    0x44  systick_lib.o [1]
  .text              ro code   0x800'a790   0x17a  DblAdd.o [3]
  .text              ro code   0x800'a90c    0x34  stm32f1xx_ll_crc.o [1]
  .text              ro code   0x800'a940     0x6  abort.o [2]
  .text              ro code   0x800'a948   0x1f4  i2c_cfg.o [1]
  .text              ro code   0x800'ab3c   0x2ac  systick_cfg.o [1]
  .text              ro code   0x800'ade8    0x14  exit.o [5]
  .text              ro code   0x800'adfc   0x420  main.o [1]
  .text              ro code   0x800'b21c     0xc  stm32f1xx_ll_utils.o [1]
  .text              ro code   0x800'b228    0x74  my_malloc.o [1]
  .text              ro code   0x800'b29c     0x8  random_task.o [1]
  .text              ro code   0x800'b2a4     0x8  led_task.o [1]
  .text              ro code   0x800'b2ac     0x8  eeprom_task.o [1]
  .text              ro code   0x800'b2b4     0x8  power_task.o [1]
  .text              ro code   0x800'b2bc    0x1c  rtc_task.o [1]
  .text              ro code   0x800'b2d8     0x8  random_lib.o [1]
  .text              ro code   0x800'b2e0     0x8  led_lib.o [1]
  .text              ro code   0x800'b2e8     0x8  eeprom_lib.o [1]
  .text              ro code   0x800'b2f0     0x8  power_lib.o [1]
  .text              ro code   0x800'b2f8    0x1c  rtc_lib.o [1]
  .text              ro code   0x800'b314     0x2  random_cfg.o [1]
  .text              ro code   0x800'b318    0x94  led_cfg.o [1]
  .text              ro code   0x800'b3ac    0x18  eeprom_cfg.o [1]
  .text              ro code   0x800'b3c4   0x130  power_cfg.o [1]
  .text              ro code   0x800'b4f4   0x2cc  rtc_cfg.o [1]
  .text              ro code   0x800'b7c0    0x16  flash_task.o [1]
  .text              ro code   0x800'b7d6    0x16  flash_lib.o [1]
  .text              ro code   0x800'b7ec    0x2e  flash_cfg.o [1]
  .rodata            const     0x800'b81c   0x200  crc_cfg.o [1]
  .text              ro code   0x800'ba1c   0x1d0  stm32f1xx_it.o [1]
  .text              ro code   0x800'bbec    0x10  css_task.o [1]
  .text              ro code   0x800'bbfc     0x8  pvd_task.o [1]
  .text              ro code   0x800'bc04    0x10  css_lib.o [1]
  .text              ro code   0x800'bc14     0x8  pvd_lib.o [1]
  .text              ro code   0x800'bc1c    0xb4  css_cfg.o [1]
  .text              ro code   0x800'bcd0     0x2  pvd_cfg.o [1]
  .rodata            const     0x800'bcd4   0x100  crc_cfg.o [1]
  .rodata            const     0x800'bdd4   0x100  crc_cfg.o [1]
  .rodata            const     0x800'bed4    0x58  main.o [1]
  .text              ro code   0x800'bf2c    0x58  system_stm32f1xx.o [1]
  .text              ro code   0x800'bf84    0x28  data_init.o [4]
  .iar.init_table    const     0x800'bfac    0x20  - Linker created -
  .rodata            const     0x800'bfcc    0x20  rfask_task.o [1]
  .rodata            const     0x800'bfec    0x20  usart_cfg.o [1]
  .rodata            const     0x800'c00c    0x20  usart_cfg.o [1]
  .text              ro code   0x800'c02c    0x1e  cmain.o [4]
  .text              ro code   0x800'c04a     0x4  low_level_init.o [2]
  .text              ro code   0x800'c04e     0x4  exit.o [2]
  .text              ro code   0x800'c054     0xa  cexit.o [4]
  .rodata            const     0x800'c060    0x18  usart_cfg.o [1]
  .text              ro code   0x800'c078    0x18  stm32f1xx_hal.o [1]
  .rodata            const     0x800'c090    0x10  rtc_cfg.o [1]
  .rodata            const     0x800'c0a0    0x10  system_stm32f1xx.o [1]
  .text              ro code   0x800'c0b0    0x10  startup_stm32f103xg.o [1]
  .rodata            const     0x800'c0c0     0xc  rtc_cfg.o [1]
  .rodata            const     0x800'c0cc     0xc  rtc_cfg.o [1]
  .text              ro code   0x800'c0d8     0xc  cstartup_M.o [4]
  .rodata            const     0x800'c0e4     0x8  adc_cfg.o [1]
  .rodata            const     0x800'c0ec     0x8  adc_cfg.o [1]
  .rodata            const     0x800'c0f4     0x8  adc_cfg.o [1]
  .rodata            const     0x800'c0fc     0x8  decode_cfg.o [1]
  .rodata            const     0x800'c104     0x8  stm32f1xx_it.o [1]
  .rodata            const     0x800'c10c     0x8  stm32f1xx_ll_dma.o [1]
  .rodata            const     0x800'c114     0x8  system_stm32f1xx.o [1]
  .rodata            const     0x800'c11c     0x8  timer_cfg.o [1]
  .rodata            const     0x800'c124     0x8  timer_cfg.o [1]
  .rodata            const     0x800'c12c     0x8  timer_cfg.o [1]
  .rodata            const     0x800'c134     0x6  xlocale_c.o [2]
  .rodata            const     0x800'c13c     0x4  adc_cfg.o [1]
  .rodata            const     0x800'c140     0x4  adc_cfg.o [1]
  .rodata            const     0x800'c144     0x4  my_malloc.o [1]
  .rodata            const     0x800'c148     0x4  my_malloc.o [1]
  .text              ro code   0x800'c14c     0x4  startup_stm32f103xg.o [1]
  .text              ro code   0x800'c150     0x4  startup_stm32f103xg.o [1]
  .text              ro code   0x800'c154     0x4  startup_stm32f103xg.o [1]
  .text              ro code   0x800'c158     0x4  startup_stm32f103xg.o [1]
  .text              ro code   0x800'c15c     0x4  startup_stm32f103xg.o [1]
  .text              ro code   0x800'c160     0x4  startup_stm32f103xg.o [1]
  .text              ro code   0x800'c164     0x4  startup_stm32f103xg.o [1]
  .text              ro code   0x800'c168     0x4  startup_stm32f103xg.o [1]
  .text              ro code   0x800'c16c     0x4  startup_stm32f103xg.o [1]
  .text              ro code   0x800'c170     0x4  startup_stm32f103xg.o [1]
  .text              ro code   0x800'c174     0x4  startup_stm32f103xg.o [1]
  .text              ro code   0x800'c178     0x4  startup_stm32f103xg.o [1]
  .text              ro code   0x800'c17c     0x4  startup_stm32f103xg.o [1]
  .text              ro code   0x800'c180     0x4  startup_stm32f103xg.o [1]
  .text              ro code   0x800'c184     0x4  startup_stm32f103xg.o [1]
  .text              ro code   0x800'c188     0x4  startup_stm32f103xg.o [1]
  .text              ro code   0x800'c18c     0x4  startup_stm32f103xg.o [1]
  .text              ro code   0x800'c190     0x4  startup_stm32f103xg.o [1]
  .text              ro code   0x800'c194     0x4  startup_stm32f103xg.o [1]
  .text              ro code   0x800'c198     0x4  startup_stm32f103xg.o [1]
  .text              ro code   0x800'c19c     0x4  startup_stm32f103xg.o [1]
  .text              ro code   0x800'c1a0     0x4  startup_stm32f103xg.o [1]
  .text              ro code   0x800'c1a4     0x4  startup_stm32f103xg.o [1]
  .text              ro code   0x800'c1a8     0x4  startup_stm32f103xg.o [1]
  .text              ro code   0x800'c1ac     0x4  startup_stm32f103xg.o [1]
  .text              ro code   0x800'c1b0     0x4  startup_stm32f103xg.o [1]
  .text              ro code   0x800'c1b4     0x4  startup_stm32f103xg.o [1]
  .text              ro code   0x800'c1b8     0x4  startup_stm32f103xg.o [1]
  .text              ro code   0x800'c1bc     0x4  startup_stm32f103xg.o [1]
  .text              ro code   0x800'c1c0     0x4  startup_stm32f103xg.o [1]
  .text              ro code   0x800'c1c4     0x4  startup_stm32f103xg.o [1]
  .text              ro code   0x800'c1c8     0x4  startup_stm32f103xg.o [1]
  .text              ro code   0x800'c1cc     0x4  startup_stm32f103xg.o [1]
  .text              ro code   0x800'c1d0     0x4  startup_stm32f103xg.o [1]
  .text              ro code   0x800'c1d4     0x4  startup_stm32f103xg.o [1]
  .text              ro code   0x800'c1d8     0x4  startup_stm32f103xg.o [1]
  .text              ro code   0x800'c1dc     0x4  startup_stm32f103xg.o [1]
  .text              ro code   0x800'c1e0     0x4  startup_stm32f103xg.o [1]
  .text              ro code   0x800'c1e4     0x4  startup_stm32f103xg.o [1]
  .text              ro code   0x800'c1e8     0x4  startup_stm32f103xg.o [1]
  .text              ro code   0x800'c1ec     0x4  startup_stm32f103xg.o [1]
  .text              ro code   0x800'c1f0     0x4  startup_stm32f103xg.o [1]
  .text              ro code   0x800'c1f4     0x4  startup_stm32f103xg.o [1]
  .text              ro code   0x800'c1f8     0x4  startup_stm32f103xg.o [1]
  .text              ro code   0x800'c1fc     0x4  startup_stm32f103xg.o [1]
  .text              ro code   0x800'c200     0x4  startup_stm32f103xg.o [1]
  .text              ro code   0x800'c204     0x4  startup_stm32f103xg.o [1]
  .text              ro code   0x800'c208     0x4  startup_stm32f103xg.o [1]
  .text              ro code   0x800'c20c     0x4  startup_stm32f103xg.o [1]
  .text              ro code   0x800'c210     0x4  startup_stm32f103xg.o [1]
  .text              ro code   0x800'c214     0x4  startup_stm32f103xg.o [1]
  .text              ro code   0x800'c218     0x4  startup_stm32f103xg.o [1]
  .text              ro code   0x800'c21c     0x4  startup_stm32f103xg.o [1]
  .rodata            const     0x800'c220     0x0  zero_init3.o [4]
  .rodata            const     0x800'c220     0x0  lz77_init_single.o [4]
  Initializer bytes  const     0x800'c220    0x66  <for P2-1>
                             - 0x800'c286  0xc156

"P2", part 1 of 3:                           0xba
  P2-1                        0x2000'0000    0xba  <Init block>
    .data            inited   0x2000'0000     0x4  adc_cfg.o [1]
    .data            inited   0x2000'0004     0x4  adc_cfg.o [1]
    .data            inited   0x2000'0008    0x14  my_malloc.o [1]
    .data            inited   0x2000'001c     0x4  rfask_cfg.o [1]
    .data            inited   0x2000'0020     0x4  rtc_cfg.o [1]
    .data            inited   0x2000'0024     0x4  system_stm32f1xx.o [1]
    .data            inited   0x2000'0028     0x4  systick_cfg.o [1]
    .data            inited   0x2000'002c     0x4  timer_cfg.o [1]
    .data            inited   0x2000'0030     0x4  usart_cfg.o [1]
    .data            inited   0x2000'0034     0x4  wm8510_cfg.o [1]
    .data            inited   0x2000'0038    0x38  xlocale_c.o [2]
    .data            inited   0x2000'0070    0x48  xlocale_c.o [2]
    .data            inited   0x2000'00b8     0x1  crc_cfg.o [1]
    .data            inited   0x2000'00b9     0x1  stm32f1xx_hal.o [1]
                            - 0x2000'00ba    0xba

"P2", part 2 of 3:                         0x4824
  .bss               zero     0x2000'00bc  0x2800  my_malloc.o [1]
  .bss               zero     0x2000'28bc   0x800  eeprom_cfg.o [1]
  .bss               zero     0x2000'30bc   0x70c  usart_task.o [1]
  .bss               zero     0x2000'37c8   0x70c  usart_task.o [1]
  .bss               zero     0x2000'3ed4   0x400  usart_cfg.o [1]
  .bss               zero     0x2000'42d4   0x280  my_malloc.o [1]
  .bss               zero     0x2000'4554   0x114  rfask_cfg.o [1]
  .bss               zero     0x2000'4668    0x60  usart_cfg.o [1]
  .bss               zero     0x2000'46c8    0x58  wm8510_cfg.o [1]
  .bss               zero     0x2000'4720    0x50  adc_cfg.o [1]
  .bss               zero     0x2000'4770    0x50  adc_cfg.o [1]
  .bss               zero     0x2000'47c0    0x20  stm32_cfg.o [1]
  .bss               zero     0x2000'47e0    0x14  systick_cfg.o [1]
  .bss               zero     0x2000'47f4    0x10  decode_cfg.o [1]
  .bss               zero     0x2000'4804    0x10  decode_cfg.o [1]
  .bss               zero     0x2000'4814    0x10  decode_cfg.o [1]
  .bss               zero     0x2000'4824    0x10  decode_cfg.o [1]
  .bss               zero     0x2000'4834    0x10  decode_cfg.o [1]
  .bss               zero     0x2000'4844    0x10  decode_cfg.o [1]
  .bss               zero     0x2000'4854    0x10  decode_cfg.o [1]
  .bss               zero     0x2000'4864    0x10  decode_cfg.o [1]
  .bss               zero     0x2000'4874    0x10  decode_cfg.o [1]
  .bss               zero     0x2000'4884    0x10  rtc_cfg.o [1]
  .bss               zero     0x2000'4894    0x10  timer_cfg.o [1]
  .bss               zero     0x2000'48a4     0x8  decode_cfg.o [1]
  .bss               zero     0x2000'48ac     0x8  decode_cfg.o [1]
  .bss               zero     0x2000'48b4     0x4  decode_cfg.o [1]
  .bss               zero     0x2000'48b8     0x4  decode_cfg.o [1]
  .bss               zero     0x2000'48bc     0x4  decode_cfg.o [1]
  .bss               zero     0x2000'48c0     0x4  decode_cfg.o [1]
  .bss               zero     0x2000'48c4     0x4  decode_cfg.o [1]
  .bss               zero     0x2000'48c8     0x4  decode_cfg.o [1]
  .bss               zero     0x2000'48cc     0x4  decode_cfg.o [1]
  .bss               zero     0x2000'48d0     0x4  led_cfg.o [1]
  .bss               zero     0x2000'48d4     0x4  stm32f1xx_hal.o [1]
  .bss               zero     0x2000'48d8     0x4  xfail_s.o [2]
  .bss               zero     0x2000'48dc     0x1  timer_cfg.o [1]
  .bss               zero     0x2000'48dd     0x1  timer_cfg.o [1]
  .bss               zero     0x2000'48de     0x1  usart_cfg.o [1]
  .bss               zero     0x2000'48df     0x1  usart_cfg.o [1]
                            - 0x2000'48e0  0x4824

"P2", part 3 of 3:                         0x1000
  CSTACK                      0x2000'48e0  0x1000  <Block>
    CSTACK           uninit   0x2000'48e0  0x1000  <Block tail>
                            - 0x2000'58e0  0x1000

Unused ranges:

         From           To      Size
         ----           --      ----
   0x800'c286   0x80f'ffff  0xf'3d7a
  0x2000'00ba  0x2000'00bb       0x2
  0x2000'58e0  0x2001'7fff  0x1'2720


*******************************************************************************
*** INIT TABLE
***

          Address      Size
          -------      ----
Zero (__iar_zero_init3)
    1 destination range, total size 0x4824:
          0x2000'00bc  0x4824

Copy/lz77 (__iar_lz77_init_single3)
    1 source range, total size 0x66 (54% of destination):
           0x800'c220    0x66
    1 destination range, total size 0xba:
          0x2000'0000    0xba



*******************************************************************************
*** MODULE SUMMARY
***

    Module                 ro code  ro data  rw data
    ------                 -------  -------  -------
command line/config:
    ------------------------------------------------
    Total:

J:\STM32_MCU\STM32F103\STM32F103VGT6Project\STM32F103VGT6Project\EWARM\STM32F103VGT6Project\Obj: [1]
    adc_cfg.o                2 058       36      168
    adc_lib.o                   44
    adc_task.o                 220
    complier_lib.o             218
    crc_cfg.o                  330    1 025        1
    crc_lib.o                   86
    crc_task.o                  86
    css_cfg.o                  180
    css_lib.o                   16
    css_task.o                  16
    decode_cfg.o             7 160        8      188
    decode_lib.o                70
    decode_task.o               90
    delay_cfg.o                 90
    delay_lib.o                 36
    delay_task.o                36
    eeprom_cfg.o                24             2 048
    eeprom_lib.o                 8
    eeprom_task.o                8
    flash_cfg.o                 46
    flash_lib.o                 22
    flash_task.o                22
    gpio_cfg.o                 404
    gpio_lib.o                  26
    gpio_task.o                 26
    i2c_cfg.o                  500
    i2c_lib.o                  114
    i2c_task.o                  76
    iwdg_cfg.o                  28
    iwdg_lib.o                   8
    iwdg_task.o                  8
    key_cfg.o                  920
    key_lib.o                   88
    key_task.o                  88
    led_cfg.o                  148                 4
    led_lib.o                    8
    led_task.o                   8
    main.o                   1 056       88
    my_malloc.o                116       19   10 900
    power_cfg.o                304
    power_lib.o                  8
    power_task.o                 8
    pvd_cfg.o                    2
    pvd_lib.o                    8
    pvd_task.o                   8
    random_cfg.o                 2
    random_lib.o                 8
    random_task.o                8
    rfask_cfg.o              1 844        2      280
    rfask_lib.o                 72
    rfask_task.o             8 140       32
    rtc_cfg.o                  716       42       20
    rtc_lib.o                   28
    rtc_task.o                  28
    startup_stm32f103xg.o      532
    stm32_cfg.o                138                32
    stm32f1xx_hal.o             24                 5
    stm32f1xx_it.o             464        8
    stm32f1xx_ll_adc.o         492
    stm32f1xx_ll_crc.o          52
    stm32f1xx_ll_dma.o         552        8
    stm32f1xx_ll_gpio.o        356
    stm32f1xx_ll_rcc.o         292
    stm32f1xx_ll_tim.o       1 006
    stm32f1xx_ll_usart.o       528
    stm32f1xx_ll_utils.o        12
    system_stm32f1xx.o          88       26        4
    systick_cfg.o              684        3       24
    systick_lib.o               68
    systick_task.o              68
    timer_cfg.o              1 720       26       22
    timer_lib.o                 42
    timer_task.o                42
    usart_cfg.o              3 872       90    1 126
    usart_lib.o                310
    usart_task.o               252             3 608
    wm8510_cfg.o             1 868        2       92
    wm8510_lib.o                62
    wm8510_task.o               62
    ------------------------------------------------
    Total:                  39 258    1 415   18 522

dl7M_tlf.a: [2]
    abort.o                      6
    exit.o                       4
    low_level_init.o             4
    vsnprint.o                  60
    xencoding_8859_1.o          30
    xfail_s.o                   64                 4
    xlocale_c.o                120       76      128
    xmbcurmax.o                 10
    xprintffull.o            3 910
    xsnprout.o                  26
    ------------------------------------------------
    Total:                   4 234       76      132

m7M_tl.a: [3]
    DblAdd.o                   378
    DblCmpGe.o                  46
    DblCmpLe.o                  46
    DblDiv.o                   582
    DblMul.o                   418
    DblSub.o                   226
    DblToFlt.o                 104
    DblToS32.o                  58
    DblToU32.o                  40
    FltAdd.o                   214
    FltDiv.o                   252
    FltMul.o                   216
    FltSub.o                   128
    FltToDbl.o                  72
    FltToS32.o                  42
    FltToU32.o                  34
    S32ToDbl.o                  34
    U32ToDbl.o                  26
    U32ToFlt.o                  28
    frexp.o                    112
    ldexp.o                    314
    ------------------------------------------------
    Total:                   3 370

rt7M_tl.a: [4]
    ABImemclr4.o                 6
    ABImemcpy.o                166
    ABImemset.o                102
    ABImemset48.o               50
    I64DivMod.o                560
    I64DivZer.o                  2
    cexit.o                     10
    cmain.o                     30
    cstartup_M.o                12
    data_init.o                 40
    lz77_init_single.o         122
    memchr.o                    88
    strchr.o                    22
    strlen.o                    54
    zero_init3.o                58
    ------------------------------------------------
    Total:                   1 322

shb_l.a: [5]
    exit.o                      20
    ------------------------------------------------
    Total:                      20

    Gaps                        62        8
    Linker created                       33    4 096
----------------------------------------------------
    Grand Total:            48 266    1 532   22 750


*******************************************************************************
*** ENTRY LIST
***

Entry                       Address    Size  Type      Object
-----                       -------    ----  ----      ------
.iar.init_table$$Base    0x800'bfac           --   Gb  - Linker created -
.iar.init_table$$Limit   0x800'bfcc           --   Gb  - Linker created -
?main                    0x800'c02d          Code  Gb  cmain.o [4]
ADCLib_ADCTask_START     0x800'3fc5     0xc  Code  Gb  adc_lib.o [1]
ADCLib_ADCTask_STOP      0x800'3fd1     0xc  Code  Gb  adc_lib.o [1]
ADCLib_ADC_Init          0x800'3fbd     0x8  Code  Gb  adc_lib.o [1]
ADCLib_HandleChannelVal
                         0x800'3fdd     0xc  Code  Gb  adc_lib.o [1]
ADCTask_ADCTask_STOP     0x800'2365     0xc  Code  Gb  adc_task.o [1]
ADCTask_ADC_Init         0x800'235d     0x8  Code  Gb  adc_task.o [1]
ADCTask_RFASKTask_GetADC
                         0x800'2371    0xb8  Code  Gb  adc_task.o [1]
ADC_ADC1Task_Init        0x800'597f     0xe  Code  Gb  adc_cfg.o [1]
ADC_ADC1_DMA_Init        0x800'56dd    0x8a  Code  Gb  adc_cfg.o [1]
ADC_ADC1_DMA_Restart     0x800'5767    0x32  Code  Gb  adc_cfg.o [1]
ADC_ADC1_DMA_Stop        0x800'5799    0x28  Code  Gb  adc_cfg.o [1]
ADC_ADC1_Init            0x800'55f7    0xb8  Code  Gb  adc_cfg.o [1]
ADC_ADC3Task_Init        0x800'598d     0xe  Code  Gb  adc_cfg.o [1]
ADC_ADC3_DMA_Init        0x800'5873    0x88  Code  Gb  adc_cfg.o [1]
ADC_ADC3_DMA_Restart     0x800'58fb    0x32  Code  Gb  adc_cfg.o [1]
ADC_ADC3_DMA_Stop        0x800'592d    0x28  Code  Gb  adc_cfg.o [1]
ADC_ADC3_Init            0x800'57c1    0xb2  Code  Gb  adc_cfg.o [1]
ADC_ADCTask_Init         0x800'599b     0xe  Code  Gb  adc_cfg.o [1]
ADC_ADCTask_START        0x800'59b5    0x3a  Code  Gb  adc_cfg.o [1]
ADC_ADCTask_STOP         0x800'59ef    0x42  Code  Gb  adc_cfg.o [1]
ADC_ADC_Init             0x800'59a9     0xc  Code  Gb  adc_cfg.o [1]
ADC_Clock                0x800'557f    0x78  Code  Gb  adc_cfg.o [1]
ADC_GPIO_Init            0x800'554b    0x34  Code  Gb  adc_cfg.o [1]
ADC_HandleChannelVal     0x800'5a95    0x72  Code  Gb  adc_cfg.o [1]
ADC_SoftStart            0x800'5955    0x2a  Code  Gb  adc_cfg.o [1]
ADC_StartCalibration     0x800'56af    0x2e  Code  Gb  adc_cfg.o [1]
AHBPrescTable            0x800'c0a0    0x10  Data  Gb  system_stm32f1xx.o [1]
APBPrescTable            0x800'c114     0x8  Data  Gb  system_stm32f1xx.o [1]
BusFault_Handler         0x800'bacb     0x2  Code  Gb  stm32f1xx_it.o [1]
CHANNEL_OFFSET_TAB       0x800'c0f4     0x8  Data  Lc  adc_cfg.o [1]
CHANNEL_OFFSET_TAB       0x800'c104     0x8  Data  Lc  stm32f1xx_it.o [1]
CHANNEL_OFFSET_TAB       0x800'c10c     0x8  Data  Lc  stm32f1xx_ll_dma.o [1]
CRCLib_CRC16             0x800'77e9    0x10  Code  Gb  crc_lib.o [1]
CRCLib_CRC32             0x800'77d9    0x10  Code  Gb  crc_lib.o [1]
CRCLib_CRC8              0x800'77f9    0x16  Code  Gb  crc_lib.o [1]
CRCLib_CheckSum          0x800'780f    0x10  Code  Gb  crc_lib.o [1]
CRCLib_Enable            0x800'77d1     0x8  Code  Gb  crc_lib.o [1]
CRCLib_Init              0x800'77c9     0x8  Code  Gb  crc_lib.o [1]
CRCTask_CRC16            0x800'421d    0x10  Code  Gb  crc_task.o [1]
CRCTask_CRC32            0x800'420d    0x10  Code  Gb  crc_task.o [1]
CRCTask_CRC8             0x800'422d    0x16  Code  Gb  crc_task.o [1]
CRCTask_CheckSum         0x800'4243    0x10  Code  Gb  crc_task.o [1]
CRCTask_Enable           0x800'4205     0x8  Code  Gb  crc_task.o [1]
CRCTask_Init             0x800'41fd     0x8  Code  Gb  crc_task.o [1]
CRC_CRC16_Table          0x800'9e07    0x32  Code  Gb  crc_cfg.o [1]
CRC_CRC32_CRC            0x800'9df7    0x10  Code  Gb  crc_cfg.o [1]
CRC_CRC32_HWCRC          0x800'9dc5    0x32  Code  Gb  crc_cfg.o [1]
CRC_CRC32_HWReSet        0x800'9dbb     0xa  Code  Gb  crc_cfg.o [1]
CRC_CRC8_Table           0x800'9e39    0x44  Code  Gb  crc_cfg.o [1]
CRC_CheckSum             0x800'9e99    0x1e  Code  Gb  crc_cfg.o [1]
CRC_DeInit               0x800'9da5    0x10  Code  Gb  crc_cfg.o [1]
CRC_Enable               0x800'9db5     0x6  Code  Gb  crc_cfg.o [1]
CRC_Init                 0x800'9d91    0x14  Code  Gb  crc_cfg.o [1]
CSSLib_NMI_IRQ           0x800'bc05     0x8  Code  Gb  css_lib.o [1]
CSSLib_RCC_IRQ           0x800'bc0d     0x8  Code  Gb  css_lib.o [1]
CSSTask_NMI_IRQ          0x800'bbed     0x8  Code  Gb  css_task.o [1]
CSSTask_RCC_IRQ          0x800'bbf5     0x8  Code  Gb  css_task.o [1]
CSS_NMI_IRQ              0x800'bc9d    0x18  Code  Gb  css_cfg.o [1]
CSS_RCC_IRQ              0x800'bcb5    0x1c  Code  Gb  css_cfg.o [1]
CSTACK$$Base            0x2000'48e0           --   Gb  - Linker created -
CSTACK$$Limit           0x2000'58e0           --   Gb  - Linker created -
CacheMore                0x800'9ebd    0x24  Code  Lc  xlocale_c.o [2]
CalcAvgFun1              0x800'9c81    0x5e  Code  Gb  complier_lib.o [1]
DMA1_Channel1_IRQHandler
                         0x800'bb5f    0x22  Code  Gb  stm32f1xx_it.o [1]
DMA2_Channel4_5_IRQHandler
                         0x800'bb81    0x22  Code  Gb  stm32f1xx_it.o [1]
DebugMon_Handler         0x800'bad1     0x2  Code  Gb  stm32f1xx_it.o [1]
DecodeLib_ActivateSites
                         0x800'3ff3     0xe  Code  Gb  decode_lib.o [1]
DecodeLib_ClearState     0x800'4001     0x8  Code  Gb  decode_lib.o [1]
DecodeLib_IRQTask        0x800'4021     0x8  Code  Gb  decode_lib.o [1]
DecodeLib_Init           0x800'3feb     0x8  Code  Gb  decode_lib.o [1]
DecodeLib_Quency         0x800'4029     0x8  Code  Gb  decode_lib.o [1]
DecodeLib_START          0x800'4009     0x8  Code  Gb  decode_lib.o [1]
DecodeLib_STOP           0x800'4011     0x8  Code  Gb  decode_lib.o [1]
DecodeLib_ScanRST        0x800'4019     0x8  Code  Gb  decode_lib.o [1]
DecodeTask_ActivateSites
                         0x800'2671     0xe  Code  Gb  decode_task.o [1]
DecodeTask_ClearState    0x800'267f     0x8  Code  Gb  decode_task.o [1]
DecodeTask_IRQTask       0x800'269f     0x8  Code  Gb  decode_task.o [1]
DecodeTask_Init          0x800'2669     0x8  Code  Gb  decode_task.o [1]
DecodeTask_Query         0x800'26bb     0x8  Code  Gb  decode_task.o [1]
DecodeTask_QueryInit     0x800'26a7    0x14  Code  Gb  decode_task.o [1]
DecodeTask_START         0x800'2687     0x8  Code  Gb  decode_task.o [1]
DecodeTask_STOP          0x800'268f     0x8  Code  Gb  decode_task.o [1]
DecodeTask_ScanRST       0x800'2697     0x8  Code  Gb  decode_task.o [1]
Decode_ActivateSites     0x800'618f    0x38  Code  Gb  decode_cfg.o [1]
Decode_CalcPulseTick     0x800'669b    0x4a  Code  Gb  decode_cfg.o [1]
Decode_CalcPulseWidth    0x800'64f5   0x140  Code  Gb  decode_cfg.o [1]
Decode_ClearState        0x800'61c7    0xa2  Code  Gb  decode_cfg.o [1]
Decode_DecodeCHInit      0x800'5e81    0x9c  Code  Gb  decode_cfg.o [1]
Decode_DecodeLED         0x800'6465    0x90  Code  Gb  decode_cfg.o [1]
Decode_DecodeLEDInit     0x800'5d45    0x9c  Code  Gb  decode_cfg.o [1]
Decode_DecodePass        0x800'63b9    0xac  Code  Gb  decode_cfg.o [1]
Decode_DecodePassInit    0x800'5f1d    0x9c  Code  Gb  decode_cfg.o [1]
Decode_DecodeRSTInit     0x800'5de1    0xa0  Code  Gb  decode_cfg.o [1]
Decode_DecodeTimerInit   0x800'6055   0x11e  Code  Gb  decode_cfg.o [1]
Decode_DecodeWaveInit    0x800'5fb9    0x9c  Code  Gb  decode_cfg.o [1]
Decode_GetRST            0x800'6343    0x5a  Code  Gb  decode_cfg.o [1]
Decode_IRQTask           0x800'66e5    0xa4  Code  Gb  decode_cfg.o [1]
Decode_Init              0x800'6173    0x1c  Code  Gb  decode_cfg.o [1]
Decode_PrintfWave        0x800'680f    0xd6  Code  Gb  decode_cfg.o [1]
Decode_Query             0x800'6949   0xd7c  Code  Gb  decode_cfg.o [1]
Decode_QueryCalcPulseWidth
                         0x800'663d    0x5e  Code  Gb  decode_cfg.o [1]
Decode_START             0x800'6269    0xa2  Code  Gb  decode_cfg.o [1]
Decode_STOP              0x800'630b    0x38  Code  Gb  decode_cfg.o [1]
Decode_ScanRST           0x800'639d    0x1c  Code  Gb  decode_cfg.o [1]
Decode_SetPolarityRising
                         0x800'67b9    0x56  Code  Gb  decode_cfg.o [1]
DelayLib_ClkNop          0x800'41e9     0xc  Code  Gb  delay_lib.o [1]
DelayLib_ms              0x800'41d1     0xc  Code  Gb  delay_lib.o [1]
DelayNLib_us             0x800'41dd     0xc  Code  Gb  delay_lib.o [1]
DelayN_ms                0x800'7781    0x20  Code  Gb  delay_cfg.o [1]
DelayN_us                0x800'7771    0x10  Code  Gb  delay_cfg.o [1]
DelayTask_ClkNop         0x800'2e2d     0xc  Code  Gb  delay_task.o [1]
DelayTask_ms             0x800'2e21     0xc  Code  Gb  delay_task.o [1]
DelayTask_us             0x800'2e15     0xc  Code  Gb  delay_task.o [1]
Delay_ClkNop             0x800'77a1     0xa  Code  Gb  delay_cfg.o [1]
Delay_ms                 0x800'7751    0x20  Code  Gb  delay_cfg.o [1]
DescSortFun2             0x800'9c05    0x7c  Code  Gb  complier_lib.o [1]
EEPROMLib_Init           0x800'b2e9     0x8  Code  Gb  eeprom_lib.o [1]
EEPROMTask_Init          0x800'b2ad     0x8  Code  Gb  eeprom_task.o [1]
EEPROM_Init              0x800'b3ad    0x10  Code  Gb  eeprom_cfg.o [1]
FLASHLib_ReadHalfWord    0x800'b7d7    0x16  Code  Gb  flash_lib.o [1]
FLASHTask_ReadHalfWord   0x800'b7c1    0x16  Code  Gb  flash_task.o [1]
FLASH_ReadHalfWord       0x800'b7ed    0x2e  Code  Gb  flash_cfg.o [1]
GPIOLib_Clock            0x800'7701    0x12  Code  Gb  gpio_lib.o [1]
GPIOLib_Init             0x800'7713     0x8  Code  Gb  gpio_lib.o [1]
GPIOTask_Clock           0x800'4031    0x12  Code  Gb  gpio_task.o [1]
GPIOTask_Init            0x800'4043     0x8  Code  Gb  gpio_task.o [1]
GPIO_Clock               0x800'8f79    0xde  Code  Gb  gpio_cfg.o [1]
GPIO_Init                0x800'9057    0x4a  Code  Gb  gpio_cfg.o [1]
HAL_IncTick              0x800'c079    0x18  Code  Wk  stm32f1xx_hal.o [1]
HardFault_ErrIRQ         0x800'9d59    0x12  Code  Gb  stm32_cfg.o [1]
HardFault_ErrMsg         0x800'9d11    0x3e  Code  Gb  stm32_cfg.o [1]
HardFault_Handler        0x800'bac1     0x8  Code  Gb  stm32f1xx_it.o [1]
I2CLib_MSW_Init          0x800'a603    0x10  Code  Gb  i2c_lib.o [1]
I2CLib_MSW_ReadACK       0x800'a657     0xc  Code  Gb  i2c_lib.o [1]
I2CLib_MSW_START         0x800'a613    0x38  Code  Gb  i2c_lib.o [1]
I2CLib_MSW_STOP          0x800'a64b     0xc  Code  Gb  i2c_lib.o [1]
I2CLib_MSW_SendByte      0x800'a663    0x12  Code  Gb  i2c_lib.o [1]
I2CTask_MSW_Init         0x800'8c25    0x10  Code  Gb  i2c_task.o [1]
I2CTask_MSW_ReadACK      0x800'8c53     0xc  Code  Gb  i2c_task.o [1]
I2CTask_MSW_START        0x800'8c35    0x12  Code  Gb  i2c_task.o [1]
I2CTask_MSW_STOP         0x800'8c47     0xc  Code  Gb  i2c_task.o [1]
I2CTask_MSW_SendByte     0x800'8c5f    0x12  Code  Gb  i2c_task.o [1]
I2C_MSW_Init             0x800'a973    0x6c  Code  Gb  i2c_cfg.o [1]
I2C_MSW_ReadACK          0x800'aa7d    0x40  Code  Gb  i2c_cfg.o [1]
I2C_MSW_START            0x800'a9e5    0x50  Code  Gb  i2c_cfg.o [1]
I2C_MSW_STOP             0x800'aa35    0x48  Code  Gb  i2c_cfg.o [1]
I2C_MSW_SendBit          0x800'aabd    0x52  Code  Gb  i2c_cfg.o [1]
I2C_MSW_SendByte         0x800'ab0f    0x2e  Code  Gb  i2c_cfg.o [1]
IC1Config                0x800'93cd    0x38  Code  Lc  stm32f1xx_ll_tim.o [1]
IC2Config                0x800'9405    0x3a  Code  Lc  stm32f1xx_ll_tim.o [1]
IC3Config                0x800'943f    0x3a  Code  Lc  stm32f1xx_ll_tim.o [1]
IC4Config                0x800'9479    0x3a  Code  Lc  stm32f1xx_ll_tim.o [1]
IWDGLib_Reset            0x800'41f5     0x8  Code  Gb  iwdg_lib.o [1]
IWDGTask_Reset           0x800'2e39     0x8  Code  Gb  iwdg_task.o [1]
IWDG_Reset               0x800'77b7     0xc  Code  Gb  iwdg_cfg.o [1]
KeyLib_BINAPass          0x800'44c1     0xe  Code  Gb  key_lib.o [1]
KeyLib_BINBPass          0x800'44cf     0xe  Code  Gb  key_lib.o [1]
KeyLib_BINCPass          0x800'44dd     0xe  Code  Gb  key_lib.o [1]
KeyLib_BINDPass          0x800'44eb     0xe  Code  Gb  key_lib.o [1]
KeyLib_EOTSTART          0x800'44b1     0x8  Code  Gb  key_lib.o [1]
KeyLib_EOTSTOP           0x800'44b9     0x8  Code  Gb  key_lib.o [1]
KeyLib_Init              0x800'44a1     0x8  Code  Gb  key_lib.o [1]
KeyLib_ScanSOT           0x800'44a9     0x8  Code  Gb  key_lib.o [1]
KeyTask_BINAPass         0x800'3d81     0xe  Code  Gb  key_task.o [1]
KeyTask_BINBPass         0x800'3d8f     0xe  Code  Gb  key_task.o [1]
KeyTask_BINCPass         0x800'3d9d     0xe  Code  Gb  key_task.o [1]
KeyTask_BINDPass         0x800'3dab     0xe  Code  Gb  key_task.o [1]
KeyTask_EOTSTART         0x800'3d71     0x8  Code  Gb  key_task.o [1]
KeyTask_EOTSTOP          0x800'3d79     0x8  Code  Gb  key_task.o [1]
KeyTask_Init             0x800'3d61     0x8  Code  Gb  key_task.o [1]
KeyTask_ScanSOT          0x800'3d69     0x8  Code  Gb  key_task.o [1]
Key_BINAPass             0x800'8b87    0x20  Code  Gb  key_cfg.o [1]
Key_BINBPass             0x800'8ba7    0x24  Code  Gb  key_cfg.o [1]
Key_BINCPass             0x800'8bcb    0x24  Code  Gb  key_cfg.o [1]
Key_BINDPass             0x800'8bef    0x20  Code  Gb  key_cfg.o [1]
Key_BINInit              0x800'88b7    0x9c  Code  Gb  key_cfg.o [1]
Key_EOTInit              0x800'89ef    0x96  Code  Gb  key_cfg.o [1]
Key_EOTSTART             0x800'8b05    0x54  Code  Gb  key_cfg.o [1]
Key_EOTSTOP              0x800'8b59    0x2e  Code  Gb  key_cfg.o [1]
Key_GetSOT               0x800'8a95    0x54  Code  Gb  key_cfg.o [1]
Key_Init                 0x800'8a85    0x10  Code  Gb  key_cfg.o [1]
Key_SOTInit              0x800'8953    0x9c  Code  Gb  key_cfg.o [1]
Key_ScanSOT              0x800'8ae9    0x1c  Code  Gb  key_cfg.o [1]
LEDLib_Init              0x800'b2e1     0x8  Code  Gb  led_lib.o [1]
LEDTask_Init             0x800'b2a5     0x8  Code  Gb  led_task.o [1]
LEDWork_Init             0x800'b32d    0x46  Code  Gb  led_cfg.o [1]
LEDWork_Task             0x800'b375    0x22  Code  Gb  led_cfg.o [1]
LEDWork_Task::ledCount  0x2000'48d0     0x4  Data  Lc  led_cfg.o [1]
LED_Init                 0x800'b3a5     0x8  Code  Gb  led_cfg.o [1]
LL_ADC_CommonInit        0x800'982f    0x52  Code  Gb  stm32f1xx_ll_adc.o [1]
LL_ADC_DeInit            0x800'9881    0xa8  Code  Gb  stm32f1xx_ll_adc.o [1]
LL_ADC_Disable           0x800'5427     0xa  Code  Lc  adc_cfg.o [1]
LL_ADC_Disable           0x800'981d     0xa  Code  Lc  stm32f1xx_ll_adc.o [1]
LL_ADC_Enable            0x800'541d     0xa  Code  Lc  adc_cfg.o [1]
LL_ADC_INJ_SetTriggerSource
                         0x800'980d    0x10  Code  Lc  stm32f1xx_ll_adc.o [1]
LL_ADC_Init              0x800'9929    0x36  Code  Gb  stm32f1xx_ll_adc.o [1]
LL_ADC_IsCalibrationOnGoing
                         0x800'543b     0xa  Code  Lc  adc_cfg.o [1]
LL_ADC_IsEnabled         0x800'9827     0x8  Code  Lc  stm32f1xx_ll_adc.o [1]
LL_ADC_REG_Init          0x800'995f    0x62  Code  Gb  stm32f1xx_ll_adc.o [1]
LL_ADC_REG_SetSequencerLength
                         0x800'9801     0xc  Code  Lc  stm32f1xx_ll_adc.o [1]
LL_ADC_REG_SetSequencerRanks
                         0x800'5391    0x36  Code  Lc  adc_cfg.o [1]
LL_ADC_REG_SetTriggerSource
                         0x800'97f1    0x10  Code  Lc  stm32f1xx_ll_adc.o [1]
LL_ADC_REG_StartConversionSWStart
                         0x800'5445     0xa  Code  Lc  adc_cfg.o [1]
LL_ADC_SetChannelSamplingTime
                         0x800'53c7    0x56  Code  Lc  adc_cfg.o [1]
LL_ADC_StartCalibration
                         0x800'5431     0xa  Code  Lc  adc_cfg.o [1]
LL_AHB1_GRP1_EnableClock
                         0x800'544f    0x18  Code  Lc  adc_cfg.o [1]
LL_AHB1_GRP1_EnableClock
                         0x800'9d6d    0x16  Code  Lc  crc_cfg.o [1]
LL_APB1_GRP1_DisableClock
                         0x800'4c5d     0xc  Code  Lc  timer_cfg.o [1]
LL_APB1_GRP1_DisableClock
                         0x800'2eed     0xc  Code  Lc  usart_cfg.o [1]
LL_APB1_GRP1_EnableClock
                         0x800'4c45    0x18  Code  Lc  timer_cfg.o [1]
LL_APB1_GRP1_EnableClock
                         0x800'2ed5    0x18  Code  Lc  usart_cfg.o [1]
LL_APB1_GRP1_ForceReset
                         0x800'90db     0xc  Code  Lc  stm32f1xx_ll_tim.o [1]
LL_APB1_GRP1_ForceReset
                         0x800'4333     0xa  Code  Lc  stm32f1xx_ll_usart.o [1]
LL_APB1_GRP1_ReleaseReset
                         0x800'90e7     0xc  Code  Lc  stm32f1xx_ll_tim.o [1]
LL_APB1_GRP1_ReleaseReset
                         0x800'433d     0xa  Code  Lc  stm32f1xx_ll_usart.o [1]
LL_APB2_GRP1_DisableClock
                         0x800'547f     0xc  Code  Lc  adc_cfg.o [1]
LL_APB2_GRP1_DisableClock
                         0x800'8f47     0xa  Code  Lc  gpio_cfg.o [1]
LL_APB2_GRP1_DisableClock
                         0x800'4c81     0xc  Code  Lc  timer_cfg.o [1]
LL_APB2_GRP1_DisableClock
                         0x800'2f11     0xc  Code  Lc  usart_cfg.o [1]
LL_APB2_GRP1_EnableClock
                         0x800'5467    0x18  Code  Lc  adc_cfg.o [1]
LL_APB2_GRP1_EnableClock
                         0x800'8f31    0x16  Code  Lc  gpio_cfg.o [1]
LL_APB2_GRP1_EnableClock
                         0x800'4c69    0x18  Code  Lc  timer_cfg.o [1]
LL_APB2_GRP1_EnableClock
                         0x800'2ef9    0x18  Code  Lc  usart_cfg.o [1]
LL_APB2_GRP1_ForceReset
                         0x800'90f3     0xc  Code  Lc  stm32f1xx_ll_tim.o [1]
LL_APB2_GRP1_ForceReset
                         0x800'4347     0xa  Code  Lc  stm32f1xx_ll_usart.o [1]
LL_APB2_GRP1_ReleaseReset
                         0x800'90ff     0xc  Code  Lc  stm32f1xx_ll_tim.o [1]
LL_APB2_GRP1_ReleaseReset
                         0x800'4351     0xa  Code  Lc  stm32f1xx_ll_usart.o [1]
LL_CRC_DeInit            0x800'a917    0x26  Code  Gb  stm32f1xx_ll_crc.o [1]
LL_CRC_FeedData32        0x800'9d89     0x4  Code  Lc  crc_cfg.o [1]
LL_CRC_ReadData32        0x800'9d8d     0x4  Code  Lc  crc_cfg.o [1]
LL_CRC_ResetCRCCalculationUnit
                         0x800'9d83     0x6  Code  Lc  crc_cfg.o [1]
LL_CRC_ResetCRCCalculationUnit
                         0x800'a90d     0x6  Code  Lc  stm32f1xx_ll_crc.o [1]
LL_CRC_Write_IDR         0x800'a913     0x4  Code  Lc  stm32f1xx_ll_crc.o [1]
LL_DMA_ClearFlag_GI1     0x800'54f1     0x6  Code  Lc  adc_cfg.o [1]
LL_DMA_ClearFlag_GI1     0x800'9a41     0x6  Code  Lc  stm32f1xx_ll_dma.o [1]
LL_DMA_ClearFlag_GI2     0x800'9a47     0x6  Code  Lc  stm32f1xx_ll_dma.o [1]
LL_DMA_ClearFlag_GI3     0x800'9a4d     0x8  Code  Lc  stm32f1xx_ll_dma.o [1]
LL_DMA_ClearFlag_GI4     0x800'9a55     0x8  Code  Lc  stm32f1xx_ll_dma.o [1]
LL_DMA_ClearFlag_GI5     0x800'54f7     0x8  Code  Lc  adc_cfg.o [1]
LL_DMA_ClearFlag_GI5     0x800'9a5d     0x8  Code  Lc  stm32f1xx_ll_dma.o [1]
LL_DMA_ClearFlag_GI6     0x800'9a65     0x8  Code  Lc  stm32f1xx_ll_dma.o [1]
LL_DMA_ClearFlag_GI7     0x800'9a6d     0x8  Code  Lc  stm32f1xx_ll_dma.o [1]
LL_DMA_ClearFlag_HT1     0x800'550d     0x6  Code  Lc  adc_cfg.o [1]
LL_DMA_ClearFlag_HT5     0x800'5513     0x8  Code  Lc  adc_cfg.o [1]
LL_DMA_ClearFlag_TC1     0x800'54ff     0x6  Code  Lc  adc_cfg.o [1]
LL_DMA_ClearFlag_TC5     0x800'5505     0x8  Code  Lc  adc_cfg.o [1]
LL_DMA_ConfigTransfer    0x800'99dd    0x24  Code  Lc  stm32f1xx_ll_dma.o [1]
LL_DMA_DeInit            0x800'9a75   0x108  Code  Gb  stm32f1xx_ll_dma.o [1]
LL_DMA_DisableChannel    0x800'54ab    0x20  Code  Lc  adc_cfg.o [1]
LL_DMA_EnableChannel     0x800'548b    0x20  Code  Lc  adc_cfg.o [1]
LL_DMA_EnableIT_TC       0x800'551b    0x20  Code  Lc  adc_cfg.o [1]
LL_DMA_Init              0x800'9bb9    0x4c  Code  Gb  stm32f1xx_ll_dma.o [1]
LL_DMA_IsActiveFlag_TC1
                         0x800'ba1d     0xa  Code  Lc  stm32f1xx_it.o [1]
LL_DMA_IsActiveFlag_TC5
                         0x800'ba27     0xa  Code  Lc  stm32f1xx_it.o [1]
LL_DMA_IsEnabledIT_TC    0x800'ba31    0x14  Code  Lc  stm32f1xx_it.o [1]
LL_DMA_SetDataLength     0x800'54cb    0x26  Code  Lc  adc_cfg.o [1]
LL_DMA_SetDataLength     0x800'9a01    0x24  Code  Lc  stm32f1xx_ll_dma.o [1]
LL_DMA_SetMemoryAddress
                         0x800'9a25     0xe  Code  Lc  stm32f1xx_ll_dma.o [1]
LL_DMA_SetPeriphAddress
                         0x800'9a33     0xe  Code  Lc  stm32f1xx_ll_dma.o [1]
LL_EXTI_ClearFlag_0_31   0x800'ba45     0x6  Code  Lc  stm32f1xx_it.o [1]
LL_FLASH_EnableDataCache
                         0x800'9ce7     0xe  Code  Gb  stm32_cfg.o [1]
LL_FLASH_EnableInstCache
                         0x800'9cf5     0xe  Code  Gb  stm32_cfg.o [1]
LL_FLASH_EnablePrefetch
                         0x800'af79     0xc  Code  Lc  main.o [1]
LL_FLASH_GetLatency      0x800'af6f     0xa  Code  Lc  main.o [1]
LL_FLASH_ReadHalfWord    0x800'9d03     0x4  Code  Gb  stm32_cfg.o [1]
LL_FLASH_SetLatency      0x800'af61     0xe  Code  Lc  main.o [1]
LL_GPIO_AF_RemapPartial_TIM3
                         0x800'4c8d    0x16  Code  Lc  timer_cfg.o [1]
LL_GPIO_AF_Remap_SWJ_NOJTAG
                         0x800'8f65    0x14  Code  Lc  gpio_cfg.o [1]
LL_GPIO_AF_Remap_SWJ_NONJTRST
                         0x800'8f51    0x14  Code  Lc  gpio_cfg.o [1]
LL_GPIO_Init             0x800'4141    0x90  Code  Gb  stm32f1xx_ll_gpio.o [1]
LL_GPIO_IsInputPinSet    0x800'5b9d    0x1a  Code  Lc  decode_cfg.o [1]
LL_GPIO_IsInputPinSet    0x800'a949    0x1a  Code  Lc  i2c_cfg.o [1]
LL_GPIO_IsInputPinSet    0x800'888d    0x1a  Code  Lc  key_cfg.o [1]
LL_GPIO_IsInputPinSet    0x800'26e1    0x1a  Code  Lc  rfask_cfg.o [1]
LL_GPIO_ResetOutputPin   0x800'5bbf     0x8  Code  Lc  decode_cfg.o [1]
LL_GPIO_ResetOutputPin   0x800'a96b     0x8  Code  Lc  i2c_cfg.o [1]
LL_GPIO_ResetOutputPin   0x800'88af     0x8  Code  Lc  key_cfg.o [1]
LL_GPIO_ResetOutputPin   0x800'b319     0x8  Code  Lc  led_cfg.o [1]
LL_GPIO_ResetOutputPin   0x800'aeb7     0x8  Code  Lc  main.o [1]
LL_GPIO_ResetOutputPin   0x800'b3c5     0x8  Code  Lc  power_cfg.o [1]
LL_GPIO_ResetOutputPin   0x800'0139     0x8  Code  Lc  rfask_task.o [1]
LL_GPIO_ResetOutputPin   0x800'2f61     0x8  Code  Lc  usart_cfg.o [1]
LL_GPIO_SetOutputPin     0x800'5bb7     0x8  Code  Lc  decode_cfg.o [1]
LL_GPIO_SetOutputPin     0x800'a963     0x8  Code  Lc  i2c_cfg.o [1]
LL_GPIO_SetOutputPin     0x800'88a7     0x8  Code  Lc  key_cfg.o [1]
LL_GPIO_SetOutputPin     0x800'26fb     0x8  Code  Lc  rfask_cfg.o [1]
LL_GPIO_SetOutputPin     0x800'0131     0x8  Code  Lc  rfask_task.o [1]
LL_GPIO_SetOutputPin     0x800'2f59     0x8  Code  Lc  usart_cfg.o [1]
LL_GPIO_SetPinMode       0x800'406d    0x3c  Code  Lc  stm32f1xx_ll_gpio.o [1]
LL_GPIO_SetPinMode       0x800'2f1d    0x3c  Code  Lc  usart_cfg.o [1]
LL_GPIO_SetPinOutputType
                         0x800'40e5    0x3c  Code  Lc  stm32f1xx_ll_gpio.o [1]
LL_GPIO_SetPinPull       0x800'4121    0x20  Code  Lc  stm32f1xx_ll_gpio.o [1]
LL_GPIO_SetPinSpeed      0x800'40a9    0x3c  Code  Lc  stm32f1xx_ll_gpio.o [1]
LL_GPIO_TogglePin        0x800'b321     0xc  Code  Lc  led_cfg.o [1]
LL_IWDG_ReloadCounter    0x800'77ad     0xa  Code  Lc  iwdg_cfg.o [1]
LL_InitTick              0x800'abd9    0x18  Code  Lc  systick_cfg.o [1]
LL_PWR_IsActiveFlag_PVDO
                         0x800'ba4b     0xc  Code  Lc  stm32f1xx_it.o [1]
LL_RCC_ClearFlag_HSECSS
                         0x800'bc4f     0xc  Code  Lc  css_cfg.o [1]
LL_RCC_ClearFlag_HSERDY
                         0x800'bc43     0xc  Code  Lc  css_cfg.o [1]
LL_RCC_DisableIT_HSERDY
                         0x800'bc7f     0xc  Code  Lc  css_cfg.o [1]
LL_RCC_EnableIT_HSERDY   0x800'bc73     0xc  Code  Lc  css_cfg.o [1]
LL_RCC_GetAHBPrescaler   0x800'8773     0xa  Code  Lc  stm32f1xx_ll_rcc.o [1]
LL_RCC_GetAPB1Prescaler
                         0x800'877d     0xa  Code  Lc  stm32f1xx_ll_rcc.o [1]
LL_RCC_GetAPB2Prescaler
                         0x800'8787     0xa  Code  Lc  stm32f1xx_ll_rcc.o [1]
LL_RCC_GetSysClkSource   0x800'aefd     0xa  Code  Lc  main.o [1]
LL_RCC_GetSysClkSource   0x800'8769     0xa  Code  Lc  stm32f1xx_ll_rcc.o [1]
LL_RCC_GetSystemClocksFreq
                         0x800'87af    0x24  Code  Gb  stm32f1xx_ll_rcc.o [1]
LL_RCC_HSE_Enable        0x800'bc37     0xc  Code  Lc  css_cfg.o [1]
LL_RCC_HSE_Enable        0x800'aebf     0xc  Code  Lc  main.o [1]
LL_RCC_HSE_IsReady       0x800'aecb     0xc  Code  Lc  main.o [1]
LL_RCC_IsActiveFlag_HSECSS
                         0x800'bc67     0xc  Code  Lc  css_cfg.o [1]
LL_RCC_IsActiveFlag_HSERDY
                         0x800'bc5b     0xc  Code  Lc  css_cfg.o [1]
LL_RCC_LSI_Enable        0x800'aed7     0xc  Code  Lc  main.o [1]
LL_RCC_LSI_IsReady       0x800'aee3     0xc  Code  Lc  main.o [1]
LL_RCC_PLL_ConfigDomain_SYS
                         0x800'af49    0x18  Code  Lc  main.o [1]
LL_RCC_PLL_Enable        0x800'af31     0xc  Code  Lc  main.o [1]
LL_RCC_PLL_GetMainSource
                         0x800'8791     0xa  Code  Lc  stm32f1xx_ll_rcc.o [1]
LL_RCC_PLL_GetMultiplicator
                         0x800'879b     0xa  Code  Lc  stm32f1xx_ll_rcc.o [1]
LL_RCC_PLL_GetPrediv     0x800'87a5     0xa  Code  Lc  stm32f1xx_ll_rcc.o [1]
LL_RCC_PLL_IsReady       0x800'af3d     0xc  Code  Lc  main.o [1]
LL_RCC_SetADCClockSource
                         0x800'553b    0x10  Code  Lc  adc_cfg.o [1]
LL_RCC_SetAHBPrescaler   0x800'af07     0xe  Code  Lc  main.o [1]
LL_RCC_SetAPB1Prescaler
                         0x800'af15     0xe  Code  Lc  main.o [1]
LL_RCC_SetAPB2Prescaler
                         0x800'af23     0xe  Code  Lc  main.o [1]
LL_RCC_SetSysClkSource   0x800'aeef     0xe  Code  Lc  main.o [1]
LL_SYSTICK_SetClkSource
                         0x800'ae9b    0x1c  Code  Lc  main.o [1]
LL_SetSystemCoreClock    0x800'b21d     0x6  Code  Gb  stm32f1xx_ll_utils.o [1]
LL_TIM_CC_DisableChannel
                         0x800'4cc9     0x8  Code  Lc  timer_cfg.o [1]
LL_TIM_ClearFlag         0x800'9d07     0x8  Code  Gb  stm32_cfg.o [1]
LL_TIM_ClearFlag_CC1     0x800'5cd5     0x8  Code  Lc  decode_cfg.o [1]
LL_TIM_ClearFlag_CC2     0x800'5ce7     0x8  Code  Lc  decode_cfg.o [1]
LL_TIM_ClearFlag_CC3     0x800'5cf9     0x8  Code  Lc  decode_cfg.o [1]
LL_TIM_ClearFlag_CC4     0x800'5d0b     0x8  Code  Lc  decode_cfg.o [1]
LL_TIM_ClearFlag_TRIG    0x800'4e61     0x8  Code  Lc  timer_cfg.o [1]
LL_TIM_ClearFlag_UPDATE
                         0x800'5ccd     0x8  Code  Lc  decode_cfg.o [1]
LL_TIM_ClearFlag_UPDATE
                         0x800'4e51     0x8  Code  Lc  timer_cfg.o [1]
LL_TIM_DeInit            0x800'910b   0x15a  Code  Gb  stm32f1xx_ll_tim.o [1]
LL_TIM_DisableARRPreload
                         0x800'5bdb     0xa  Code  Lc  decode_cfg.o [1]
LL_TIM_DisableCounter    0x800'5bd1     0xa  Code  Lc  decode_cfg.o [1]
LL_TIM_DisableCounter    0x800'4cad     0xa  Code  Lc  timer_cfg.o [1]
LL_TIM_DisableDMAReq_TRIG
                         0x800'4e7d     0xa  Code  Lc  timer_cfg.o [1]
LL_TIM_DisableIT_TRIG    0x800'4e73     0xa  Code  Lc  timer_cfg.o [1]
LL_TIM_DisableMasterSlaveMode
                         0x800'5cc3     0xa  Code  Lc  decode_cfg.o [1]
LL_TIM_DisableMasterSlaveMode
                         0x800'4e47     0xa  Code  Lc  timer_cfg.o [1]
LL_TIM_EnableARRPreload
                         0x800'4cb7     0xa  Code  Lc  timer_cfg.o [1]
LL_TIM_EnableCounter     0x800'5bc7     0xa  Code  Lc  decode_cfg.o [1]
LL_TIM_EnableCounter     0x800'4ca3     0xa  Code  Lc  timer_cfg.o [1]
LL_TIM_EnableIT_CC1      0x800'5d1d     0xa  Code  Lc  decode_cfg.o [1]
LL_TIM_EnableIT_CC2      0x800'5d27     0xa  Code  Lc  decode_cfg.o [1]
LL_TIM_EnableIT_CC3      0x800'5d31     0xa  Code  Lc  decode_cfg.o [1]
LL_TIM_EnableIT_CC4      0x800'5d3b     0xa  Code  Lc  decode_cfg.o [1]
LL_TIM_GenerateEvent_UPDATE
                         0x800'90d1     0xa  Code  Lc  stm32f1xx_ll_tim.o [1]
LL_TIM_GetCounter        0x800'4cc5     0x4  Code  Lc  timer_cfg.o [1]
LL_TIM_IC_GetCaptureCH1
                         0x800'5c99     0x4  Code  Lc  decode_cfg.o [1]
LL_TIM_IC_GetCaptureCH2
                         0x800'5c9d     0x4  Code  Lc  decode_cfg.o [1]
LL_TIM_IC_GetCaptureCH3
                         0x800'5ca1     0x4  Code  Lc  decode_cfg.o [1]
LL_TIM_IC_GetCaptureCH4
                         0x800'5ca5     0x4  Code  Lc  decode_cfg.o [1]
LL_TIM_IC_GetPolarity    0x800'5c45    0x54  Code  Lc  decode_cfg.o [1]
LL_TIM_IC_Init           0x800'9337    0x58  Code  Gb  stm32f1xx_ll_tim.o [1]
LL_TIM_IC_SetActiveInput
                         0x800'4cd1    0x7a  Code  Lc  timer_cfg.o [1]
LL_TIM_IC_SetFilter      0x800'4d4b    0x7a  Code  Lc  timer_cfg.o [1]
LL_TIM_IC_SetPolarity    0x800'5be9    0x5c  Code  Lc  decode_cfg.o [1]
LL_TIM_IC_SetPolarity    0x800'4dc5    0x5c  Code  Lc  timer_cfg.o [1]
LL_TIM_Init              0x800'9265    0xd2  Code  Gb  stm32f1xx_ll_tim.o [1]
LL_TIM_IsActiveFlag_CC1
                         0x800'5cdd     0xa  Code  Lc  decode_cfg.o [1]
LL_TIM_IsActiveFlag_CC2
                         0x800'5cef     0xa  Code  Lc  decode_cfg.o [1]
LL_TIM_IsActiveFlag_CC3
                         0x800'5d01     0xa  Code  Lc  decode_cfg.o [1]
LL_TIM_IsActiveFlag_CC4
                         0x800'5d13     0xa  Code  Lc  decode_cfg.o [1]
LL_TIM_IsActiveFlag_TRIG
                         0x800'4e69     0xa  Code  Lc  timer_cfg.o [1]
LL_TIM_IsActiveFlag_UPDATE
                         0x800'4e59     0x8  Code  Lc  timer_cfg.o [1]
LL_TIM_SetAutoReload     0x800'90c9     0x4  Code  Lc  stm32f1xx_ll_tim.o [1]
LL_TIM_SetClockSource    0x800'5ca9     0xe  Code  Lc  decode_cfg.o [1]
LL_TIM_SetClockSource    0x800'4e21     0xe  Code  Lc  timer_cfg.o [1]
LL_TIM_SetCounter        0x800'5be5     0x4  Code  Lc  decode_cfg.o [1]
LL_TIM_SetCounter        0x800'4cc1     0x4  Code  Lc  timer_cfg.o [1]
LL_TIM_SetPrescaler      0x800'90c5     0x4  Code  Lc  stm32f1xx_ll_tim.o [1]
LL_TIM_SetRepetitionCounter
                         0x800'90cd     0x4  Code  Lc  stm32f1xx_ll_tim.o [1]
LL_TIM_SetTriggerInput   0x800'4e3b     0xc  Code  Lc  timer_cfg.o [1]
LL_TIM_SetTriggerOutput
                         0x800'5cb7     0xc  Code  Lc  decode_cfg.o [1]
LL_TIM_SetTriggerOutput
                         0x800'4e2f     0xc  Code  Lc  timer_cfg.o [1]
LL_USART_ClearFlag_RXNE
                         0x800'ba7d     0x8  Code  Lc  stm32f1xx_it.o [1]
LL_USART_ClearFlag_TC    0x800'ba75     0x8  Code  Lc  stm32f1xx_it.o [1]
LL_USART_ClearFlag_TC    0x800'2f99     0x8  Code  Lc  usart_cfg.o [1]
LL_USART_ConfigAsyncMode
                         0x800'2f73    0x12  Code  Lc  usart_cfg.o [1]
LL_USART_DeInit          0x800'435b    0x88  Code  Gb  stm32f1xx_ll_usart.o [1]
LL_USART_DisableIT_TC    0x800'2fbf     0xa  Code  Lc  usart_cfg.o [1]
LL_USART_DisableIT_TXE   0x800'2fc9     0xa  Code  Lc  usart_cfg.o [1]
LL_USART_Enable          0x800'2f69     0xa  Code  Lc  usart_cfg.o [1]
LL_USART_EnableIT_RXNE   0x800'2fa1     0xa  Code  Lc  usart_cfg.o [1]
LL_USART_EnableIT_TC     0x800'2fab     0xa  Code  Lc  usart_cfg.o [1]
LL_USART_EnableIT_TXE    0x800'2fb5     0xa  Code  Lc  usart_cfg.o [1]
LL_USART_Init            0x800'43e3    0x9a  Code  Gb  stm32f1xx_ll_usart.o [1]
LL_USART_IsActiveFlag_RXNE
                         0x800'ba57     0xa  Code  Lc  stm32f1xx_it.o [1]
LL_USART_IsActiveFlag_TC
                         0x800'ba61     0xa  Code  Lc  stm32f1xx_it.o [1]
LL_USART_IsActiveFlag_TC
                         0x800'2f85     0xa  Code  Lc  usart_cfg.o [1]
LL_USART_IsActiveFlag_TXE
                         0x800'ba6b     0xa  Code  Lc  stm32f1xx_it.o [1]
LL_USART_IsActiveFlag_TXE
                         0x800'2f8f     0xa  Code  Lc  usart_cfg.o [1]
LL_USART_IsEnabled       0x800'4291     0xa  Code  Lc  stm32f1xx_ll_usart.o [1]
LL_USART_IsEnabledIT_RXNE
                         0x800'ba85     0xa  Code  Lc  stm32f1xx_it.o [1]
LL_USART_IsEnabledIT_TC
                         0x800'ba8f     0xa  Code  Lc  stm32f1xx_it.o [1]
LL_USART_IsEnabledIT_TC
                         0x800'2fd3     0xa  Code  Lc  usart_cfg.o [1]
LL_USART_IsEnabledIT_TXE
                         0x800'ba99     0xa  Code  Lc  stm32f1xx_it.o [1]
LL_USART_IsEnabledIT_TXE
                         0x800'2fdd     0xa  Code  Lc  usart_cfg.o [1]
LL_USART_ReceiveData8    0x800'baa3     0x6  Code  Lc  stm32f1xx_it.o [1]
LL_USART_SetBaudRate     0x800'42b3    0x80  Code  Lc  stm32f1xx_ll_usart.o [1]
LL_USART_SetHWFlowCtrl   0x800'42a7     0xc  Code  Lc  stm32f1xx_ll_usart.o [1]
LL_USART_SetStopBitsLength
                         0x800'429b     0xc  Code  Lc  stm32f1xx_ll_usart.o [1]
LL_USART_TransmitData8   0x800'2fe7     0x8  Code  Lc  usart_cfg.o [1]
LL_WWDG_ClearFlag_EWKUP
                         0x800'baa9     0x8  Code  Lc  stm32f1xx_it.o [1]
LoadInt                  0x800'79e3    0x7a  Code  Lc  xprintffull.o [2]
MemManage_Handler        0x800'bac9     0x2  Code  Gb  stm32f1xx_it.o [1]
MyMemInit                0x800'b23f    0x24  Code  Gb  my_malloc.o [1]
MyMemset                 0x800'b229    0x16  Code  Gb  my_malloc.o [1]
MyMemusedRate            0x800'b263    0x2e  Code  Gb  my_malloc.o [1]
NMI_Handler              0x800'bab1     0x8  Code  Gb  stm32f1xx_it.o [1]
NVIC_EnableIRQ           0x800'5309    0x18  Code  Lc  adc_cfg.o [1]
NVIC_EnableIRQ           0x800'5b15    0x18  Code  Lc  decode_cfg.o [1]
NVIC_EnableIRQ           0x800'2e4d    0x18  Code  Lc  usart_cfg.o [1]
NVIC_EncodePriority      0x800'5351    0x40  Code  Lc  adc_cfg.o [1]
[...]
SysTickTask_1msIncTick   0x800'94ef     0x8  Code  Gb  systick_task.o [1]
SysTickTask_DecTick      0x800'94c7     0xc  Code  Gb  systick_task.o [1]
SysTickTask_FuncTick     0x800'94bb     0xc  Code  Gb  systick_task.o [1]
SysTickTask_GetTick      0x800'94d3     0x8  Code  Gb  systick_task.o [1]
SysTickTask_IRQTick      0x800'94db     0x8  Code  Gb  systick_task.o [1]
SysTickTask_Init         0x800'94b3     0x8  Code  Gb  systick_task.o [1]
SysTickTask_WaitusTick   0x800'94e3     0xc  Code  Gb  systick_task.o [1]
SysTick_1msIncTick       0x800'ad75    0x42  Code  Gb  systick_cfg.o [1]
SysTick_DecTick          0x800'ac83    0x50  Code  Gb  systick_cfg.o [1]
SysTick_FuncTick         0x800'ac71    0x12  Code  Gb  systick_cfg.o [1]
SysTick_GetTick          0x800'acd3     0x8  Code  Gb  systick_cfg.o [1]
SysTick_Handler          0x800'bad5     0x8  Code  Gb  stm32f1xx_it.o [1]
SysTick_IRQTick          0x800'acdb    0x52  Code  Gb  systick_cfg.o [1]
SysTick_Init             0x800'ac27    0x4a  Code  Gb  systick_cfg.o [1]
SysTick_Resume           0x800'abff     0xe  Code  Gb  systick_cfg.o [1]
SysTick_StructInit       0x800'ac0d    0x1a  Code  Gb  systick_cfg.o [1]
SysTick_Suspend          0x800'abf1     0xe  Code  Gb  systick_cfg.o [1]
SysTick_WaitusTick       0x800'ad2d    0x48  Code  Gb  systick_cfg.o [1]
Sys_Init                 0x800'b0ad    0xb6  Code  Gb  main.o [1]
SystemClock_Config       0x800'af85    0x84  Code  Gb  main.o [1]
SystemCoreClock         0x2000'0024     0x4  Data  Gb  system_stm32f1xx.o [1]
SystemInit               0x800'bf2d    0x3e  Code  Gb  system_stm32f1xx.o [1]
TIM2_IRQHandler          0x800'bbcd     0x8  Code  Gb  stm32f1xx_it.o [1]
TimerLib_CalcFreq_Task   0x800'3f9b     0x8  Code  Gb  timer_lib.o [1]
TimerLib_Clock           0x800'3fab    0x12  Code  Gb  timer_lib.o [1]
TimerLib_GetFreqKHz      0x800'3fa3     0x8  Code  Gb  timer_lib.o [1]
TimerLib_Init            0x800'3f93     0x8  Code  Gb  timer_lib.o [1]
TimerTask_CalcFreq_Task
                         0x800'2301     0x8  Code  Gb  timer_task.o [1]
TimerTask_Clock          0x800'2311    0x12  Code  Gb  timer_task.o [1]
TimerTask_GetFreqKHz     0x800'2309     0x8  Code  Gb  timer_task.o [1]
TimerTask_Init           0x800'22f9     0x8  Code  Gb  timer_task.o [1]
Timer_CalcFreqMode_Init
                         0x800'4e87    0xba  Code  Gb  timer_cfg.o [1]
Timer_CalcFreq_Init      0x800'4f41    0xfe  Code  Gb  timer_cfg.o [1]
Timer_CalcFreq_Init::nCount
                        0x2000'48dc     0x1  Data  Lc  timer_cfg.o [1]
Timer_CalcFreq_Init::nOverCount
                        0x2000'48dd     0x1  Data  Lc  timer_cfg.o [1]
Timer_CalcFreq_Task      0x800'503f    0x82  Code  Gb  timer_cfg.o [1]
Timer_Clock              0x800'50d1   0x1c0  Code  Gb  timer_cfg.o [1]
Timer_GetFreqKHz         0x800'50c1     0x8  Code  Gb  timer_cfg.o [1]
Timer_Init               0x800'50c9     0x8  Code  Gb  timer_cfg.o [1]
USART1_IRQHandler        0x800'bae7    0x78  Code  Gb  stm32f1xx_it.o [1]
USART1_Init              0x800'3c31    0xf6  Code  Gb  usart_cfg.o [1]
USART1_RX_BUFFER        0x2000'30bc   0x70c  Data  Gb  usart_task.o [1]
USART1_TX_BUFFER        0x2000'37c8   0x70c  Data  Gb  usart_task.o [1]
USART2_Init              0x800'3d55     0x6  Code  Gb  usart_cfg.o [1]
USART3_Init              0x800'3d5b     0x6  Code  Gb  usart_cfg.o [1]
USARTLib_CRCTask_Read    0x800'3f87     0xc  Code  Gb  usart_lib.o [1]
USARTLib_DeviceID        0x800'3f33     0xc  Code  Gb  usart_lib.o [1]
USARTLib_DeviceInit      0x800'3ec5    0x32  Code  Gb  usart_lib.o [1]
USARTLib_GetReadState    0x800'3f03     0xc  Code  Gb  usart_lib.o [1]
USARTLib_ITRead_Task     0x800'3f21    0x12  Code  Gb  usart_lib.o [1]
USARTLib_ITWrite_TCTask
                         0x800'3f4b     0xc  Code  Gb  usart_lib.o [1]
USARTLib_ITWrite_TXETask
                         0x800'3f3f     0xc  Code  Gb  usart_lib.o [1]
USARTLib_Init            0x800'3e5d    0x68  Code  Gb  usart_lib.o [1]
USARTLib_ReadInit        0x800'3ef7     0xc  Code  Gb  usart_lib.o [1]
USARTLib_RealTime_AddByte
                         0x800'3f57    0x12  Code  Gb  usart_lib.o [1]
USARTLib_RealTime_AddByteCRC
                         0x800'3f7b     0xc  Code  Gb  usart_lib.o [1]
USARTLib_RealTime_AddByteSize
                         0x800'3f69    0x12  Code  Gb  usart_lib.o [1]
USARTLib_TimeOVFTask     0x800'3f0f    0x12  Code  Gb  usart_lib.o [1]
USARTTask_CRCTask_Read   0x800'22e1     0xc  Code  Gb  usart_task.o [1]
USARTTask_DeviceID       0x800'22ed     0xc  Code  Gb  usart_task.o [1]
USARTTask_GetReadState   0x800'226d     0xc  Code  Gb  usart_task.o [1]
USARTTask_ITRead_Task    0x800'2287    0x12  Code  Gb  usart_task.o [1]
USARTTask_ITWrite_TCTask
                         0x800'22a5     0xc  Code  Gb  usart_task.o [1]
USARTTask_ITWrite_TXETask
                         0x800'2299     0xc  Code  Gb  usart_task.o [1]
USARTTask_Init           0x800'21fd    0x64  Code  Gb  usart_task.o [1]
USARTTask_ReadInit       0x800'2261     0xc  Code  Gb  usart_task.o [1]
USARTTask_RealTime_AddByte
                         0x800'22b1    0x12  Code  Gb  usart_task.o [1]
USARTTask_RealTime_AddByteCRC
                         0x800'22d5     0xc  Code  Gb  usart_task.o [1]
USARTTask_RealTime_AddByteSize
                         0x800'22c3    0x12  Code  Gb  usart_task.o [1]
USARTTask_TimeOVFTask    0x800'2279     0xe  Code  Gb  usart_task.o [1]
USART_485GPIOInit        0x800'3159    0x2a  Code  Gb  usart_cfg.o [1]
USART_CRCTask_Read       0x800'380b   0x1da  Code  Gb  usart_cfg.o [1]
USART_ClearOVF           0x800'39e5    0x1c  Code  Gb  usart_cfg.o [1]
USART_Clock              0x800'3b4d    0xbe  Code  Gb  usart_cfg.o [1]
USART_DeviceID           0x800'3a7d    0x20  Code  Gb  usart_cfg.o [1]
USART_DeviceInit         0x800'3c19    0x18  Code  Gb  usart_cfg.o [1]
USART_GPIOInit           0x800'312b    0x2e  Code  Gb  usart_cfg.o [1]
USART_GetReadState       0x800'3a01     0x6  Code  Gb  usart_cfg.o [1]
USART_ITRead_16BitsTask
                         0x800'33e9   0x138  Code  Gb  usart_cfg.o [1]
USART_ITRead_16BitsTask::tempVal
                        0x2000'48df     0x1  Data  Lc  usart_cfg.o [1]
USART_ITRead_8BitsTask   0x800'32f7    0xf2  Code  Gb  usart_cfg.o [1]
USART_ITRead_8BitsTask::tempVal
                        0x2000'48de     0x1  Data  Lc  usart_cfg.o [1]
USART_ITRead_Task        0x800'353d    0x26  Code  Gb  usart_cfg.o [1]
USART_ITWrite_TCTask     0x800'3609    0x4c  Code  Gb  usart_cfg.o [1]
USART_ITWrite_TXETask    0x800'358d    0x7c  Code  Gb  usart_cfg.o [1]
USART_Init               0x800'30b5    0x76  Code  Gb  usart_cfg.o [1]
USART_PollMode_WriteByte
                         0x800'3563    0x2a  Code  Gb  usart_cfg.o [1]
USART_Printf             0x800'3a9d    0xb0  Code  Gb  usart_cfg.o [1]
USART_ReadInit           0x800'3a07    0x3c  Code  Gb  usart_cfg.o [1]
USART_RealTime_AddByte   0x800'3655    0x4e  Code  Gb  usart_cfg.o [1]
USART_RealTime_AddByteCRC
                         0x800'3737    0xd4  Code  Gb  usart_cfg.o [1]
USART_RealTime_AddByteSize
                         0x800'36a3    0x94  Code  Gb  usart_cfg.o [1]
USART_StructInit         0x800'2fef    0xc6  Code  Gb  usart_cfg.o [1]
USART_TimeOVFTask        0x800'3255    0xa2  Code  Gb  usart_cfg.o [1]
USART_TimeTick_Init      0x800'3183    0x2e  Code  Gb  usart_cfg.o [1]
USART_TimeTick_OVF       0x800'31b1    0xa4  Code  Gb  usart_cfg.o [1]
USART_WriteInit          0x800'3a43    0x3a  Code  Gb  usart_cfg.o [1]
UsageFault_Handler       0x800'bacd     0x2  Code  Gb  stm32f1xx_it.o [1]
WM8510Lib_I2C_CalibrateClock
                         0x800'3e51     0xc  Code  Gb  wm8510_lib.o [1]
WM8510Lib_I2C_Init       0x800'3e1f    0x16  Code  Gb  wm8510_lib.o [1]
WM8510Lib_I2C_Reset      0x800'3e35     0xc  Code  Gb  wm8510_lib.o [1]
WM8510Lib_I2C_SetFreqHzWithAllFreqReg
                         0x800'3e41    0x10  Code  Gb  wm8510_lib.o [1]
WM8510Task_I2C_CalibrateClock
                         0x800'2177     0xc  Code  Gb  wm8510_task.o [1]
WM8510Task_I2C_Init      0x800'2145    0x16  Code  Gb  wm8510_task.o [1]
WM8510Task_I2C_Reset     0x800'215b     0xc  Code  Gb  wm8510_task.o [1]
WM8510Task_I2C_SetFreqHzWithAllFreqReg
                         0x800'2167    0x10  Code  Gb  wm8510_task.o [1]
WM8510_Calc_FreqAdd      0x800'4711     0x6  Code  Gb  wm8510_cfg.o [1]
WM8510_Calc_PllRate      0x800'4717   0x2dc  Code  Gb  wm8510_cfg.o [1]
WM8510_HWI2C_WriteReg    0x800'46e5     0x6  Code  Gb  wm8510_cfg.o [1]
WM8510_I2C_CalibrateClock
                         0x800'4b79    0x76  Code  Gb  wm8510_cfg.o [1]
WM8510_I2C_Device0_Init
                         0x800'4587    0x38  Code  Gb  wm8510_cfg.o [1]
WM8510_I2C_Device1_Init
                         0x800'45bf     0x6  Code  Gb  wm8510_cfg.o [1]
WM8510_I2C_Device2_Init
                         0x800'45c5     0x6  Code  Gb  wm8510_cfg.o [1]
WM8510_I2C_Init          0x800'45cb    0x76  Code  Gb  wm8510_cfg.o [1]
WM8510_I2C_Reset         0x800'49f3    0xf6  Code  Gb  wm8510_cfg.o [1]
WM8510_I2C_START         0x800'4641    0x30  Code  Gb  wm8510_cfg.o [1]
WM8510_I2C_SendCMD       0x800'46eb    0x26  Code  Gb  wm8510_cfg.o [1]
WM8510_I2C_SetFreqHzWithAllFreqReg
                         0x800'4ae9    0x90  Code  Gb  wm8510_cfg.o [1]
WM8510_I2C_StructInit    0x800'44f9    0x8e  Code  Gb  wm8510_cfg.o [1]
WM8510_SWI2C_WriteReg    0x800'4671    0x74  Code  Gb  wm8510_cfg.o [1]
WWDG_IRQHandler          0x800'badd     0xa  Code  Gb  stm32f1xx_it.o [1]
_Encoding_8859_1_Mbrlen
                         0x800'26d5     0x2  Code  Gb  xencoding_8859_1.o [2]
_Encoding_8859_1_Wctomb
                         0x800'26c3    0x12  Code  Gb  xencoding_8859_1.o [2]
_Error_Handler           0x800'9ce5     0x2  Code  Gb  stm32_cfg.o [1]
_GenldFull               0x800'8441   0x274  Code  Lc  xprintffull.o [2]
_LdtobFull               0x800'803d   0x3d6  Code  Lc  xprintffull.o [2]
_LitobFull               0x800'7eed   0x10a  Code  Lc  xprintffull.o [2]
_Locale_lconv           0x2000'0038    0x38  Data  Lc  xlocale_c.o [2]
_PrintfFull              0x800'7821   0x1aa  Code  Gb  xprintffull.o [2]
_PutcharsFull            0x800'86b5    0x2e  Code  Lc  xprintffull.o [2]
_PutfldFull              0x800'7a5d   0x2d4  Code  Lc  xprintffull.o [2]
_PutstrFull              0x800'7e27    0xc6  Code  Lc  xprintffull.o [2]
_PuttxtFull              0x800'7d31    0xf6  Code  Lc  xprintffull.o [2]
_SNProut                 0x800'404b    0x1a  Code  Gb  xsnprout.o [2]
__aeabi_cdcmple          0x800'a2e1          Code  Gb  DblCmpLe.o [3]
__aeabi_cdrcmple         0x800'a311          Code  Gb  DblCmpGe.o [3]
__aeabi_d2f              0x800'9789          Code  Gb  DblToFlt.o [3]
__aeabi_d2iz             0x800'a47d          Code  Gb  DblToS32.o [3]
__aeabi_d2uiz            0x800'a5c1          Code  Gb  DblToU32.o [3]
__aeabi_dadd             0x800'a791          Code  Gb  DblAdd.o [3]
__aeabi_ddiv             0x800'9541          Code  Gb  DblDiv.o [3]
__aeabi_dmul             0x800'a0cd          Code  Gb  DblMul.o [3]
__aeabi_dsub             0x800'a4dd          Code  Gb  DblSub.o [3]
__aeabi_f2d              0x800'94f9          Code  Gb  FltToDbl.o [3]
__aeabi_f2iz             0x800'8d89          Code  Gb  FltToS32.o [3]
__aeabi_f2uiz            0x800'8f0d          Code  Gb  FltToU32.o [3]
__aeabi_fdiv             0x800'8c8d          Code  Gb  FltDiv.o [3]
__aeabi_fmul             0x800'8e35          Code  Gb  FltMul.o [3]
__aeabi_fsub             0x800'8db5          Code  Gb  FltSub.o [3]
__aeabi_i2d              0x800'a4b9          Code  Gb  S32ToDbl.o [3]
__aeabi_ldiv0            0x800'3fe9          Code  Gb  I64DivZer.o [4]
__aeabi_memclr4          0x800'4065          Code  Gb  ABImemclr4.o [4]
__aeabi_memcpy           0x800'a025          Code  Gb  ABImemcpy.o [4]
__aeabi_memcpy4          0x800'a045          Code  Gb  ABImemcpy.o [4]
__aeabi_memcpy8          0x800'a045          Code  Gb  ABImemcpy.o [4]
__aeabi_memset           0x800'3db9          Code  Gb  ABImemset.o [4]
__aeabi_ui2d             0x800'a5e9          Code  Gb  U32ToDbl.o [3]
__aeabi_ui2f             0x800'8c71          Code  Gb  U32ToFlt.o [3]
__aeabi_uldivmod         0x800'2439          Code  Gb  I64DivMod.o [4]
__cmain                  0x800'c02d          Code  Gb  cmain.o [4]
__exit                   0x800'ade9    0x14  Code  Gb  exit.o [5]
__iar_Fail_s             0x800'9f49    0x1c  Code  Gb  xfail_s.o [2]
__iar_Mbcurmax           0x800'a019     0xa  Code  Gb  xmbcurmax.o [2]
__iar_Memchr             0x800'9fc1          Code  Gb  memchr.o [4]
__iar_Memset             0x800'3db9          Code  Gb  ABImemset.o [4]
__iar_Memset4_word       0x800'771d          Code  Gb  ABImemset48.o [4]
__iar_Memset8_word       0x800'771d          Code  Gb  ABImemset48.o [4]
__iar_Memset_word        0x800'3dc1          Code  Gb  ABImemset.o [4]
__iar_Strchr             0x800'9f31          Code  Gb  strchr.o [4]
__iar_dadd               0x800'a4ed          Code  Gb  DblSub.o [3]
__iar_data_init3         0x800'bf85    0x28  Code  Gb  data_init.o [4]
__iar_dsub               0x800'a7a1          Code  Gb  DblAdd.o [3]
__iar_dsubStart          0x800'a7b3          Code  Gb  DblAdd.o [3]
__iar_fadd               0x800'8dc1          Code  Gb  FltSub.o [3]
__iar_frexp              0x800'a27d          Code  Gb  frexp.o [3]
__iar_frexp64            0x800'a271          Code  Gb  frexp.o [3]
__iar_frexpl             0x800'a27d          Code  Gb  frexp.o [3]
__iar_fsub               0x800'a675          Code  Gb  FltAdd.o [3]
__iar_fsubStart          0x800'a685          Code  Gb  FltAdd.o [3]
__iar_globLocale        0x2000'0070    0x48  Data  Lc  xlocale_c.o [2]
__iar_global_Locale      0x800'9eb9     0x4  Code  Gb  xlocale_c.o [2]
__iar_ldexp64            0x800'a341          Code  Gb  ldexp.o [3]
__iar_lz77_init_single3
                         0x800'2183    0x7a  Code  Gb  lz77_init_single.o [4]
__iar_program_start      0x800'c0d9          Code  Gb  cstartup_M.o [4]
__iar_scalbln64          0x800'a341          Code  Gb  ldexp.o [3]
__iar_scalbn64           0x800'a341          Code  Gb  ldexp.o [3]
__iar_zero_init3         0x800'2323    0x3a  Code  Gb  zero_init3.o [4]
__low_level_init         0x800'c04b     0x4  Code  Gb  low_level_init.o [2]
__vector_table           0x800'0000          Data  Gb  startup_stm32f103xg.o [1]
_call_main               0x800'c039          Code  Gb  cmain.o [4]
_exit                    0x800'c055          Code  Gb  cexit.o [4]
_gLocale_mblen           0x800'9f1d     0x4  Code  Gb  xlocale_c.o [2]
_gLocale_mblenInt        0x800'9ee1    0x2c  Code  Gb  xlocale_c.o [2]
_gLocale_wctomb          0x800'9f21     0x4  Code  Gb  xlocale_c.o [2]
_gLocale_wctombInt       0x800'9f19     0x4  Code  Gb  xlocale_c.o [2]
_irq_disable             0x800'9ce1     0x4  Code  Gb  stm32_cfg.o [1]
_main                    0x800'c047          Code  Gb  cmain.o [4]
abort                    0x800'a941     0x6  Code  Gb  abort.o [2]
crc16Table               0x800'b81c   0x200  Data  Gb  crc_cfg.o [1]
crc8Table07              0x800'bcd4   0x100  Data  Gb  crc_cfg.o [1]
crc8Table31              0x800'bdd4   0x100  Data  Gb  crc_cfg.o [1]
exit                     0x800'c04f     0x4  Code  Gb  exit.o [2]
frexp                    0x800'a271          Code  Gb  frexp.o [3]
frexpl                   0x800'a271          Code  Gb  frexp.o [3]
g_ABChannelADC          0x2000'4720    0x50  Data  Gb  adc_cfg.o [1]
g_CDChannelADC          0x2000'4770    0x50  Data  Gb  adc_cfg.o [1]
g_CRCIsEnable           0x2000'00b8     0x1  Data  Gb  crc_cfg.o [1]
g_CalcFreq              0x2000'4894    0x10  Data  Gb  timer_cfg.o [1]
g_DecodeActivateSite    0x2000'48c4     0x4  Data  Gb  decode_cfg.o [1]
g_DecodeBitIndex        0x2000'48a4     0x8  Data  Gb  decode_cfg.o [1]
g_DecodeByteNewVal      0x2000'4864    0x10  Data  Gb  decode_cfg.o [1]
g_DecodeByteOldVal      0x2000'4874    0x10  Data  Gb  decode_cfg.o [1]
g_DecodeFallCount       0x2000'4834    0x10  Data  Gb  decode_cfg.o [1]
g_DecodeFrameCount      0x2000'48cc     0x4  Data  Gb  decode_cfg.o [1]
g_DecodeHighPulseWidth  0x2000'4804    0x10  Data  Gb  decode_cfg.o [1]
g_DecodeICPCount        0x2000'47f4    0x10  Data  Gb  decode_cfg.o [1]
g_DecodeICPEvent        0x2000'48c0     0x4  Data  Gb  decode_cfg.o [1]
g_DecodeICPMode         0x2000'48b4     0x4  Data  Gb  decode_cfg.o [1]
g_DecodeLowPulseWidth   0x2000'4814    0x10  Data  Gb  decode_cfg.o [1]
g_DecodeNewStep         0x2000'48b8     0x4  Data  Gb  decode_cfg.o [1]
g_DecodeOldStep         0x2000'48bc     0x4  Data  Gb  decode_cfg.o [1]
g_DecodePulseIndex      0x2000'48ac     0x8  Data  Gb  decode_cfg.o [1]
g_DecodePulseTick       0x2000'4854    0x10  Data  Gb  decode_cfg.o [1]
g_DecodeRiseCount       0x2000'4824    0x10  Data  Gb  decode_cfg.o [1]
g_DecodeTickCount       0x2000'4844    0x10  Data  Gb  decode_cfg.o [1]
g_DecodeWaveMode        0x2000'48c8     0x4  Data  Gb  decode_cfg.o [1]
g_EepromVal             0x2000'28bc   0x800  Data  Gb  eeprom_cfg.o [1]
g_HardFaultErrMsg       0x2000'47c0    0x20  Data  Gb  stm32_cfg.o [1]
g_MemMap                0x2000'42d4   0x280  Data  Gb  my_malloc.o [1]
g_MemPool               0x2000'00bc  0x2800  Data  Gb  my_malloc.o [1]
g_MemTableSize           0x800'c144     0x4  Data  Gb  my_malloc.o [1]
g_MemTotalSize           0x800'c148     0x4  Data  Gb  my_malloc.o [1]
g_MonthDaysTab           0x800'c090    0x10  Data  Gb  rtc_cfg.o [1]
g_MyaMallcoDev          0x2000'0008    0x14  Data  Gb  my_malloc.o [1]
g_RFASK                 0x2000'4554   0x114  Data  Gb  rfask_cfg.o [1]
g_SysSoftRTC            0x2000'4884    0x10  Data  Gb  rtc_cfg.o [1]
g_SysTick               0x2000'47e0    0x14  Data  Gb  systick_cfg.o [1]
g_USART1                0x2000'4668    0x60  Data  Gb  usart_cfg.o [1]
g_WM8510Device0         0x2000'46c8    0x58  Data  Gb  wm8510_cfg.o [1]
ldexp                    0x800'a341          Code  Gb  ldexp.o [3]
ldexpl                   0x800'a341          Code  Gb  ldexp.o [3]
localeconv               0x800'9f25     0x4  Code  Gb  xlocale_c.o [2]
main                     0x800'b163    0x64  Code  Gb  main.o [1]
memchr                   0x800'9fc1          Code  Gb  memchr.o [4]
pABChannelADC           0x2000'0000     0x4  Data  Gb  adc_cfg.o [1]
pCDChannelADC           0x2000'0004     0x4  Data  Gb  adc_cfg.o [1]
pCalcFreq               0x2000'002c     0x4  Data  Gb  timer_cfg.o [1]
pRFASK                  0x2000'001c     0x4  Data  Gb  rfask_cfg.o [1]
pSysSoftRTC             0x2000'0020     0x4  Data  Gb  rtc_cfg.o [1]
pSysTick                0x2000'0028     0x4  Data  Gb  systick_cfg.o [1]
pUSART1                 0x2000'0030     0x4  Data  Gb  usart_cfg.o [1]
pWM8510Device0          0x2000'0034     0x4  Data  Gb  wm8510_cfg.o [1]
printfBuffer            0x2000'3ed4   0x400  Data  Gb  usart_cfg.o [1]
scalbln                  0x800'a341          Code  Gb  ldexp.o [3]
scalblnl                 0x800'a341          Code  Gb  ldexp.o [3]
scalbn                   0x800'a341          Code  Gb  ldexp.o [3]
scalbnl                  0x800'a341          Code  Gb  ldexp.o [3]
scale                    0x800'7ff7    0x46  Code  Lc  xprintffull.o [2]
sec_hand                0x2000'48d8     0x4  Data  Lc  xfail_s.o [2]
strchr                   0x800'9f31          Code  Gb  strchr.o [4]
strlen                   0x800'9f89          Code  Gb  strlen.o [4]
uwTick                  0x2000'48d4     0x4  Data  Gb  stm32f1xx_hal.o [1]
uwTickFreq              0x2000'00b9     0x1  Data  Gb  stm32f1xx_hal.o [1]
vsnprintf                0x800'4255    0x3c  Code  Gb  vsnprint.o [2]


[1] = J:\STM32_MCU\STM32F103\STM32F103VGT6Project\STM32F103VGT6Project\EWARM\STM32F103VGT6Project\Obj
[2] = dl7M_tlf.a
[3] = m7M_tl.a
[4] = rt7M_tl.a
[5] = shb_l.a

  48 266 bytes of readonly  code memory
   1 532 bytes of readonly  data memory
  22 750 bytes of readwrite data memory

Errors: none
Warnings: none
