###############################################################################
#
# IAR ELF Linker V8.32.1.169/W32 for ARM                  04/May/2019  14:57:54
# Copyright 2007-2018 IAR Systems AB.
#
#    Output file  =  
#        J:\STM32_MCU\STM32F103\STM32F103VGT6Project\STM32F103VGT6Project\EWARM\STM32F103VGT6Project\Exe\STM32F103VGT6Project.out
#    Map file     =  
#        J:\STM32_MCU\STM32F103\STM32F103VGT6Project\STM32F103VGT6Project\EWARM\STM32F103VGT6Project\List\STM32F103VGT6Project.map
#    Command line =  
#        -f C:\Users\Harry\AppData\Local\Temp\EWFB07.tmp
#        (J:\STM32_MCU\STM32F103\STM32F103VGT6Project\STM32F103VGT6Project\EWARM\STM32F103VGT6Project\Obj\ad5593_cfg.o
#        J:\STM32_MCU\STM32F103\STM32F103VGT6Project\STM32F103VGT6Project\EWARM\STM32F103VGT6Project\Obj\ad5593_lib.o
#        J:\STM32_MCU\STM32F103\STM32F103VGT6Project\STM32F103VGT6Project\EWARM\STM32F103VGT6Project\Obj\ad5593_task.o
#        J:\STM32_MCU\STM32F103\STM32F103VGT6Project\STM32F103VGT6Project\EWARM\STM32F103VGT6Project\Obj\adc_cfg.o
#        J:\STM32_MCU\STM32F103\STM32F103VGT6Project\STM32F103VGT6Project\EWARM\STM32F103VGT6Project\Obj\adc_lib.o
#        J:\STM32_MCU\STM32F103\STM32F103VGT6Project\STM32F103VGT6Project\EWARM\STM32F103VGT6Project\Obj\adc_task.o
#        J:\STM32_MCU\STM32F103\STM32F103VGT6Project\STM32F103VGT6Project\EWARM\STM32F103VGT6Project\Obj\ads1256_cfg.o
#        J:\STM32_MCU\STM32F103\STM32F103VGT6Project\STM32F103VGT6Project\EWARM\STM32F103VGT6Project\Obj\ads1256_lib.o
#        J:\STM32_MCU\STM32F103\STM32F103VGT6Project\STM32F103VGT6Project\EWARM\STM32F103VGT6Project\Obj\ads1256_task.o
#        J:\STM32_MCU\STM32F103\STM32F103VGT6Project\STM32F103VGT6Project\EWARM\STM32F103VGT6Project\Obj\ads8688_cfg.o
#        J:\STM32_MCU\STM32F103\STM32F103VGT6Project\STM32F103VGT6Project\EWARM\STM32F103VGT6Project\Obj\ads8688_lib.o
#        J:\STM32_MCU\STM32F103\STM32F103VGT6Project\STM32F103VGT6Project\EWARM\STM32F103VGT6Project\Obj\ads8688_task.o
#        J:\STM32_MCU\STM32F103\STM32F103VGT6Project\STM32F103VGT6Project\EWARM\STM32F103VGT6Project\Obj\at24cxx_cfg.o
#        J:\STM32_MCU\STM32F103\STM32F103VGT6Project\STM32F103VGT6Project\EWARM\STM32F103VGT6Project\Obj\at24cxx_lib.o
#        J:\STM32_MCU\STM32F103\STM32F103VGT6Project\STM32F103VGT6Project\EWARM\STM32F103VGT6Project\Obj\at24cxx_task.o
#        J:\STM32_MCU\STM32F103\STM32F103VGT6Project\STM32F103VGT6Project\EWARM\STM32F103VGT6Project\Obj\bkp_cfg.o
#        J:\STM32_MCU\STM32F103\STM32F103VGT6Project\STM32F103VGT6Project\EWARM\STM32F103VGT6Project\Obj\bkp_lib.o
#        J:\STM32_MCU\STM32F103\STM32F103VGT6Project\STM32F103VGT6Project\EWARM\STM32F103VGT6Project\Obj\bkp_task.o
#        J:\STM32_MCU\STM32F103\STM32F103VGT6Project\STM32F103VGT6Project\EWARM\STM32F103VGT6Project\Obj\complier_cfg.o
#        J:\STM32_MCU\STM32F103\STM32F103VGT6Project\STM32F103VGT6Project\EWARM\STM32F103VGT6Project\Obj\complier_lib.o
#        J:\STM32_MCU\STM32F103\STM32F103VGT6Project\STM32F103VGT6Project\EWARM\STM32F103VGT6Project\Obj\crc_cfg.o
#        J:\STM32_MCU\STM32F103\STM32F103VGT6Project\STM32F103VGT6Project\EWARM\STM32F103VGT6Project\Obj\crc_lib.o
#        J:\STM32_MCU\STM32F103\STM32F103VGT6Project\STM32F103VGT6Project\EWARM\STM32F103VGT6Project\Obj\crc_task.o
#        J:\STM32_MCU\STM32F103\STM32F103VGT6Project\STM32F103VGT6Project\EWARM\STM32F103VGT6Project\Obj\css_cfg.o
#        J:\STM32_MCU\STM32F103\STM32F103VGT6Project\STM32F103VGT6Project\EWARM\STM32F103VGT6Project\Obj\css_lib.o
#        J:\STM32_MCU\STM32F103\STM32F103VGT6Project\STM32F103VGT6Project\EWARM\STM32F103VGT6Project\Obj\css_task.o
#        J:\STM32_MCU\STM32F103\STM32F103VGT6Project\STM32F103VGT6Project\EWARM\STM32F103VGT6Project\Obj\decode_cfg.o
#        J:\STM32_MCU\STM32F103\STM32F103VGT6Project\STM32F103VGT6Project\EWARM\STM32F103VGT6Project\Obj\decode_lib.o
#        J:\STM32_MCU\STM32F103\STM32F103VGT6Project\STM32F103VGT6Project\EWARM\STM32F103VGT6Project\Obj\decode_task.o
#        J:\STM32_MCU\STM32F103\STM32F103VGT6Project\STM32F103VGT6Project\EWARM\STM32F103VGT6Project\Obj\delay_cfg.o
#        J:\STM32_MCU\STM32F103\STM32F103VGT6Project\STM32F103VGT6Project\EWARM\STM32F103VGT6Project\Obj\delay_lib.o
#        J:\STM32_MCU\STM32F103\STM32F103VGT6Project\STM32F103VGT6Project\EWARM\STM32F103VGT6Project\Obj\delay_task.o
#        J:\STM32_MCU\STM32F103\STM32F103VGT6Project\STM32F103VGT6Project\EWARM\STM32F103VGT6Project\Obj\dht11_cfg.o
#        J:\STM32_MCU\STM32F103\STM32F103VGT6Project\STM32F103VGT6Project\EWARM\STM32F103VGT6Project\Obj\dht11_lib.o
#        J:\STM32_MCU\STM32F103\STM32F103VGT6Project\STM32F103VGT6Project\EWARM\STM32F103VGT6Project\Obj\dht11_task.o
#        J:\STM32_MCU\STM32F103\STM32F103VGT6Project\STM32F103VGT6Project\EWARM\STM32F103VGT6Project\Obj\ds1302_cfg.o
#        J:\STM32_MCU\STM32F103\STM32F103VGT6Project\STM32F103VGT6Project\EWARM\STM32F103VGT6Project\Obj\ds1302_lib.o
#        J:\STM32_MCU\STM32F103\STM32F103VGT6Project\STM32F103VGT6Project\EWARM\STM32F103VGT6Project\Obj\ds1302_task.o
#        J:\STM32_MCU\STM32F103\STM32F103VGT6Project\STM32F103VGT6Project\EWARM\STM32F103VGT6Project\Obj\ds18b20_cfg.o
#        J:\STM32_MCU\STM32F103\STM32F103VGT6Project\STM32F103VGT6Project\EWARM\STM32F103VGT6Project\Obj\ds18b20_lib.o
#        J:\STM32_MCU\STM32F103\STM32F103VGT6Project\STM32F103VGT6Project\EWARM\STM32F103VGT6Project\Obj\ds18b20_task.o
#        J:\STM32_MCU\STM32F103\STM32F103VGT6Project\STM32F103VGT6Project\EWARM\STM32F103VGT6Project\Obj\eeprom_cfg.o
#        J:\STM32_MCU\STM32F103\STM32F103VGT6Project\STM32F103VGT6Project\EWARM\STM32F103VGT6Project\Obj\eeprom_lib.o
#        J:\STM32_MCU\STM32F103\STM32F103VGT6Project\STM32F103VGT6Project\EWARM\STM32F103VGT6Project\Obj\eeprom_task.o
#        J:\STM32_MCU\STM32F103\STM32F103VGT6Project\STM32F103VGT6Project\EWARM\STM32F103VGT6Project\Obj\enc28j60_cfg.o
#        J:\STM32_MCU\STM32F103\STM32F103VGT6Project\STM32F103VGT6Project\EWARM\STM32F103VGT6Project\Obj\enc28j60_lib.o
#        J:\STM32_MCU\STM32F103\STM32F103VGT6Project\STM32F103VGT6Project\EWARM\STM32F103VGT6Project\Obj\enc28j60_task.o
#        J:\STM32_MCU\STM32F103\STM32F103VGT6Project\STM32F103VGT6Project\EWARM\STM32F103VGT6Project\Obj\encode_cfg.o
#        J:\STM32_MCU\STM32F103\STM32F103VGT6Project\STM32F103VGT6Project\EWARM\STM32F103VGT6Project\Obj\encode_lib.o
#        J:\STM32_MCU\STM32F103\STM32F103VGT6Project\STM32F103VGT6Project\EWARM\STM32F103VGT6Project\Obj\encode_task.o
#        J:\STM32_MCU\STM32F103\STM32F103VGT6Project\STM32F103VGT6Project\EWARM\STM32F103VGT6Project\Obj\flash_cfg.o
#        J:\STM32_MCU\STM32F103\STM32F103VGT6Project\STM32F103VGT6Project\EWARM\STM32F103VGT6Project\Obj\flash_lib.o
#        J:\STM32_MCU\STM32F103\STM32F103VGT6Project\STM32F103VGT6Project\EWARM\STM32F103VGT6Project\Obj\flash_task.o
#        J:\STM32_MCU\STM32F103\STM32F103VGT6Project\STM32F103VGT6Project\EWARM\STM32F103VGT6Project\Obj\gpio_cfg.o
#        J:\STM32_MCU\STM32F103\STM32F103VGT6Project\STM32F103VGT6Project\EWARM\STM32F103VGT6Project\Obj\gpio_lib.o
#        J:\STM32_MCU\STM32F103\STM32F103VGT6Project\STM32F103VGT6Project\EWARM\STM32F103VGT6Project\Obj\gpio_task.o
#        J:\STM32_MCU\STM32F103\STM32F103VGT6Project\STM32F103VGT6Project\EWARM\STM32F103VGT6Project\Obj\hmc472_cfg.o
#        J:\STM32_MCU\STM32F103\STM32F103VGT6Project\STM32F103VGT6Project\EWARM\STM32F103VGT6Project\Obj\hmc472_lib.o
#        J:\STM32_MCU\STM32F103\STM32F103VGT6Project\STM32F103VGT6Project\EWARM\STM32F103VGT6Project\Obj\hmc472_task.o
#        J:\STM32_MCU\STM32F103\STM32F103VGT6Project\STM32F103VGT6Project\EWARM\STM32F103VGT6Project\Obj\hmc830_cfg.o
#        J:\STM32_MCU\STM32F103\STM32F103VGT6Project\STM32F103VGT6Project\EWARM\STM32F103VGT6Project\Obj\hmc830_lib.o
#        J:\STM32_MCU\STM32F103\STM32F103VGT6Project\STM32F103VGT6Project\EWARM\STM32F103VGT6Project\Obj\hmc830_task.o
#        J:\STM32_MCU\STM32F103\STM32F103VGT6Project\STM32F103VGT6Project\EWARM\STM32F103VGT6Project\Obj\i2c_cfg.o
#        J:\STM32_MCU\STM32F103\STM32F103VGT6Project\STM32F103VGT6Project\EWARM\STM32F103VGT6Project\Obj\i2c_lib.o
#        J:\STM32_MCU\STM32F103\STM32F103VGT6Project\STM32F103VGT6Project\EWARM\STM32F103VGT6Project\Obj\i2c_task.o
#        J:\STM32_MCU\STM32F103\STM32F103VGT6Project\STM32F103VGT6Project\EWARM\STM32F103VGT6Project\Obj\iap_cfg.o
#        J:\STM32_MCU\STM32F103\STM32F103VGT6Project\STM32F103VGT6Project\EWARM\STM32F103VGT6Project\Obj\iap_lib.o
#        J:\STM32_MCU\STM32F103\STM32F103VGT6Project\STM32F103VGT6Project\EWARM\STM32F103VGT6Project\Obj\iap_task.o
#        J:\STM32_MCU\STM32F103\STM32F103VGT6Project\STM32F103VGT6Project\EWARM\STM32F103VGT6Project\Obj\isp_cfg.o
#        J:\STM32_MCU\STM32F103\STM32F103VGT6Project\STM32F103VGT6Project\EWARM\STM32F103VGT6Project\Obj\isp_lib.o
#        J:\STM32_MCU\STM32F103\STM32F103VGT6Project\STM32F103VGT6Project\EWARM\STM32F103VGT6Project\Obj\isp_task.o
#        J:\STM32_MCU\STM32F103\STM32F103VGT6Project\STM32F103VGT6Project\EWARM\STM32F103VGT6Project\Obj\iwdg_cfg.o
#        J:\STM32_MCU\STM32F103\STM32F103VGT6Project\STM32F103VGT6Project\EWARM\STM32F103VGT6Project\Obj\iwdg_lib.o
#        J:\STM32_MCU\STM32F103\STM32F103VGT6Project\STM32F103VGT6Project\EWARM\STM32F103VGT6Project\Obj\iwdg_task.o
#        J:\STM32_MCU\STM32F103\STM32F103VGT6Project\STM32F103VGT6Project\EWARM\STM32F103VGT6Project\Obj\key_cfg.o
#        J:\STM32_MCU\STM32F103\STM32F103VGT6Project\STM32F103VGT6Project\EWARM\STM32F103VGT6Project\Obj\key_lib.o
#        J:\STM32_MCU\STM32F103\STM32F103VGT6Project\STM32F103VGT6Project\EWARM\STM32F103VGT6Project\Obj\key_task.o
#        J:\STM32_MCU\STM32F103\STM32F103VGT6Project\STM32F103VGT6Project\EWARM\STM32F103VGT6Project\Obj\lcd1602_cfg.o
#        J:\STM32_MCU\STM32F103\STM32F103VGT6Project\STM32F103VGT6Project\EWARM\STM32F103VGT6Project\Obj\lcd1602_lib.o
#        J:\STM32_MCU\STM32F103\STM32F103VGT6Project\STM32F103VGT6Project\EWARM\STM32F103VGT6Project\Obj\lcd1602_task.o
#        J:\STM32_MCU\STM32F103\STM32F103VGT6Project\STM32F103VGT6Project\EWARM\STM32F103VGT6Project\Obj\led_cfg.o
#        J:\STM32_MCU\STM32F103\STM32F103VGT6Project\STM32F103VGT6Project\EWARM\STM32F103VGT6Project\Obj\led_lib.o
#        J:\STM32_MCU\STM32F103\STM32F103VGT6Project\STM32F103VGT6Project\EWARM\STM32F103VGT6Project\Obj\led_task.o
#        J:\STM32_MCU\STM32F103\STM32F103VGT6Project\STM32F103VGT6Project\EWARM\STM32F103VGT6Project\Obj\main.o
#        J:\STM32_MCU\STM32F103\STM32F103VGT6Project\STM32F103VGT6Project\EWARM\STM32F103VGT6Project\Obj\my_malloc.o
#        J:\STM32_MCU\STM32F103\STM32F103VGT6Project\STM32F103VGT6Project\EWARM\STM32F103VGT6Project\Obj\nrf2401_cfg.o
#        J:\STM32_MCU\STM32F103\STM32F103VGT6Project\STM32F103VGT6Project\EWARM\STM32F103VGT6Project\Obj\nrf2401_lib.o
#        J:\STM32_MCU\STM32F103\STM32F103VGT6Project\STM32F103VGT6Project\EWARM\STM32F103VGT6Project\Obj\nrf2401_task.o
#        J:\STM32_MCU\STM32F103\STM32F103VGT6Project\STM32F103VGT6Project\EWARM\STM32F103VGT6Project\Obj\oled_cfg.o
#        J:\STM32_MCU\STM32F103\STM32F103VGT6Project\STM32F103VGT6Project\EWARM\STM32F103VGT6Project\Obj\oled_lib.o
#        J:\STM32_MCU\STM32F103\STM32F103VGT6Project\STM32F103VGT6Project\EWARM\STM32F103VGT6Project\Obj\oled_task.o
#        J:\STM32_MCU\STM32F103\STM32F103VGT6Project\STM32F103VGT6Project\EWARM\STM32F103VGT6Project\Obj\one_wire_cfg.o
#        J:\STM32_MCU\STM32F103\STM32F103VGT6Project\STM32F103VGT6Project\EWARM\STM32F103VGT6Project\Obj\one_wire_lib.o
#        J:\STM32_MCU\STM32F103\STM32F103VGT6Project\STM32F103VGT6Project\EWARM\STM32F103VGT6Project\Obj\one_wire_task.o
#        J:\STM32_MCU\STM32F103\STM32F103VGT6Project\STM32F103VGT6Project\EWARM\STM32F103VGT6Project\Obj\pcf8563_cfg.o
#        J:\STM32_MCU\STM32F103\STM32F103VGT6Project\STM32F103VGT6Project\EWARM\STM32F103VGT6Project\Obj\pcf8563_lib.o
#        J:\STM32_MCU\STM32F103\STM32F103VGT6Project\STM32F103VGT6Project\EWARM\STM32F103VGT6Project\Obj\pcf8563_task.o
#        J:\STM32_MCU\STM32F103\STM32F103VGT6Project\STM32F103VGT6Project\EWARM\STM32F103VGT6Project\Obj\pid_cfg.o
#        J:\STM32_MCU\STM32F103\STM32F103VGT6Project\STM32F103VGT6Project\EWARM\STM32F103VGT6Project\Obj\pid_lib.o
#        J:\STM32_MCU\STM32F103\STM32F103VGT6Project\STM32F103VGT6Project\EWARM\STM32F103VGT6Project\Obj\pid_task.o
#        J:\STM32_MCU\STM32F103\STM32F103VGT6Project\STM32F103VGT6Project\EWARM\STM32F103VGT6Project\Obj\power_cfg.o
#        J:\STM32_MCU\STM32F103\STM32F103VGT6Project\STM32F103VGT6Project\EWARM\STM32F103VGT6Project\Obj\power_lib.o
#        J:\STM32_MCU\STM32F103\STM32F103VGT6Project\STM32F103VGT6Project\EWARM\STM32F103VGT6Project\Obj\power_task.o
#        J:\STM32_MCU\STM32F103\STM32F103VGT6Project\STM32F103VGT6Project\EWARM\STM32F103VGT6Project\Obj\pvd_cfg.o
#        J:\STM32_MCU\STM32F103\STM32F103VGT6Project\STM32F103VGT6Project\EWARM\STM32F103VGT6Project\Obj\pvd_lib.o
#        J:\STM32_MCU\STM32F103\STM32F103VGT6Project\STM32F103VGT6Project\EWARM\STM32F103VGT6Project\Obj\pvd_task.o
#        J:\STM32_MCU\STM32F103\STM32F103VGT6Project\STM32F103VGT6Project\EWARM\STM32F103VGT6Project\Obj\random_cfg.o
#        J:\STM32_MCU\STM32F103\STM32F103VGT6Project\STM32F103VGT6Project\EWARM\STM32F103VGT6Project\Obj\random_lib.o
#        J:\STM32_MCU\STM32F103\STM32F103VGT6Project\STM32F103VGT6Project\EWARM\STM32F103VGT6Project\Obj\random_task.o
#        J:\STM32_MCU\STM32F103\STM32F103VGT6Project\STM32F103VGT6Project\EWARM\STM32F103VGT6Project\Obj\rfask_cfg.o
#        J:\STM32_MCU\STM32F103\STM32F103VGT6Project\STM32F103VGT6Project\EWARM\STM32F103VGT6Project\Obj\rfask_lib.o
#        J:\STM32_MCU\STM32F103\STM32F103VGT6Project\STM32F103VGT6Project\EWARM\STM32F103VGT6Project\Obj\rfask_task.o
#        J:\STM32_MCU\STM32F103\STM32F103VGT6Project\STM32F103VGT6Project\EWARM\STM32F103VGT6Project\Obj\rfaskhw_cfg.o
#        J:\STM32_MCU\STM32F103\STM32F103VGT6Project\STM32F103VGT6Project\EWARM\STM32F103VGT6Project\Obj\rtc_cfg.o
#        J:\STM32_MCU\STM32F103\STM32F103VGT6Project\STM32F103VGT6Project\EWARM\STM32F103VGT6Project\Obj\rtc_lib.o
#        J:\STM32_MCU\STM32F103\STM32F103VGT6Project\STM32F103VGT6Project\EWARM\STM32F103VGT6Project\Obj\rtc_task.o
#        J:\STM32_MCU\STM32F103\STM32F103VGT6Project\STM32F103VGT6Project\EWARM\STM32F103VGT6Project\Obj\sht2x_cfg.o
#        J:\STM32_MCU\STM32F103\STM32F103VGT6Project\STM32F103VGT6Project\EWARM\STM32F103VGT6Project\Obj\sht2x_lib.o
#        J:\STM32_MCU\STM32F103\STM32F103VGT6Project\STM32F103VGT6Project\EWARM\STM32F103VGT6Project\Obj\sht2x_task.o
#        J:\STM32_MCU\STM32F103\STM32F103VGT6Project\STM32F103VGT6Project\EWARM\STM32F103VGT6Project\Obj\spi_cfg.o
#        J:\STM32_MCU\STM32F103\STM32F103VGT6Project\STM32F103VGT6Project\EWARM\STM32F103VGT6Project\Obj\spi_lib.o
#        J:\STM32_MCU\STM32F103\STM32F103VGT6Project\STM32F103VGT6Project\EWARM\STM32F103VGT6Project\Obj\spi_task.o
#        J:\STM32_MCU\STM32F103\STM32F103VGT6Project\STM32F103VGT6Project\EWARM\STM32F103VGT6Project\Obj\startup_stm32f103xg.o
#        J:\STM32_MCU\STM32F103\STM32F103VGT6Project\STM32F103VGT6Project\EWARM\STM32F103VGT6Project\Obj\stm32_cfg.o
#        J:\STM32_MCU\STM32F103\STM32F103VGT6Project\STM32F103VGT6Project\EWARM\STM32F103VGT6Project\Obj\stm32f1xx_hal.o
#        J:\STM32_MCU\STM32F103\STM32F103VGT6Project\STM32F103VGT6Project\EWARM\STM32F103VGT6Project\Obj\stm32f1xx_it.o
#        J:\STM32_MCU\STM32F103\STM32F103VGT6Project\STM32F103VGT6Project\EWARM\STM32F103VGT6Project\Obj\stm32f1xx_ll_adc.o
#        J:\STM32_MCU\STM32F103\STM32F103VGT6Project\STM32F103VGT6Project\EWARM\STM32F103VGT6Project\Obj\stm32f1xx_ll_crc.o
#        J:\STM32_MCU\STM32F103\STM32F103VGT6Project\STM32F103VGT6Project\EWARM\STM32F103VGT6Project\Obj\stm32f1xx_ll_dma.o
#        J:\STM32_MCU\STM32F103\STM32F103VGT6Project\STM32F103VGT6Project\EWARM\STM32F103VGT6Project\Obj\stm32f1xx_ll_exti.o
#        J:\STM32_MCU\STM32F103\STM32F103VGT6Project\STM32F103VGT6Project\EWARM\STM32F103VGT6Project\Obj\stm32f1xx_ll_gpio.o
#        J:\STM32_MCU\STM32F103\STM32F103VGT6Project\STM32F103VGT6Project\EWARM\STM32F103VGT6Project\Obj\stm32f1xx_ll_i2c.o
#        J:\STM32_MCU\STM32F103\STM32F103VGT6Project\STM32F103VGT6Project\EWARM\STM32F103VGT6Project\Obj\stm32f1xx_ll_rcc.o
#        J:\STM32_MCU\STM32F103\STM32F103VGT6Project\STM32F103VGT6Project\EWARM\STM32F103VGT6Project\Obj\stm32f1xx_ll_sdmmc.o
#        J:\STM32_MCU\STM32F103\STM32F103VGT6Project\STM32F103VGT6Project\EWARM\STM32F103VGT6Project\Obj\stm32f1xx_ll_spi.o
#        J:\STM32_MCU\STM32F103\STM32F103VGT6Project\STM32F103VGT6Project\EWARM\STM32F103VGT6Project\Obj\stm32f1xx_ll_tim.o
#        J:\STM32_MCU\STM32F103\STM32F103VGT6Project\STM32F103VGT6Project\EWARM\STM32F103VGT6Project\Obj\stm32f1xx_ll_usart.o
#        J:\STM32_MCU\STM32F103\STM32F103VGT6Project\STM32F103VGT6Project\EWARM\STM32F103VGT6Project\Obj\stm32f1xx_ll_utils.o
#        J:\STM32_MCU\STM32F103\STM32F103VGT6Project\STM32F103VGT6Project\EWARM\STM32F103VGT6Project\Obj\system_stm32f1xx.o
#        J:\STM32_MCU\STM32F103\STM32F103VGT6Project\STM32F103VGT6Project\EWARM\STM32F103VGT6Project\Obj\systick_cfg.o
#        J:\STM32_MCU\STM32F103\STM32F103VGT6Project\STM32F103VGT6Project\EWARM\STM32F103VGT6Project\Obj\systick_lib.o
#        J:\STM32_MCU\STM32F103\STM32F103VGT6Project\STM32F103VGT6Project\EWARM\STM32F103VGT6Project\Obj\systick_task.o
#        J:\STM32_MCU\STM32F103\STM32F103VGT6Project\STM32F103VGT6Project\EWARM\STM32F103VGT6Project\Obj\timer_cfg.o
#        J:\STM32_MCU\STM32F103\STM32F103VGT6Project\STM32F103VGT6Project\EWARM\STM32F103VGT6Project\Obj\timer_lib.o
#        J:\STM32_MCU\STM32F103\STM32F103VGT6Project\STM32F103VGT6Project\EWARM\STM32F103VGT6Project\Obj\timer_task.o
#        J:\STM32_MCU\STM32F103\STM32F103VGT6Project\STM32F103VGT6Project\EWARM\STM32F103VGT6Project\Obj\usart_cfg.o
#        J:\STM32_MCU\STM32F103\STM32F103VGT6Project\STM32F103VGT6Project\EWARM\STM32F103VGT6Project\Obj\usart_dma_cfg.o
#        J:\STM32_MCU\STM32F103\STM32F103VGT6Project\STM32F103VGT6Project\EWARM\STM32F103VGT6Project\Obj\usart_dma_lib.o
#        J:\STM32_MCU\STM32F103\STM32F103VGT6Project\STM32F103VGT6Project\EWARM\STM32F103VGT6Project\Obj\usart_dma_task.o
#        J:\STM32_MCU\STM32F103\STM32F103VGT6Project\STM32F103VGT6Project\EWARM\STM32F103VGT6Project\Obj\usart_lib.o
#        J:\STM32_MCU\STM32F103\STM32F103VGT6Project\STM32F103VGT6Project\EWARM\STM32F103VGT6Project\Obj\usart_task.o
#        J:\STM32_MCU\STM32F103\STM32F103VGT6Project\STM32F103VGT6Project\EWARM\STM32F103VGT6Project\Obj\w25qxx_cfg.o
#        J:\STM32_MCU\STM32F103\STM32F103VGT6Project\STM32F103VGT6Project\EWARM\STM32F103VGT6Project\Obj\w25qxx_lib.o
#        J:\STM32_MCU\STM32F103\STM32F103VGT6Project\STM32F103VGT6Project\EWARM\STM32F103VGT6Project\Obj\w25qxx_task.o
#        J:\STM32_MCU\STM32F103\STM32F103VGT6Project\STM32F103VGT6Project\EWARM\STM32F103VGT6Project\Obj\wm8510_cfg.o
#        J:\STM32_MCU\STM32F103\STM32F103VGT6Project\STM32F103VGT6Project\EWARM\STM32F103VGT6Project\Obj\wm8510_lib.o
#        J:\STM32_MCU\STM32F103\STM32F103VGT6Project\STM32F103VGT6Project\EWARM\STM32F103VGT6Project\Obj\wm8510_task.o
#        J:\STM32_MCU\STM32F103\STM32F103VGT6Project\STM32F103VGT6Project\EWARM\STM32F103VGT6Project\Obj\wwdg_cfg.o
#        J:\STM32_MCU\STM32F103\STM32F103VGT6Project\STM32F103VGT6Project\EWARM\STM32F103VGT6Project\Obj\wwdg_lib.o
#        J:\STM32_MCU\STM32F103\STM32F103VGT6Project\STM32F103VGT6Project\EWARM\STM32F103VGT6Project\Obj\wwdg_task.o
#        --redirect _Printf=_PrintfFull --redirect _Scanf=_ScanfFull
#        --no_out_extension -o
#        J:\STM32_MCU\STM32F103\STM32F103VGT6Project\STM32F103VGT6Project\EWARM\STM32F103VGT6Project\Exe\STM32F103VGT6Project.out
#        --map
#        J:\STM32_MCU\STM32F103\STM32F103VGT6Project\STM32F103VGT6Project\EWARM\STM32F103VGT6Project\List\STM32F103VGT6Project.map
#        --config
#        J:\STM32_MCU\STM32F103\STM32F103VGT6Project\STM32F103VGT6Project\EWARM\stm32f103xg_flash.icf
#        --semihosting --entry __iar_program_start --vfe --text_out locale)
#
###############################################################################

*******************************************************************************
*** RUNTIME MODEL ATTRIBUTES
***

CppFlavor       = *
__SystemLibrary = DLib
__dlib_version  = 6


*******************************************************************************
*** HEAP SELECTION
***

The basic heap was selected because no calls to memory allocation
functions were found in the application outside of system library
functions, and there are calls to deallocation functions in the
application.


*******************************************************************************
*** PLACEMENT SUMMARY
***

"A0":  place at 0x800'0000 { ro section .intvec };
"P1":  place in [from 0x800'0000 to 0x80f'ffff] { ro };
define block CSTACK with size = 4K, alignment = 8 { };
define block HEAP with size = 1K, alignment = 8 { };
"P2":  place in [from 0x2000'0000 to 0x2001'7fff] {
          rw, block CSTACK, block HEAP };
initialize by copy { rw };

  Section            Kind         Address    Size  Object
  -------            ----         -------    ----  ------
"A0":                                       0x130
  .intvec            ro code   0x800'0000   0x130  startup_stm32f103xg.o [1]
                             - 0x800'0130   0x130

"P1":                                      0xc68f
  .text              ro code   0x800'0130  0x20d8  rfask_task.o [1]
  .text              ro code   0x800'2208    0x48  rfask_lib.o [1]
  .text              ro code   0x800'2250    0x4e  wm8510_task.o [1]
  .text              ro code   0x800'229e    0x7a  lz77_init_single.o [4]
  .text              ro code   0x800'2318    0xfc  usart_task.o [1]
  .text              ro code   0x800'2414    0x2a  timer_task.o [1]
  .text              ro code   0x800'243e    0x3a  zero_init3.o [4]
  .text              ro code   0x800'2478    0xdc  adc_task.o [1]
  .text              ro code   0x800'2554   0x230  I64DivMod.o [4]
  .text              ro code   0x800'2784    0x5a  decode_task.o [1]
  .text              ro code   0x800'27de    0x1e  xencoding_8859_1.o [2]
  .text              ro code   0x800'27fc   0x758  rfask_cfg.o [1]
  .text              ro code   0x800'2f54    0x24  delay_task.o [1]
  .text              ro code   0x800'2f78     0x8  iwdg_task.o [1]
  .text              ro code   0x800'2f80   0xf20  usart_cfg.o [1]
  .text              ro code   0x800'3ea0    0x58  key_task.o [1]
  .text              ro code   0x800'3ef8    0x66  ABImemset.o [4]
  .text              ro code   0x800'3f5e    0x4e  wm8510_lib.o [1]
  .text              ro code   0x800'3fac   0x136  usart_lib.o [1]
  .text              ro code   0x800'40e2    0x2a  timer_lib.o [1]
  .text              ro code   0x800'410c    0x2c  adc_lib.o [1]
  .text              ro code   0x800'4138     0x2  I64DivZer.o [4]
  .text              ro code   0x800'413a    0x46  decode_lib.o [1]
  .text              ro code   0x800'4180    0x1a  gpio_task.o [1]
  .text              ro code   0x800'419a    0x1a  xsnprout.o [2]
  .text              ro code   0x800'41b4     0x6  ABImemclr4.o [4]
  .text              ro code   0x800'41bc   0x164  stm32f1xx_ll_gpio.o [1]
  .text              ro code   0x800'4320    0x24  delay_lib.o [1]
  .text              ro code   0x800'4344     0x8  iwdg_lib.o [1]
  .text              ro code   0x800'434c    0x56  crc_task.o [1]
  .text              ro code   0x800'43a4    0x3c  vsnprint.o [2]
  .text              ro code   0x800'43e0   0x210  stm32f1xx_ll_usart.o [1]
  .text              ro code   0x800'45f0    0x58  key_lib.o [1]
  .text              ro code   0x800'4648   0x7c0  wm8510_cfg.o [1]
  .text              ro code   0x800'4e08   0x6b8  timer_cfg.o [1]
  .text              ro code   0x800'54c0   0x832  adc_cfg.o [1]
  .text              ro code   0x800'5cf4  0x1c04  decode_cfg.o [1]
  .text              ro code   0x800'78f8    0x1a  gpio_lib.o [1]
  .text              ro code   0x800'7914    0x32  ABImemset48.o [4]
  .text              ro code   0x800'7948    0x5a  delay_cfg.o [1]
  .text              ro code   0x800'79a4    0x1c  iwdg_cfg.o [1]
  .text              ro code   0x800'79c0    0x56  crc_lib.o [1]
  .text              ro code   0x800'7a18   0xf46  xprintffull.o [2]
  .text              ro code   0x800'8960   0x124  stm32f1xx_ll_rcc.o [1]
  .text              ro code   0x800'8a84   0x398  key_cfg.o [1]
  .text              ro code   0x800'8e1c    0x52  i2c_task.o [1]
  .text              ro code   0x800'8e70    0x1c  U32ToFlt.o [3]
  .text              ro code   0x800'8e8c    0xfc  FltDiv.o [3]
  .text              ro code   0x800'8f88    0x2a  FltToS32.o [3]
  .text              ro code   0x800'8fb4    0x80  FltSub.o [3]
  .text              ro code   0x800'9034    0xd8  FltMul.o [3]
  .text              ro code   0x800'910c    0x22  FltToU32.o [3]
  .text              ro code   0x800'9130   0x194  gpio_cfg.o [1]
  .text              ro code   0x800'92c4   0x3ee  stm32f1xx_ll_tim.o [1]
  .text              ro code   0x800'96b2    0x44  systick_task.o [1]
  .text              ro code   0x800'96f8    0x48  FltToDbl.o [3]
  .text              ro code   0x800'9740   0x246  DblDiv.o [3]
  .text              ro code   0x800'9988    0x68  DblToFlt.o [3]
  .text              ro code   0x800'99f0   0x1ec  stm32f1xx_ll_adc.o [1]
  .text              ro code   0x800'9bdc   0x228  stm32f1xx_ll_dma.o [1]
  .text              ro code   0x800'9e04    0xda  complier_lib.o [1]
  .text              ro code   0x800'9ee0    0x86  stm32_cfg.o [1]
  .text              ro code   0x800'9f68   0x14a  crc_cfg.o [1]
  .text              ro code   0x800'a0b4    0x78  xlocale_c.o [2]
  .text              ro code   0x800'a12c    0x16  strchr.o [4]
  .text              ro code   0x800'a144    0x40  xfail_s.o [2]
  .text              ro code   0x800'a184    0x36  strlen.o [4]
  .text              ro code   0x800'a1bc    0x58  memchr.o [4]
  .text              ro code   0x800'a214     0xa  xmbcurmax.o [2]
  .text              ro code   0x800'a220    0xa6  ABImemcpy.o [4]
  .text              ro code   0x800'a2c8   0x1a2  DblMul.o [3]
  .text              ro code   0x800'a46c    0x70  frexp.o [3]
  .text              ro code   0x800'a4dc    0x2e  DblCmpLe.o [3]
  .text              ro code   0x800'a50c    0x2e  DblCmpGe.o [3]
  .text              ro code   0x800'a53c   0x13a  ldexp.o [3]
  .text              ro code   0x800'a678    0x3a  DblToS32.o [3]
  .text              ro code   0x800'a6b4    0x22  S32ToDbl.o [3]
  .text              ro code   0x800'a6d8    0xe2  DblSub.o [3]
  .text              ro code   0x800'a7bc    0x28  DblToU32.o [3]
  .text              ro code   0x800'a7e4    0x1a  U32ToDbl.o [3]
  .text              ro code   0x800'a7fe    0x72  i2c_lib.o [1]
  .text              ro code   0x800'a870    0xd6  FltAdd.o [3]
  .text              ro code   0x800'a946    0x44  systick_lib.o [1]
  .text              ro code   0x800'a98c   0x17a  DblAdd.o [3]
  .text              ro code   0x800'ab08    0x34  stm32f1xx_ll_crc.o [1]
  .text              ro code   0x800'ab3c     0x6  abort.o [2]
  .text              ro code   0x800'ab44   0x1f4  i2c_cfg.o [1]
  .text              ro code   0x800'ad38   0x2ac  systick_cfg.o [1]
  .text              ro code   0x800'afe4    0x14  exit.o [5]
  .text              ro code   0x800'aff8   0x430  main.o [1]
  .text              ro code   0x800'b428     0xc  stm32f1xx_ll_utils.o [1]
  .text              ro code   0x800'b434    0x74  my_malloc.o [1]
  .text              ro code   0x800'b4a8     0x8  random_task.o [1]
  .text              ro code   0x800'b4b0     0x8  led_task.o [1]
  .text              ro code   0x800'b4b8     0x8  eeprom_task.o [1]
  .text              ro code   0x800'b4c0    0x1a  at24cxx_task.o [1]
  .text              ro code   0x800'b4da     0x8  power_task.o [1]
  .text              ro code   0x800'b4e2    0x44  rtc_task.o [1]
  .text              ro code   0x800'b526     0x8  random_lib.o [1]
  .text              ro code   0x800'b52e     0x8  led_lib.o [1]
  .text              ro code   0x800'b536     0x8  eeprom_lib.o [1]
  .text              ro code   0x800'b53e    0x1a  at24cxx_lib.o [1]
  .text              ro code   0x800'b558     0x8  power_lib.o [1]
  .text              ro code   0x800'b560    0x2e  rtc_lib.o [1]
  .text              ro code   0x800'b58e     0x2  random_cfg.o [1]
  .text              ro code   0x800'b590    0x94  led_cfg.o [1]
  .text              ro code   0x800'b624    0x18  eeprom_cfg.o [1]
  .text              ro code   0x800'b63c   0x1e8  at24cxx_cfg.o [1]
  .text              ro code   0x800'b824   0x130  power_cfg.o [1]
  .text              ro code   0x800'b954   0x39e  rtc_cfg.o [1]
  .text              ro code   0x800'bcf4    0x16  flash_task.o [1]
  .text              ro code   0x800'bd0a    0x16  flash_lib.o [1]
  .text              ro code   0x800'bd20    0x2e  flash_cfg.o [1]
  .rodata            const     0x800'bd50   0x200  crc_cfg.o [1]
  .text              ro code   0x800'bf50   0x1d0  stm32f1xx_it.o [1]
  .text              ro code   0x800'c120    0x10  css_task.o [1]
  .text              ro code   0x800'c130     0x8  pvd_task.o [1]
  .text              ro code   0x800'c138    0x10  css_lib.o [1]
  .text              ro code   0x800'c148     0x8  pvd_lib.o [1]
  .text              ro code   0x800'c150    0xb6  css_cfg.o [1]
  .text              ro code   0x800'c208     0x2  pvd_cfg.o [1]
  .rodata            const     0x800'c20c   0x100  crc_cfg.o [1]
  .rodata            const     0x800'c30c   0x100  crc_cfg.o [1]
  .rodata            const     0x800'c40c    0x58  main.o [1]
  .text              ro code   0x800'c464    0x58  system_stm32f1xx.o [1]
  .text              ro code   0x800'c4bc    0x28  data_init.o [4]
  .iar.init_table    const     0x800'c4e4    0x20  - Linker created -
  .rodata            const     0x800'c504    0x20  rfask_task.o [1]
  .rodata            const     0x800'c524    0x20  usart_cfg.o [1]
  .rodata            const     0x800'c544    0x20  usart_cfg.o [1]
  .text              ro code   0x800'c564    0x1e  cmain.o [4]
  .text              ro code   0x800'c582     0x4  low_level_init.o [2]
  .text              ro code   0x800'c586     0x4  exit.o [2]
  .text              ro code   0x800'c58c     0xa  cexit.o [4]
  .rodata            const     0x800'c598    0x18  usart_cfg.o [1]
  .text              ro code   0x800'c5b0    0x18  stm32f1xx_hal.o [1]
  .rodata            const     0x800'c5c8    0x10  rtc_cfg.o [1]
  .rodata            const     0x800'c5d8    0x10  system_stm32f1xx.o [1]
  .text              ro code   0x800'c5e8    0x10  startup_stm32f103xg.o [1]
  .rodata            const     0x800'c5f8     0xc  rtc_cfg.o [1]
  .rodata            const     0x800'c604     0xc  rtc_cfg.o [1]
  .text              ro code   0x800'c610     0xc  cstartup_M.o [4]
  .rodata            const     0x800'c61c     0x8  adc_cfg.o [1]
  .rodata            const     0x800'c624     0x8  adc_cfg.o [1]
  .rodata            const     0x800'c62c     0x8  adc_cfg.o [1]
  .rodata            const     0x800'c634     0x8  decode_cfg.o [1]
  .rodata            const     0x800'c63c     0x8  stm32f1xx_it.o [1]
  .rodata            const     0x800'c644     0x8  stm32f1xx_ll_dma.o [1]
  .rodata            const     0x800'c64c     0x8  system_stm32f1xx.o [1]
  .rodata            const     0x800'c654     0x8  timer_cfg.o [1]
  .rodata            const     0x800'c65c     0x8  timer_cfg.o [1]
  .rodata            const     0x800'c664     0x8  timer_cfg.o [1]
  .rodata            const     0x800'c66c     0x6  xlocale_c.o [2]
  .rodata            const     0x800'c674     0x4  adc_cfg.o [1]
  .rodata            const     0x800'c678     0x4  adc_cfg.o [1]
  .rodata            const     0x800'c67c     0x4  my_malloc.o [1]
  .rodata            const     0x800'c680     0x4  my_malloc.o [1]
  .text              ro code   0x800'c684     0x4  startup_stm32f103xg.o [1]
  .text              ro code   0x800'c688     0x4  startup_stm32f103xg.o [1]
  .text              ro code   0x800'c68c     0x4  startup_stm32f103xg.o [1]
  .text              ro code   0x800'c690     0x4  startup_stm32f103xg.o [1]
  .text              ro code   0x800'c694     0x4  startup_stm32f103xg.o [1]
  .text              ro code   0x800'c698     0x4  startup_stm32f103xg.o [1]
  .text              ro code   0x800'c69c     0x4  startup_stm32f103xg.o [1]
  .text              ro code   0x800'c6a0     0x4  startup_stm32f103xg.o [1]
  .text              ro code   0x800'c6a4     0x4  startup_stm32f103xg.o [1]
  .text              ro code   0x800'c6a8     0x4  startup_stm32f103xg.o [1]
  .text              ro code   0x800'c6ac     0x4  startup_stm32f103xg.o [1]
  .text              ro code   0x800'c6b0     0x4  startup_stm32f103xg.o [1]
  .text              ro code   0x800'c6b4     0x4  startup_stm32f103xg.o [1]
  .text              ro code   0x800'c6b8     0x4  startup_stm32f103xg.o [1]
  .text              ro code   0x800'c6bc     0x4  startup_stm32f103xg.o [1]
  .text              ro code   0x800'c6c0     0x4  startup_stm32f103xg.o [1]
  .text              ro code   0x800'c6c4     0x4  startup_stm32f103xg.o [1]
  .text              ro code   0x800'c6c8     0x4  startup_stm32f103xg.o [1]
  .text              ro code   0x800'c6cc     0x4  startup_stm32f103xg.o [1]
  .text              ro code   0x800'c6d0     0x4  startup_stm32f103xg.o [1]
  .text              ro code   0x800'c6d4     0x4  startup_stm32f103xg.o [1]
  .text              ro code   0x800'c6d8     0x4  startup_stm32f103xg.o [1]
  .text              ro code   0x800'c6dc     0x4  startup_stm32f103xg.o [1]
  .text              ro code   0x800'c6e0     0x4  startup_stm32f103xg.o [1]
  .text              ro code   0x800'c6e4     0x4  startup_stm32f103xg.o [1]
  .text              ro code   0x800'c6e8     0x4  startup_stm32f103xg.o [1]
  .text              ro code   0x800'c6ec     0x4  startup_stm32f103xg.o [1]
  .text              ro code   0x800'c6f0     0x4  startup_stm32f103xg.o [1]
  .text              ro code   0x800'c6f4     0x4  startup_stm32f103xg.o [1]
  .text              ro code   0x800'c6f8     0x4  startup_stm32f103xg.o [1]
  .text              ro code   0x800'c6fc     0x4  startup_stm32f103xg.o [1]
  .text              ro code   0x800'c700     0x4  startup_stm32f103xg.o [1]
  .text              ro code   0x800'c704     0x4  startup_stm32f103xg.o [1]
  .text              ro code   0x800'c708     0x4  startup_stm32f103xg.o [1]
  .text              ro code   0x800'c70c     0x4  startup_stm32f103xg.o [1]
  .text              ro code   0x800'c710     0x4  startup_stm32f103xg.o [1]
  .text              ro code   0x800'c714     0x4  startup_stm32f103xg.o [1]
  .text              ro code   0x800'c718     0x4  startup_stm32f103xg.o [1]
  .text              ro code   0x800'c71c     0x4  startup_stm32f103xg.o [1]
  .text              ro code   0x800'c720     0x4  startup_stm32f103xg.o [1]
  .text              ro code   0x800'c724     0x4  startup_stm32f103xg.o [1]
  .text              ro code   0x800'c728     0x4  startup_stm32f103xg.o [1]
  .text              ro code   0x800'c72c     0x4  startup_stm32f103xg.o [1]
  .text              ro code   0x800'c730     0x4  startup_stm32f103xg.o [1]
  .text              ro code   0x800'c734     0x4  startup_stm32f103xg.o [1]
  .text              ro code   0x800'c738     0x4  startup_stm32f103xg.o [1]
  .text              ro code   0x800'c73c     0x4  startup_stm32f103xg.o [1]
  .text              ro code   0x800'c740     0x4  startup_stm32f103xg.o [1]
  .text              ro code   0x800'c744     0x4  startup_stm32f103xg.o [1]
  .text              ro code   0x800'c748     0x4  startup_stm32f103xg.o [1]
  .text              ro code   0x800'c74c     0x4  startup_stm32f103xg.o [1]
  .text              ro code   0x800'c750     0x4  startup_stm32f103xg.o [1]
  .text              ro code   0x800'c754     0x4  startup_stm32f103xg.o [1]
  .rodata            const     0x800'c758     0x0  zero_init3.o [4]
  .rodata            const     0x800'c758     0x0  lz77_init_single.o [4]
  Initializer bytes  const     0x800'c758    0x67  <for P2-1>
                             - 0x800'c7bf  0xc68f

"P2", part 1 of 3:                           0xbe
  P2-1                        0x2000'0000    0xbe  <Init block>
    .data            inited   0x2000'0000     0x4  adc_cfg.o [1]
    .data            inited   0x2000'0004     0x4  adc_cfg.o [1]
    .data            inited   0x2000'0008     0x4  at24cxx_cfg.o [1]
    .data            inited   0x2000'000c    0x14  my_malloc.o [1]
    .data            inited   0x2000'0020     0x4  rfask_cfg.o [1]
    .data            inited   0x2000'0024     0x4  rtc_cfg.o [1]
    .data            inited   0x2000'0028     0x4  system_stm32f1xx.o [1]
    .data            inited   0x2000'002c     0x4  systick_cfg.o [1]
    .data            inited   0x2000'0030     0x4  timer_cfg.o [1]
    .data            inited   0x2000'0034     0x4  usart_cfg.o [1]
    .data            inited   0x2000'0038     0x4  wm8510_cfg.o [1]
    .data            inited   0x2000'003c    0x38  xlocale_c.o [2]
    .data            inited   0x2000'0074    0x48  xlocale_c.o [2]
    .data            inited   0x2000'00bc     0x1  crc_cfg.o [1]
    .data            inited   0x2000'00bd     0x1  stm32f1xx_hal.o [1]
                            - 0x2000'00be    0xbe

"P2", part 2 of 3:                         0x4858
  .bss               zero     0x2000'00c0  0x2800  my_malloc.o [1]
  .bss               zero     0x2000'28c0   0x800  eeprom_cfg.o [1]
  .bss               zero     0x2000'30c0   0x70c  usart_task.o [1]
  .bss               zero     0x2000'37cc   0x70c  usart_task.o [1]
  .bss               zero     0x2000'3ed8   0x400  usart_cfg.o [1]
  .bss               zero     0x2000'42d8   0x280  my_malloc.o [1]
  .bss               zero     0x2000'4558   0x114  rfask_cfg.o [1]
  .bss               zero     0x2000'466c    0x60  usart_cfg.o [1]
  .bss               zero     0x2000'46cc    0x58  wm8510_cfg.o [1]
  .bss               zero     0x2000'4724    0x50  adc_cfg.o [1]
  .bss               zero     0x2000'4774    0x50  adc_cfg.o [1]
  .bss               zero     0x2000'47c4    0x30  at24cxx_cfg.o [1]
  .bss               zero     0x2000'47f4    0x20  stm32_cfg.o [1]
  .bss               zero     0x2000'4814    0x14  rtc_cfg.o [1]
  .bss               zero     0x2000'4828    0x14  systick_cfg.o [1]
  .bss               zero     0x2000'483c    0x10  decode_cfg.o [1]
  .bss               zero     0x2000'484c    0x10  decode_cfg.o [1]
  .bss               zero     0x2000'485c    0x10  decode_cfg.o [1]
  .bss               zero     0x2000'486c    0x10  decode_cfg.o [1]
  .bss               zero     0x2000'487c    0x10  decode_cfg.o [1]
  .bss               zero     0x2000'488c    0x10  decode_cfg.o [1]
  .bss               zero     0x2000'489c    0x10  decode_cfg.o [1]
  .bss               zero     0x2000'48ac    0x10  decode_cfg.o [1]
  .bss               zero     0x2000'48bc    0x10  decode_cfg.o [1]
  .bss               zero     0x2000'48cc    0x10  timer_cfg.o [1]
  .bss               zero     0x2000'48dc     0x8  decode_cfg.o [1]
  .bss               zero     0x2000'48e4     0x8  decode_cfg.o [1]
  .bss               zero     0x2000'48ec     0x4  decode_cfg.o [1]
  .bss               zero     0x2000'48f0     0x4  decode_cfg.o [1]
  .bss               zero     0x2000'48f4     0x4  decode_cfg.o [1]
  .bss               zero     0x2000'48f8     0x4  decode_cfg.o [1]
  .bss               zero     0x2000'48fc     0x4  decode_cfg.o [1]
  .bss               zero     0x2000'4900     0x4  decode_cfg.o [1]
  .bss               zero     0x2000'4904     0x4  decode_cfg.o [1]
  .bss               zero     0x2000'4908     0x4  led_cfg.o [1]
  .bss               zero     0x2000'490c     0x4  stm32f1xx_hal.o [1]
  .bss               zero     0x2000'4910     0x4  xfail_s.o [2]
  .bss               zero     0x2000'4914     0x1  timer_cfg.o [1]
  .bss               zero     0x2000'4915     0x1  timer_cfg.o [1]
  .bss               zero     0x2000'4916     0x1  usart_cfg.o [1]
  .bss               zero     0x2000'4917     0x1  usart_cfg.o [1]
                            - 0x2000'4918  0x4858

"P2", part 3 of 3:                         0x1000
  CSTACK                      0x2000'4918  0x1000  <Block>
    CSTACK           uninit   0x2000'4918  0x1000  <Block tail>
                            - 0x2000'5918  0x1000

Unused ranges:

         From           To      Size
         ----           --      ----
   0x800'c7bf   0x80f'ffff  0xf'3841
  0x2000'00be  0x2000'00bf       0x2
  0x2000'5918  0x2001'7fff  0x1'26e8


*******************************************************************************
*** INIT TABLE
***

          Address      Size
          -------      ----
Zero (__iar_zero_init3)
    1 destination range, total size 0x4858:
          0x2000'00c0  0x4858

Copy/lz77 (__iar_lz77_init_single3)
    1 source range, total size 0x67 (54% of destination):
           0x800'c758    0x67
    1 destination range, total size 0xbe:
          0x2000'0000    0xbe



*******************************************************************************
*** MODULE SUMMARY
***

    Module                 ro code  ro data  rw data
    ------                 -------  -------  -------
command line/config:
    ------------------------------------------------
    Total:

J:\STM32_MCU\STM32F103\STM32F103VGT6Project\STM32F103VGT6Project\EWARM\STM32F103VGT6Project\Obj: [1]
    adc_cfg.o                2 098       36      168
    adc_lib.o                   44
    adc_task.o                 220
    at24cxx_cfg.o              488        2       52
    at24cxx_lib.o               26
    at24cxx_task.o              26
    complier_lib.o             218
    crc_cfg.o                  330    1 025        1
    crc_lib.o                   86
    crc_task.o                  86
    css_cfg.o                  182
    css_lib.o                   16
    css_task.o                  16
    decode_cfg.o             7 172        8      188
    decode_lib.o                70
    decode_task.o               90
    delay_cfg.o                 90
    delay_lib.o                 36
    delay_task.o                36
    eeprom_cfg.o                24             2 048
    eeprom_lib.o                 8
    eeprom_task.o                8
    flash_cfg.o                 46
    flash_lib.o                 22
    flash_task.o                22
    gpio_cfg.o                 404
    gpio_lib.o                  26
    gpio_task.o                 26
    i2c_cfg.o                  500
    i2c_lib.o                  114
    i2c_task.o                  82
    iwdg_cfg.o                  28
    iwdg_lib.o                   8
    iwdg_task.o                  8
    key_cfg.o                  920
    key_lib.o                   88
    key_task.o                  88
    led_cfg.o                  148                 4
    led_lib.o                    8
    led_task.o                   8
    main.o                   1 072       88
    my_malloc.o                116       19   10 900
    power_cfg.o                304
    power_lib.o                  8
    power_task.o                 8
    pvd_cfg.o                    2
    pvd_lib.o                    8
    pvd_task.o                   8
    random_cfg.o                 2
    random_lib.o                 8
    random_task.o                8
    rfask_cfg.o              1 880        2      280
    rfask_lib.o                 72
    rfask_task.o             8 408       32
    rtc_cfg.o                  926       42       24
    rtc_lib.o                   46
    rtc_task.o                  68
    startup_stm32f103xg.o      532
    stm32_cfg.o                134                32
    stm32f1xx_hal.o             24        1        5
    stm32f1xx_it.o             464        8
    stm32f1xx_ll_adc.o         492
    stm32f1xx_ll_crc.o          52
    stm32f1xx_ll_dma.o         552        8
    stm32f1xx_ll_gpio.o        356
    stm32f1xx_ll_rcc.o         292
    stm32f1xx_ll_tim.o       1 006
    stm32f1xx_ll_usart.o       528
    stm32f1xx_ll_utils.o        12
    system_stm32f1xx.o          88       26        4
    systick_cfg.o              684        3       24
    systick_lib.o               68
    systick_task.o              68
    timer_cfg.o              1 720       26       22
    timer_lib.o                 42
    timer_task.o                42
    usart_cfg.o              3 872       90    1 126
    usart_lib.o                310
    usart_task.o               252             3 608
    wm8510_cfg.o             1 984        2       92
    wm8510_lib.o                78
    wm8510_task.o               78
    ------------------------------------------------
    Total:                  40 590    1 418   18 578

dl7M_tlf.a: [2]
    abort.o                      6
    exit.o                       4
    low_level_init.o             4
    vsnprint.o                  60
    xencoding_8859_1.o          30
    xfail_s.o                   64                 4
    xlocale_c.o                120       75      128
    xmbcurmax.o                 10
    xprintffull.o            3 910
    xsnprout.o                  26
    ------------------------------------------------
    Total:                   4 234       75      132

m7M_tl.a: [3]
    DblAdd.o                   378
    DblCmpGe.o                  46
    DblCmpLe.o                  46
    DblDiv.o                   582
    DblMul.o                   418
    DblSub.o                   226
    DblToFlt.o                 104
    DblToS32.o                  58
    DblToU32.o                  40
    FltAdd.o                   214
    FltDiv.o                   252
    FltMul.o                   216
    FltSub.o                   128
    FltToDbl.o                  72
    FltToS32.o                  42
    FltToU32.o                  34
    S32ToDbl.o                  34
    U32ToDbl.o                  26
    U32ToFlt.o                  28
    frexp.o                    112
    ldexp.o                    314
    ------------------------------------------------
    Total:                   3 370

rt7M_tl.a: [4]
    ABImemclr4.o                 6
    ABImemcpy.o                166
    ABImemset.o                102
    ABImemset48.o               50
    I64DivMod.o                560
    I64DivZer.o                  2
    cexit.o                     10
    cmain.o                     30
    cstartup_M.o                12
    data_init.o                 40
    lz77_init_single.o         122
    memchr.o                    88
    strchr.o                    22
    strlen.o                    54
    zero_init3.o                58
    ------------------------------------------------
    Total:                   1 322

shb_l.a: [5]
    exit.o                      20
    ------------------------------------------------
    Total:                      20

    Gaps                        66        8
    Linker created                       32    4 096
----------------------------------------------------
    Grand Total:            49 602    1 533   22 806


*******************************************************************************
*** ENTRY LIST
***

Entry                       Address    Size  Type      Object
-----                       -------    ----  ----      ------
.iar.init_table$$Base    0x800'c4e4           --   Gb  - Linker created -
.iar.init_table$$Limit   0x800'c504           --   Gb  - Linker created -
?main                    0x800'c565          Code  Gb  cmain.o [4]
ADCLib_ADCTask_START     0x800'4115     0xc  Code  Gb  adc_lib.o [1]
ADCLib_ADCTask_STOP      0x800'4121     0xc  Code  Gb  adc_lib.o [1]
ADCLib_ADC_Init          0x800'410d     0x8  Code  Gb  adc_lib.o [1]
ADCLib_HandleChannelVal
                         0x800'412d     0xc  Code  Gb  adc_lib.o [1]
ADCTask_ADCTask_STOP     0x800'2481     0xc  Code  Gb  adc_task.o [1]
ADCTask_ADC_Init         0x800'2479     0x8  Code  Gb  adc_task.o [1]
ADCTask_RFASKTask_GetADC
                         0x800'248d    0xb8  Code  Gb  adc_task.o [1]
ADC_ADC1Task_Init        0x800'5b47     0xe  Code  Gb  adc_cfg.o [1]
ADC_ADC1_DMA_Init        0x800'58a1    0x8e  Code  Gb  adc_cfg.o [1]
ADC_ADC1_DMA_Restart     0x800'592f    0x32  Code  Gb  adc_cfg.o [1]
ADC_ADC1_DMA_Stop        0x800'5961    0x28  Code  Gb  adc_cfg.o [1]
ADC_ADC1_Init            0x800'57bb    0xb8  Code  Gb  adc_cfg.o [1]
ADC_ADC3Task_Init        0x800'5b55     0xe  Code  Gb  adc_cfg.o [1]
ADC_ADC3_DMA_Init        0x800'5a3b    0x88  Code  Gb  adc_cfg.o [1]
ADC_ADC3_DMA_Restart     0x800'5ac3    0x32  Code  Gb  adc_cfg.o [1]
ADC_ADC3_DMA_Stop        0x800'5af5    0x28  Code  Gb  adc_cfg.o [1]
ADC_ADC3_Init            0x800'5989    0xb2  Code  Gb  adc_cfg.o [1]
ADC_ADCTask_Init         0x800'5b63     0xe  Code  Gb  adc_cfg.o [1]
ADC_ADCTask_START        0x800'5b7d    0x5e  Code  Gb  adc_cfg.o [1]
ADC_ADCTask_STOP         0x800'5bdb    0x42  Code  Gb  adc_cfg.o [1]
ADC_ADC_Init             0x800'5b71     0xc  Code  Gb  adc_cfg.o [1]
ADC_Clock                0x800'5743    0x78  Code  Gb  adc_cfg.o [1]
ADC_GPIO_Init            0x800'570f    0x34  Code  Gb  adc_cfg.o [1]
ADC_HandleChannelVal     0x800'5c81    0x72  Code  Gb  adc_cfg.o [1]
ADC_SoftStart            0x800'5b1d    0x2a  Code  Gb  adc_cfg.o [1]
ADC_StartCalibration     0x800'5873    0x2e  Code  Gb  adc_cfg.o [1]
AHBPrescTable            0x800'c5d8    0x10  Data  Gb  system_stm32f1xx.o [1]
APBPrescTable            0x800'c64c     0x8  Data  Gb  system_stm32f1xx.o [1]
AT24CXXLib_I2C_Init      0x800'b53f    0x1a  Code  Gb  at24cxx_lib.o [1]
AT24CXXTask_I2C_Init     0x800'b4c1    0x1a  Code  Gb  at24cxx_task.o [1]
AT24CXX_I2C_Device0_Init
                         0x800'b77b    0x8c  Code  Gb  at24cxx_cfg.o [1]
AT24CXX_I2C_Device1_Init
                         0x800'b819     0x6  Code  Gb  at24cxx_cfg.o [1]
AT24CXX_I2C_Device2_Init
                         0x800'b81f     0x6  Code  Gb  at24cxx_cfg.o [1]
AT24CXX_I2C_DeviceType   0x800'b6c9    0xb2  Code  Gb  at24cxx_cfg.o [1]
AT24CXX_I2C_Init         0x800'b645    0x84  Code  Gb  at24cxx_cfg.o [1]
BusFault_Handler         0x800'bfff     0x2  Code  Gb  stm32f1xx_it.o [1]
CHANNEL_OFFSET_TAB       0x800'c62c     0x8  Data  Lc  adc_cfg.o [1]
CHANNEL_OFFSET_TAB       0x800'c63c     0x8  Data  Lc  stm32f1xx_it.o [1]
CHANNEL_OFFSET_TAB       0x800'c644     0x8  Data  Lc  stm32f1xx_ll_dma.o [1]
CRCLib_CRC16             0x800'79e1    0x10  Code  Gb  crc_lib.o [1]
CRCLib_CRC32             0x800'79d1    0x10  Code  Gb  crc_lib.o [1]
CRCLib_CRC8              0x800'79f1    0x16  Code  Gb  crc_lib.o [1]
CRCLib_CheckSum          0x800'7a07    0x10  Code  Gb  crc_lib.o [1]
CRCLib_Enable            0x800'79c9     0x8  Code  Gb  crc_lib.o [1]
CRCLib_Init              0x800'79c1     0x8  Code  Gb  crc_lib.o [1]
CRCTask_CRC16            0x800'436d    0x10  Code  Gb  crc_task.o [1]
CRCTask_CRC32            0x800'435d    0x10  Code  Gb  crc_task.o [1]
CRCTask_CRC8             0x800'437d    0x16  Code  Gb  crc_task.o [1]
CRCTask_CheckSum         0x800'4393    0x10  Code  Gb  crc_task.o [1]
CRCTask_Enable           0x800'4355     0x8  Code  Gb  crc_task.o [1]
CRCTask_Init             0x800'434d     0x8  Code  Gb  crc_task.o [1]
CRC_CRC16_Table          0x800'a003    0x32  Code  Gb  crc_cfg.o [1]
CRC_CRC32_CRC            0x800'9ff3    0x10  Code  Gb  crc_cfg.o [1]
CRC_CRC32_HWCRC          0x800'9fc1    0x32  Code  Gb  crc_cfg.o [1]
CRC_CRC32_HWReSet        0x800'9fb7     0xa  Code  Gb  crc_cfg.o [1]
CRC_CRC8_Table           0x800'a035    0x44  Code  Gb  crc_cfg.o [1]
CRC_CheckSum             0x800'a095    0x1e  Code  Gb  crc_cfg.o [1]
CRC_DeInit               0x800'9fa1    0x10  Code  Gb  crc_cfg.o [1]
CRC_Enable               0x800'9fb1     0x6  Code  Gb  crc_cfg.o [1]
CRC_Init                 0x800'9f8d    0x14  Code  Gb  crc_cfg.o [1]
CSSLib_NMI_IRQ           0x800'c139     0x8  Code  Gb  css_lib.o [1]
CSSLib_RCC_IRQ           0x800'c141     0x8  Code  Gb  css_lib.o [1]
CSSTask_NMI_IRQ          0x800'c121     0x8  Code  Gb  css_task.o [1]
CSSTask_RCC_IRQ          0x800'c129     0x8  Code  Gb  css_task.o [1]
CSS_NMI_IRQ              0x800'c1d1    0x18  Code  Gb  css_cfg.o [1]
CSS_RCC_IRQ              0x800'c1e9    0x1e  Code  Gb  css_cfg.o [1]
CSTACK$$Base            0x2000'4918           --   Gb  - Linker created -
CSTACK$$Limit           0x2000'5918           --   Gb  - Linker created -
CacheMore                0x800'a0b9    0x24  Code  Lc  xlocale_c.o [2]
CalcAvgFun1              0x800'9e81    0x5e  Code  Gb  complier_lib.o [1]
DMA1_Channel1_IRQHandler
                         0x800'c093    0x22  Code  Gb  stm32f1xx_it.o [1]
DMA2_Channel4_5_IRQHandler
                         0x800'c0b5    0x22  Code  Gb  stm32f1xx_it.o [1]
DebugMon_Handler         0x800'c005     0x2  Code  Gb  stm32f1xx_it.o [1]
DecodeLib_ActivateSites
                         0x800'4143     0xe  Code  Gb  decode_lib.o [1]
DecodeLib_ClearState     0x800'4151     0x8  Code  Gb  decode_lib.o [1]
DecodeLib_IRQTask        0x800'4171     0x8  Code  Gb  decode_lib.o [1]
DecodeLib_Init           0x800'413b     0x8  Code  Gb  decode_lib.o [1]
DecodeLib_Quency         0x800'4179     0x8  Code  Gb  decode_lib.o [1]
DecodeLib_START          0x800'4159     0x8  Code  Gb  decode_lib.o [1]
DecodeLib_STOP           0x800'4161     0x8  Code  Gb  decode_lib.o [1]
DecodeLib_ScanRST        0x800'4169     0x8  Code  Gb  decode_lib.o [1]
DecodeTask_ActivateSites
                         0x800'278d     0xe  Code  Gb  decode_task.o [1]
DecodeTask_ClearState    0x800'279b     0x8  Code  Gb  decode_task.o [1]
DecodeTask_IRQTask       0x800'27bb     0x8  Code  Gb  decode_task.o [1]
DecodeTask_Init          0x800'2785     0x8  Code  Gb  decode_task.o [1]
DecodeTask_Query         0x800'27d7     0x8  Code  Gb  decode_task.o [1]
DecodeTask_QueryInit     0x800'27c3    0x14  Code  Gb  decode_task.o [1]
DecodeTask_START         0x800'27a3     0x8  Code  Gb  decode_task.o [1]
DecodeTask_STOP          0x800'27ab     0x8  Code  Gb  decode_task.o [1]
DecodeTask_ScanRST       0x800'27b3     0x8  Code  Gb  decode_task.o [1]
Decode_ActivateSites     0x800'6385    0x38  Code  Gb  decode_cfg.o [1]
Decode_CalcPulseTick     0x800'688b    0x4a  Code  Gb  decode_cfg.o [1]
Decode_CalcPulseWidth    0x800'66ed   0x140  Code  Gb  decode_cfg.o [1]
Decode_ClearState        0x800'63bd    0xa2  Code  Gb  decode_cfg.o [1]
Decode_DecodeCHInit      0x800'606d    0x9c  Code  Gb  decode_cfg.o [1]
Decode_DecodeLED         0x800'6659    0x90  Code  Gb  decode_cfg.o [1]
Decode_DecodeLEDInit     0x800'5f31    0x9c  Code  Gb  decode_cfg.o [1]
Decode_DecodePass        0x800'65ad    0xac  Code  Gb  decode_cfg.o [1]
Decode_DecodePassInit    0x800'6109    0xa6  Code  Gb  decode_cfg.o [1]
Decode_DecodeRSTInit     0x800'5fcd    0xa0  Code  Gb  decode_cfg.o [1]
Decode_DecodeTimerInit   0x800'624b   0x11e  Code  Gb  decode_cfg.o [1]
Decode_DecodeWaveInit    0x800'61af    0x9c  Code  Gb  decode_cfg.o [1]
Decode_GetRST            0x800'6537    0x5a  Code  Gb  decode_cfg.o [1]
Decode_IRQTask           0x800'68d5    0xa4  Code  Gb  decode_cfg.o [1]
Decode_Init              0x800'6369    0x1c  Code  Gb  decode_cfg.o [1]
Decode_PrintfWave        0x800'69ff    0xd6  Code  Gb  decode_cfg.o [1]
Decode_Query             0x800'6b41   0xd7c  Code  Gb  decode_cfg.o [1]
Decode_QueryCalcPulseWidth
                         0x800'682d    0x5e  Code  Gb  decode_cfg.o [1]
Decode_START             0x800'645f    0xa0  Code  Gb  decode_cfg.o [1]
Decode_STOP              0x800'64ff    0x38  Code  Gb  decode_cfg.o [1]
Decode_ScanRST           0x800'6591    0x1c  Code  Gb  decode_cfg.o [1]
Decode_SetPolarityRising
                         0x800'69a9    0x56  Code  Gb  decode_cfg.o [1]
DelayLib_ClkNop          0x800'4339     0xc  Code  Gb  delay_lib.o [1]
DelayLib_ms              0x800'4321     0xc  Code  Gb  delay_lib.o [1]
DelayNLib_us             0x800'432d     0xc  Code  Gb  delay_lib.o [1]
DelayN_ms                0x800'7979    0x20  Code  Gb  delay_cfg.o [1]
DelayN_us                0x800'7969    0x10  Code  Gb  delay_cfg.o [1]
DelayTask_ClkNop         0x800'2f6d     0xc  Code  Gb  delay_task.o [1]
DelayTask_ms             0x800'2f61     0xc  Code  Gb  delay_task.o [1]
DelayTask_us             0x800'2f55     0xc  Code  Gb  delay_task.o [1]
Delay_ClkNop             0x800'7999     0xa  Code  Gb  delay_cfg.o [1]
Delay_ms                 0x800'7949    0x20  Code  Gb  delay_cfg.o [1]
DescSortFun2             0x800'9e05    0x7c  Code  Gb  complier_lib.o [1]
EEPROMLib_Init           0x800'b537     0x8  Code  Gb  eeprom_lib.o [1]
EEPROMTask_Init          0x800'b4b9     0x8  Code  Gb  eeprom_task.o [1]
EEPROM_Init              0x800'b625    0x10  Code  Gb  eeprom_cfg.o [1]
FLASHLib_ReadHalfWord    0x800'bd0b    0x16  Code  Gb  flash_lib.o [1]
FLASHTask_ReadHalfWord   0x800'bcf5    0x16  Code  Gb  flash_task.o [1]
FLASH_ReadHalfWord       0x800'bd21    0x2e  Code  Gb  flash_cfg.o [1]
GPIOLib_Clock            0x800'78f9    0x12  Code  Gb  gpio_lib.o [1]
GPIOLib_Init             0x800'790b     0x8  Code  Gb  gpio_lib.o [1]
GPIOTask_Clock           0x800'4181    0x12  Code  Gb  gpio_task.o [1]
GPIOTask_Init            0x800'4193     0x8  Code  Gb  gpio_task.o [1]
GPIO_Clock               0x800'9179    0xde  Code  Gb  gpio_cfg.o [1]
GPIO_Init                0x800'9257    0x4a  Code  Gb  gpio_cfg.o [1]
HAL_IncTick              0x800'c5b1    0x18  Code  Wk  stm32f1xx_hal.o [1]
HardFault_ErrIRQ         0x800'9f55    0x12  Code  Gb  stm32_cfg.o [1]
HardFault_ErrMsg         0x800'9f0d    0x3e  Code  Gb  stm32_cfg.o [1]
HardFault_Handler        0x800'bff5     0x8  Code  Gb  stm32f1xx_it.o [1]
I2CLib_MSW_Init          0x800'a7ff    0x10  Code  Gb  i2c_lib.o [1]
I2CLib_MSW_ReadACK       0x800'a853     0xc  Code  Gb  i2c_lib.o [1]
I2CLib_MSW_START         0x800'a80f    0x38  Code  Gb  i2c_lib.o [1]
I2CLib_MSW_STOP          0x800'a847     0xc  Code  Gb  i2c_lib.o [1]
I2CLib_MSW_SendByte      0x800'a85f    0x12  Code  Gb  i2c_lib.o [1]
I2CTask_MHW_Init         0x800'8e1d     0x6  Code  Gb  i2c_task.o [1]
I2CTask_MSW_Init         0x800'8e23    0x10  Code  Gb  i2c_task.o [1]
I2CTask_MSW_ReadACK      0x800'8e51     0xc  Code  Gb  i2c_task.o [1]
I2CTask_MSW_START        0x800'8e33    0x12  Code  Gb  i2c_task.o [1]
I2CTask_MSW_STOP         0x800'8e45     0xc  Code  Gb  i2c_task.o [1]
I2CTask_MSW_SendByte     0x800'8e5d    0x12  Code  Gb  i2c_task.o [1]
I2C_MSW_Init             0x800'ab6f    0x6c  Code  Gb  i2c_cfg.o [1]
I2C_MSW_ReadACK          0x800'ac79    0x40  Code  Gb  i2c_cfg.o [1]
I2C_MSW_START            0x800'abe1    0x50  Code  Gb  i2c_cfg.o [1]
I2C_MSW_STOP             0x800'ac31    0x48  Code  Gb  i2c_cfg.o [1]
I2C_MSW_SendBit          0x800'acb9    0x52  Code  Gb  i2c_cfg.o [1]
I2C_MSW_SendByte         0x800'ad0b    0x2e  Code  Gb  i2c_cfg.o [1]
IC1Config                0x800'95cd    0x38  Code  Lc  stm32f1xx_ll_tim.o [1]
IC2Config                0x800'9605    0x3a  Code  Lc  stm32f1xx_ll_tim.o [1]
IC3Config                0x800'963f    0x3a  Code  Lc  stm32f1xx_ll_tim.o [1]
IC4Config                0x800'9679    0x3a  Code  Lc  stm32f1xx_ll_tim.o [1]
IWDGLib_Reset            0x800'4345     0x8  Code  Gb  iwdg_lib.o [1]
IWDGTask_Reset           0x800'2f79     0x8  Code  Gb  iwdg_task.o [1]
IWDG_Reset               0x800'79af     0xc  Code  Gb  iwdg_cfg.o [1]
KeyLib_BINAPass          0x800'4611     0xe  Code  Gb  key_lib.o [1]
KeyLib_BINBPass          0x800'461f     0xe  Code  Gb  key_lib.o [1]
KeyLib_BINCPass          0x800'462d     0xe  Code  Gb  key_lib.o [1]
KeyLib_BINDPass          0x800'463b     0xe  Code  Gb  key_lib.o [1]
KeyLib_EOTSTART          0x800'4601     0x8  Code  Gb  key_lib.o [1]
KeyLib_EOTSTOP           0x800'4609     0x8  Code  Gb  key_lib.o [1]
KeyLib_Init              0x800'45f1     0x8  Code  Gb  key_lib.o [1]
KeyLib_ScanSOT           0x800'45f9     0x8  Code  Gb  key_lib.o [1]
KeyTask_BINAPass         0x800'3ec1     0xe  Code  Gb  key_task.o [1]
KeyTask_BINBPass         0x800'3ecf     0xe  Code  Gb  key_task.o [1]
KeyTask_BINCPass         0x800'3edd     0xe  Code  Gb  key_task.o [1]
KeyTask_BINDPass         0x800'3eeb     0xe  Code  Gb  key_task.o [1]
KeyTask_EOTSTART         0x800'3eb1     0x8  Code  Gb  key_task.o [1]
KeyTask_EOTSTOP          0x800'3eb9     0x8  Code  Gb  key_task.o [1]
KeyTask_Init             0x800'3ea1     0x8  Code  Gb  key_task.o [1]
KeyTask_ScanSOT          0x800'3ea9     0x8  Code  Gb  key_task.o [1]
Key_BINAPass             0x800'8d7f    0x20  Code  Gb  key_cfg.o [1]
Key_BINBPass             0x800'8d9f    0x24  Code  Gb  key_cfg.o [1]
Key_BINCPass             0x800'8dc3    0x24  Code  Gb  key_cfg.o [1]
Key_BINDPass             0x800'8de7    0x20  Code  Gb  key_cfg.o [1]
Key_BINInit              0x800'8aaf    0x9c  Code  Gb  key_cfg.o [1]
Key_EOTInit              0x800'8be7    0x96  Code  Gb  key_cfg.o [1]
Key_EOTSTART             0x800'8cfd    0x54  Code  Gb  key_cfg.o [1]
Key_EOTSTOP              0x800'8d51    0x2e  Code  Gb  key_cfg.o [1]
Key_GetSOT               0x800'8c8d    0x54  Code  Gb  key_cfg.o [1]
Key_Init                 0x800'8c7d    0x10  Code  Gb  key_cfg.o [1]
Key_SOTInit              0x800'8b4b    0x9c  Code  Gb  key_cfg.o [1]
Key_ScanSOT              0x800'8ce1    0x1c  Code  Gb  key_cfg.o [1]
LEDLib_Init              0x800'b52f     0x8  Code  Gb  led_lib.o [1]
LEDTask_Init             0x800'b4b1     0x8  Code  Gb  led_task.o [1]
LEDWork_Init             0x800'b5a5    0x46  Code  Gb  led_cfg.o [1]
LEDWork_Task             0x800'b5ed    0x22  Code  Gb  led_cfg.o [1]
LEDWork_Task::ledCount  0x2000'4908     0x4  Data  Lc  led_cfg.o [1]
LED_Init                 0x800'b61d     0x8  Code  Gb  led_cfg.o [1]
LL_ADC_CommonInit        0x800'9a2f    0x52  Code  Gb  stm32f1xx_ll_adc.o [1]
LL_ADC_DeInit            0x800'9a81    0xa8  Code  Gb  stm32f1xx_ll_adc.o [1]
LL_ADC_Disable           0x800'55eb     0xa  Code  Lc  adc_cfg.o [1]
LL_ADC_Disable           0x800'9a1d     0xa  Code  Lc  stm32f1xx_ll_adc.o [1]
LL_ADC_Enable            0x800'55e1     0xa  Code  Lc  adc_cfg.o [1]
LL_ADC_INJ_SetTriggerSource
                         0x800'9a0d    0x10  Code  Lc  stm32f1xx_ll_adc.o [1]
LL_ADC_Init              0x800'9b29    0x36  Code  Gb  stm32f1xx_ll_adc.o [1]
LL_ADC_IsCalibrationOnGoing
                         0x800'55ff     0xa  Code  Lc  adc_cfg.o [1]
LL_ADC_IsEnabled         0x800'9a27     0x8  Code  Lc  stm32f1xx_ll_adc.o [1]
LL_ADC_REG_Init          0x800'9b5f    0x62  Code  Gb  stm32f1xx_ll_adc.o [1]
LL_ADC_REG_SetSequencerLength
                         0x800'9a01     0xc  Code  Lc  stm32f1xx_ll_adc.o [1]
LL_ADC_REG_SetSequencerRanks
                         0x800'5555    0x36  Code  Lc  adc_cfg.o [1]
LL_ADC_REG_SetTriggerSource
                         0x800'99f1    0x10  Code  Lc  stm32f1xx_ll_adc.o [1]
LL_ADC_REG_StartConversionSWStart
                         0x800'5609     0xa  Code  Lc  adc_cfg.o [1]
LL_ADC_SetChannelSamplingTime
                         0x800'558b    0x56  Code  Lc  adc_cfg.o [1]
LL_ADC_StartCalibration
                         0x800'55f5     0xa  Code  Lc  adc_cfg.o [1]
LL_AHB1_GRP1_EnableClock
                         0x800'5613    0x18  Code  Lc  adc_cfg.o [1]
LL_AHB1_GRP1_EnableClock
                         0x800'9f69    0x16  Code  Lc  crc_cfg.o [1]
LL_APB1_GRP1_DisableClock
                         0x800'4e21     0xc  Code  Lc  timer_cfg.o [1]
LL_APB1_GRP1_DisableClock
                         0x800'302d     0xc  Code  Lc  usart_cfg.o [1]
LL_APB1_GRP1_EnableClock
                         0x800'4e09    0x18  Code  Lc  timer_cfg.o [1]
LL_APB1_GRP1_EnableClock
                         0x800'3015    0x18  Code  Lc  usart_cfg.o [1]
LL_APB1_GRP1_ForceReset
                         0x800'92db     0xc  Code  Lc  stm32f1xx_ll_tim.o [1]
LL_APB1_GRP1_ForceReset
                         0x800'4483     0xa  Code  Lc  stm32f1xx_ll_usart.o [1]
LL_APB1_GRP1_ReleaseReset
                         0x800'92e7     0xc  Code  Lc  stm32f1xx_ll_tim.o [1]
LL_APB1_GRP1_ReleaseReset
                         0x800'448d     0xa  Code  Lc  stm32f1xx_ll_usart.o [1]
LL_APB2_GRP1_DisableClock
                         0x800'5643     0xc  Code  Lc  adc_cfg.o [1]
LL_APB2_GRP1_DisableClock
                         0x800'9147     0xa  Code  Lc  gpio_cfg.o [1]
LL_APB2_GRP1_DisableClock
                         0x800'4e45     0xc  Code  Lc  timer_cfg.o [1]
LL_APB2_GRP1_DisableClock
                         0x800'3051     0xc  Code  Lc  usart_cfg.o [1]
LL_APB2_GRP1_EnableClock
                         0x800'562b    0x18  Code  Lc  adc_cfg.o [1]
LL_APB2_GRP1_EnableClock
                         0x800'9131    0x16  Code  Lc  gpio_cfg.o [1]
LL_APB2_GRP1_EnableClock
                         0x800'4e2d    0x18  Code  Lc  timer_cfg.o [1]
LL_APB2_GRP1_EnableClock
                         0x800'3039    0x18  Code  Lc  usart_cfg.o [1]
LL_APB2_GRP1_ForceReset
                         0x800'92f3     0xc  Code  Lc  stm32f1xx_ll_tim.o [1]
LL_APB2_GRP1_ForceReset
                         0x800'4497     0xa  Code  Lc  stm32f1xx_ll_usart.o [1]
LL_APB2_GRP1_ReleaseReset
                         0x800'92ff     0xc  Code  Lc  stm32f1xx_ll_tim.o [1]
LL_APB2_GRP1_ReleaseReset
                         0x800'44a1     0xa  Code  Lc  stm32f1xx_ll_usart.o [1]
LL_CRC_DeInit            0x800'ab13    0x26  Code  Gb  stm32f1xx_ll_crc.o [1]
LL_CRC_FeedData32        0x800'9f85     0x4  Code  Lc  crc_cfg.o [1]
LL_CRC_ReadData32        0x800'9f89     0x4  Code  Lc  crc_cfg.o [1]
LL_CRC_ResetCRCCalculationUnit
                         0x800'9f7f     0x6  Code  Lc  crc_cfg.o [1]
LL_CRC_ResetCRCCalculationUnit
                         0x800'ab09     0x6  Code  Lc  stm32f1xx_ll_crc.o [1]
LL_CRC_Write_IDR         0x800'ab0f     0x4  Code  Lc  stm32f1xx_ll_crc.o [1]
LL_DMA_ClearFlag_GI1     0x800'56b5     0x6  Code  Lc  adc_cfg.o [1]
LL_DMA_ClearFlag_GI1     0x800'9c41     0x6  Code  Lc  stm32f1xx_ll_dma.o [1]
LL_DMA_ClearFlag_GI2     0x800'9c47     0x6  Code  Lc  stm32f1xx_ll_dma.o [1]
LL_DMA_ClearFlag_GI3     0x800'9c4d     0x8  Code  Lc  stm32f1xx_ll_dma.o [1]
LL_DMA_ClearFlag_GI4     0x800'9c55     0x8  Code  Lc  stm32f1xx_ll_dma.o [1]
LL_DMA_ClearFlag_GI5     0x800'56bb     0x8  Code  Lc  adc_cfg.o [1]
LL_DMA_ClearFlag_GI5     0x800'9c5d     0x8  Code  Lc  stm32f1xx_ll_dma.o [1]
LL_DMA_ClearFlag_GI6     0x800'9c65     0x8  Code  Lc  stm32f1xx_ll_dma.o [1]
LL_DMA_ClearFlag_GI7     0x800'9c6d     0x8  Code  Lc  stm32f1xx_ll_dma.o [1]
LL_DMA_ClearFlag_HT1     0x800'56d1     0x6  Code  Lc  adc_cfg.o [1]
LL_DMA_ClearFlag_HT5     0x800'56d7     0x8  Code  Lc  adc_cfg.o [1]
LL_DMA_ClearFlag_TC1     0x800'56c3     0x6  Code  Lc  adc_cfg.o [1]
LL_DMA_ClearFlag_TC5     0x800'56c9     0x8  Code  Lc  adc_cfg.o [1]
LL_DMA_ConfigTransfer    0x800'9bdd    0x24  Code  Lc  stm32f1xx_ll_dma.o [1]
LL_DMA_DeInit            0x800'9c75   0x108  Code  Gb  stm32f1xx_ll_dma.o [1]
LL_DMA_DisableChannel    0x800'566f    0x20  Code  Lc  adc_cfg.o [1]
LL_DMA_EnableChannel     0x800'564f    0x20  Code  Lc  adc_cfg.o [1]
LL_DMA_EnableIT_TC       0x800'56df    0x20  Code  Lc  adc_cfg.o [1]
LL_DMA_Init              0x800'9db9    0x4c  Code  Gb  stm32f1xx_ll_dma.o [1]
LL_DMA_IsActiveFlag_TC1
                         0x800'bf51     0xa  Code  Lc  stm32f1xx_it.o [1]
LL_DMA_IsActiveFlag_TC5
                         0x800'bf5b     0xa  Code  Lc  stm32f1xx_it.o [1]
LL_DMA_IsEnabledIT_TC    0x800'bf65    0x14  Code  Lc  stm32f1xx_it.o [1]
LL_DMA_SetDataLength     0x800'568f    0x26  Code  Lc  adc_cfg.o [1]
LL_DMA_SetDataLength     0x800'9c01    0x24  Code  Lc  stm32f1xx_ll_dma.o [1]
LL_DMA_SetMemoryAddress
                         0x800'9c25     0xe  Code  Lc  stm32f1xx_ll_dma.o [1]
LL_DMA_SetPeriphAddress
                         0x800'9c33     0xe  Code  Lc  stm32f1xx_ll_dma.o [1]
LL_EXTI_ClearFlag_0_31   0x800'bf79     0x6  Code  Lc  stm32f1xx_it.o [1]
LL_FLASH_EnableDataCache
                         0x800'9ee3     0xe  Code  Gb  stm32_cfg.o [1]
LL_FLASH_EnableInstCache
                         0x800'9ef1     0xe  Code  Gb  stm32_cfg.o [1]
LL_FLASH_EnablePrefetch
                         0x800'b175     0xc  Code  Lc  main.o [1]
LL_FLASH_GetLatency      0x800'b16b     0xa  Code  Lc  main.o [1]
LL_FLASH_ReadHalfWord    0x800'9eff     0x4  Code  Gb  stm32_cfg.o [1]
LL_FLASH_SetLatency      0x800'b15d     0xe  Code  Lc  main.o [1]
LL_GPIO_AF_RemapPartial_TIM3
                         0x800'4e51    0x16  Code  Lc  timer_cfg.o [1]
LL_GPIO_AF_Remap_SWJ_NOJTAG
                         0x800'9165    0x14  Code  Lc  gpio_cfg.o [1]
LL_GPIO_AF_Remap_SWJ_NONJTRST
                         0x800'9151    0x14  Code  Lc  gpio_cfg.o [1]
LL_GPIO_Init             0x800'4291    0x90  Code  Gb  stm32f1xx_ll_gpio.o [1]
LL_GPIO_IsInputPinSet    0x800'5d89    0x1a  Code  Lc  decode_cfg.o [1]
LL_GPIO_IsInputPinSet    0x800'ab45    0x1a  Code  Lc  i2c_cfg.o [1]
LL_GPIO_IsInputPinSet    0x800'8a85    0x1a  Code  Lc  key_cfg.o [1]
LL_GPIO_IsInputPinSet    0x800'27fd    0x1a  Code  Lc  rfask_cfg.o [1]
LL_GPIO_ResetOutputPin   0x800'5dab     0x8  Code  Lc  decode_cfg.o [1]
LL_GPIO_ResetOutputPin   0x800'ab67     0x8  Code  Lc  i2c_cfg.o [1]
LL_GPIO_ResetOutputPin   0x800'8aa7     0x8  Code  Lc  key_cfg.o [1]
LL_GPIO_ResetOutputPin   0x800'b591     0x8  Code  Lc  led_cfg.o [1]
LL_GPIO_ResetOutputPin   0x800'b0b3     0x8  Code  Lc  main.o [1]
LL_GPIO_ResetOutputPin   0x800'b825     0x8  Code  Lc  power_cfg.o [1]
LL_GPIO_ResetOutputPin   0x800'0157     0x8  Code  Lc  rfask_task.o [1]
LL_GPIO_ResetOutputPin   0x800'30a1     0x8  Code  Lc  usart_cfg.o [1]
LL_GPIO_SetOutputPin     0x800'b63d     0x8  Code  Lc  at24cxx_cfg.o [1]
LL_GPIO_SetOutputPin     0x800'5da3     0x8  Code  Lc  decode_cfg.o [1]
LL_GPIO_SetOutputPin     0x800'ab5f     0x8  Code  Lc  i2c_cfg.o [1]
LL_GPIO_SetOutputPin     0x800'8a9f     0x8  Code  Lc  key_cfg.o [1]
LL_GPIO_SetOutputPin     0x800'2817     0x8  Code  Lc  rfask_cfg.o [1]
LL_GPIO_SetOutputPin     0x800'014f     0x8  Code  Lc  rfask_task.o [1]
LL_GPIO_SetOutputPin     0x800'3099     0x8  Code  Lc  usart_cfg.o [1]
LL_GPIO_SetPinMode       0x800'41bd    0x3c  Code  Lc  stm32f1xx_ll_gpio.o [1]
LL_GPIO_SetPinMode       0x800'305d    0x3c  Code  Lc  usart_cfg.o [1]
LL_GPIO_SetPinOutputType
                         0x800'4235    0x3c  Code  Lc  stm32f1xx_ll_gpio.o [1]
LL_GPIO_SetPinPull       0x800'4271    0x20  Code  Lc  stm32f1xx_ll_gpio.o [1]
LL_GPIO_SetPinSpeed      0x800'41f9    0x3c  Code  Lc  stm32f1xx_ll_gpio.o [1]
LL_GPIO_TogglePin        0x800'b599     0xc  Code  Lc  led_cfg.o [1]
LL_IWDG_ReloadCounter    0x800'79a5     0xa  Code  Lc  iwdg_cfg.o [1]
LL_InitTick              0x800'add5    0x18  Code  Lc  systick_cfg.o [1]
LL_PWR_IsActiveFlag_PVDO
                         0x800'bf7f     0xc  Code  Lc  stm32f1xx_it.o [1]
LL_RCC_ClearFlag_HSECSS
                         0x800'c183     0xc  Code  Lc  css_cfg.o [1]
LL_RCC_ClearFlag_HSERDY
                         0x800'c177     0xc  Code  Lc  css_cfg.o [1]
LL_RCC_DisableIT_HSERDY
                         0x800'c1b3     0xc  Code  Lc  css_cfg.o [1]
LL_RCC_EnableIT_HSERDY   0x800'c1a7     0xc  Code  Lc  css_cfg.o [1]
LL_RCC_GetAHBPrescaler   0x800'896b     0xa  Code  Lc  stm32f1xx_ll_rcc.o [1]
LL_RCC_GetAPB1Prescaler
                         0x800'8975     0xa  Code  Lc  stm32f1xx_ll_rcc.o [1]
LL_RCC_GetAPB2Prescaler
                         0x800'897f     0xa  Code  Lc  stm32f1xx_ll_rcc.o [1]
LL_RCC_GetSysClkSource   0x800'b0f9     0xa  Code  Lc  main.o [1]
LL_RCC_GetSysClkSource   0x800'8961     0xa  Code  Lc  stm32f1xx_ll_rcc.o [1]
LL_RCC_GetSystemClocksFreq
                         0x800'89a7    0x24  Code  Gb  stm32f1xx_ll_rcc.o [1]
LL_RCC_HSE_Enable        0x800'c16b     0xc  Code  Lc  css_cfg.o [1]
LL_RCC_HSE_Enable        0x800'b0bb     0xc  Code  Lc  main.o [1]
LL_RCC_HSE_IsReady       0x800'b0c7     0xc  Code  Lc  main.o [1]
LL_RCC_IsActiveFlag_HSECSS
                         0x800'c19b     0xc  Code  Lc  css_cfg.o [1]
LL_RCC_IsActiveFlag_HSERDY
                         0x800'c18f     0xc  Code  Lc  css_cfg.o [1]
LL_RCC_LSI_Enable        0x800'b0d3     0xc  Code  Lc  main.o [1]
LL_RCC_LSI_IsReady       0x800'b0df     0xc  Code  Lc  main.o [1]
LL_RCC_PLL_ConfigDomain_SYS
                         0x800'b145    0x18  Code  Lc  main.o [1]
LL_RCC_PLL_Enable        0x800'b12d     0xc  Code  Lc  main.o [1]
LL_RCC_PLL_GetMainSource
                         0x800'8989     0xa  Code  Lc  stm32f1xx_ll_rcc.o [1]
LL_RCC_PLL_GetMultiplicator
                         0x800'8993     0xa  Code  Lc  stm32f1xx_ll_rcc.o [1]
LL_RCC_PLL_GetPrediv     0x800'899d     0xa  Code  Lc  stm32f1xx_ll_rcc.o [1]
LL_RCC_PLL_IsReady       0x800'b139     0xc  Code  Lc  main.o [1]
LL_RCC_SetADCClockSource
                         0x800'56ff    0x10  Code  Lc  adc_cfg.o [1]
LL_RCC_SetAHBPrescaler   0x800'b103     0xe  Code  Lc  main.o [1]
LL_RCC_SetAPB1Prescaler
                         0x800'b111     0xe  Code  Lc  main.o [1]
LL_RCC_SetAPB2Prescaler
                         0x800'b11f     0xe  Code  Lc  main.o [1]
LL_RCC_SetSysClkSource   0x800'b0eb     0xe  Code  Lc  main.o [1]
LL_SYSTICK_SetClkSource
                         0x800'b097    0x1c  Code  Lc  main.o [1]
LL_SetSystemCoreClock    0x800'b429     0x6  Code  Gb  stm32f1xx_ll_utils.o [1]
LL_TIM_CC_DisableChannel
                         0x800'4e8d     0x8  Code  Lc  timer_cfg.o [1]
LL_TIM_ClearFlag         0x800'9f03     0x8  Code  Gb  stm32_cfg.o [1]
LL_TIM_ClearFlag_CC1     0x800'5ec1     0x8  Code  Lc  decode_cfg.o [1]
LL_TIM_ClearFlag_CC2     0x800'5ed3     0x8  Code  Lc  decode_cfg.o [1]
LL_TIM_ClearFlag_CC3     0x800'5ee5     0x8  Code  Lc  decode_cfg.o [1]
LL_TIM_ClearFlag_CC4     0x800'5ef7     0x8  Code  Lc  decode_cfg.o [1]
LL_TIM_ClearFlag_TRIG    0x800'5025     0x8  Code  Lc  timer_cfg.o [1]
LL_TIM_ClearFlag_UPDATE
                         0x800'5eb9     0x8  Code  Lc  decode_cfg.o [1]
LL_TIM_ClearFlag_UPDATE
                         0x800'5015     0x8  Code  Lc  timer_cfg.o [1]
LL_TIM_DeInit            0x800'930b   0x15a  Code  Gb  stm32f1xx_ll_tim.o [1]
LL_TIM_DisableARRPreload
                         0x800'5dc7     0xa  Code  Lc  decode_cfg.o [1]
LL_TIM_DisableCounter    0x800'5dbd     0xa  Code  Lc  decode_cfg.o [1]
LL_TIM_DisableCounter    0x800'4e71     0xa  Code  Lc  timer_cfg.o [1]
LL_TIM_DisableDMAReq_TRIG
                         0x800'5041     0xa  Code  Lc  timer_cfg.o [1]
LL_TIM_DisableIT_TRIG    0x800'5037     0xa  Code  Lc  timer_cfg.o [1]
LL_TIM_DisableMasterSlaveMode
                         0x800'5eaf     0xa  Code  Lc  decode_cfg.o [1]
LL_TIM_DisableMasterSlaveMode
                         0x800'500b     0xa  Code  Lc  timer_cfg.o [1]
LL_TIM_EnableARRPreload
                         0x800'4e7b     0xa  Code  Lc  timer_cfg.o [1]
LL_TIM_EnableCounter     0x800'5db3     0xa  Code  Lc  decode_cfg.o [1]
LL_TIM_EnableCounter     0x800'4e67     0xa  Code  Lc  timer_cfg.o [1]
LL_TIM_EnableIT_CC1      0x800'5f09     0xa  Code  Lc  decode_cfg.o [1]
LL_TIM_EnableIT_CC2      0x800'5f13     0xa  Code  Lc  decode_cfg.o [1]
LL_TIM_EnableIT_CC3      0x800'5f1d     0xa  Code  Lc  decode_cfg.o [1]
LL_TIM_EnableIT_CC4      0x800'5f27     0xa  Code  Lc  decode_cfg.o [1]
LL_TIM_GenerateEvent_UPDATE
                         0x800'92d1     0xa  Code  Lc  stm32f1xx_ll_tim.o [1]
LL_TIM_GetCounter        0x800'4e89     0x4  Code  Lc  timer_cfg.o [1]
LL_TIM_IC_GetCaptureCH1
                         0x800'5e85     0x4  Code  Lc  decode_cfg.o [1]
LL_TIM_IC_GetCaptureCH2
                         0x800'5e89     0x4  Code  Lc  decode_cfg.o [1]
LL_TIM_IC_GetCaptureCH3
                         0x800'5e8d     0x4  Code  Lc  decode_cfg.o [1]
LL_TIM_IC_GetCaptureCH4
                         0x800'5e91     0x4  Code  Lc  decode_cfg.o [1]
LL_TIM_IC_GetPolarity    0x800'5e31    0x54  Code  Lc  decode_cfg.o [1]
LL_TIM_IC_Init           0x800'9537    0x58  Code  Gb  stm32f1xx_ll_tim.o [1]
LL_TIM_IC_SetActiveInput
                         0x800'4e95    0x7a  Code  Lc  timer_cfg.o [1]
LL_TIM_IC_SetFilter      0x800'4f0f    0x7a  Code  Lc  timer_cfg.o [1]
LL_TIM_IC_SetPolarity    0x800'5dd5    0x5c  Code  Lc  decode_cfg.o [1]
LL_TIM_IC_SetPolarity    0x800'4f89    0x5c  Code  Lc  timer_cfg.o [1]
LL_TIM_Init              0x800'9465    0xd2  Code  Gb  stm32f1xx_ll_tim.o [1]
LL_TIM_IsActiveFlag_CC1
                         0x800'5ec9     0xa  Code  Lc  decode_cfg.o [1]
LL_TIM_IsActiveFlag_CC2
                         0x800'5edb     0xa  Code  Lc  decode_cfg.o [1]
LL_TIM_IsActiveFlag_CC3
                         0x800'5eed     0xa  Code  Lc  decode_cfg.o [1]
LL_TIM_IsActiveFlag_CC4
                         0x800'5eff     0xa  Code  Lc  decode_cfg.o [1]
LL_TIM_IsActiveFlag_TRIG
                         0x800'502d     0xa  Code  Lc  timer_cfg.o [1]
LL_TIM_IsActiveFlag_UPDATE
                         0x800'501d     0x8  Code  Lc  timer_cfg.o [1]
LL_TIM_SetAutoReload     0x800'92c9     0x4  Code  Lc  stm32f1xx_ll_tim.o [1]
LL_TIM_SetClockSource    0x800'5e95     0xe  Code  Lc  decode_cfg.o [1]
LL_TIM_SetClockSource    0x800'4fe5     0xe  Code  Lc  timer_cfg.o [1]
LL_TIM_SetCounter        0x800'5dd1     0x4  Code  Lc  decode_cfg.o [1]
LL_TIM_SetCounter        0x800'4e85     0x4  Code  Lc  timer_cfg.o [1]
LL_TIM_SetPrescaler      0x800'92c5     0x4  Code  Lc  stm32f1xx_ll_tim.o [1]
LL_TIM_SetRepetitionCounter
                         0x800'92cd     0x4  Code  Lc  stm32f1xx_ll_tim.o [1]
LL_TIM_SetTriggerInput   0x800'4fff     0xc  Code  Lc  timer_cfg.o [1]
LL_TIM_SetTriggerOutput
                         0x800'5ea3     0xc  Code  Lc  decode_cfg.o [1]
LL_TIM_SetTriggerOutput
                         0x800'4ff3     0xc  Code  Lc  timer_cfg.o [1]
LL_USART_ClearFlag_RXNE
                         0x800'bfb1     0x8  Code  Lc  stm32f1xx_it.o [1]
LL_USART_ClearFlag_TC    0x800'bfa9     0x8  Code  Lc  stm32f1xx_it.o [1]
LL_USART_ClearFlag_TC    0x800'30d9     0x8  Code  Lc  usart_cfg.o [1]
LL_USART_ConfigAsyncMode
                         0x800'30b3    0x12  Code  Lc  usart_cfg.o [1]
LL_USART_DeInit          0x800'44ab    0x88  Code  Gb  stm32f1xx_ll_usart.o [1]
LL_USART_DisableIT_TC    0x800'30ff     0xa  Code  Lc  usart_cfg.o [1]
LL_USART_DisableIT_TXE   0x800'3109     0xa  Code  Lc  usart_cfg.o [1]
LL_USART_Enable          0x800'30a9     0xa  Code  Lc  usart_cfg.o [1]
LL_USART_EnableIT_RXNE   0x800'30e1     0xa  Code  Lc  usart_cfg.o [1]
LL_USART_EnableIT_TC     0x800'30eb     0xa  Code  Lc  usart_cfg.o [1]
LL_USART_EnableIT_TXE    0x800'30f5     0xa  Code  Lc  usart_cfg.o [1]
LL_USART_Init            0x800'4533    0x9a  Code  Gb  stm32f1xx_ll_usart.o [1]
LL_USART_IsActiveFlag_RXNE
                         0x800'bf8b     0xa  Code  Lc  stm32f1xx_it.o [1]
LL_USART_IsActiveFlag_TC
                         0x800'bf95     0xa  Code  Lc  stm32f1xx_it.o [1]
LL_USART_IsActiveFlag_TC
                         0x800'30c5     0xa  Code  Lc  usart_cfg.o [1]
LL_USART_IsActiveFlag_TXE
                         0x800'bf9f     0xa  Code  Lc  stm32f1xx_it.o [1]
LL_USART_IsActiveFlag_TXE
                         0x800'30cf     0xa  Code  Lc  usart_cfg.o [1]
LL_USART_IsEnabled       0x800'43e1     0xa  Code  Lc  stm32f1xx_ll_usart.o [1]
LL_USART_IsEnabledIT_RXNE
                         0x800'bfb9     0xa  Code  Lc  stm32f1xx_it.o [1]
LL_USART_IsEnabledIT_TC
                         0x800'bfc3     0xa  Code  Lc  stm32f1xx_it.o [1]
LL_USART_IsEnabledIT_TC
                         0x800'3113     0xa  Code  Lc  usart_cfg.o [1]
LL_USART_IsEnabledIT_TXE
                         0x800'bfcd     0xa  Code  Lc  stm32f1xx_it.o [1]
LL_USART_IsEnabledIT_TXE
                         0x800'311d     0xa  Code  Lc  usart_cfg.o [1]
[...]
SysTick_DecTick          0x800'ae7f    0x50  Code  Gb  systick_cfg.o [1]
SysTick_FuncTick         0x800'ae6d    0x12  Code  Gb  systick_cfg.o [1]
SysTick_GetTick          0x800'aecf     0x8  Code  Gb  systick_cfg.o [1]
SysTick_Handler          0x800'c009     0x8  Code  Gb  stm32f1xx_it.o [1]
SysTick_IRQTick          0x800'aed7    0x52  Code  Gb  systick_cfg.o [1]
SysTick_Init             0x800'ae23    0x4a  Code  Gb  systick_cfg.o [1]
SysTick_Resume           0x800'adfb     0xe  Code  Gb  systick_cfg.o [1]
SysTick_StructInit       0x800'ae09    0x1a  Code  Gb  systick_cfg.o [1]
SysTick_Suspend          0x800'aded     0xe  Code  Gb  systick_cfg.o [1]
SysTick_WaitusTick       0x800'af29    0x48  Code  Gb  systick_cfg.o [1]
Sys_Init                 0x800'b2a9    0xc4  Code  Gb  main.o [1]
SystemClock_Config       0x800'b181    0x84  Code  Gb  main.o [1]
SystemCoreClock         0x2000'0028     0x4  Data  Gb  system_stm32f1xx.o [1]
SystemInit               0x800'c465    0x3e  Code  Gb  system_stm32f1xx.o [1]
TIM2_IRQHandler          0x800'c101     0x8  Code  Gb  stm32f1xx_it.o [1]
TimerLib_CalcFreq_Task   0x800'40eb     0x8  Code  Gb  timer_lib.o [1]
TimerLib_Clock           0x800'40fb    0x12  Code  Gb  timer_lib.o [1]
TimerLib_GetFreqKHz      0x800'40f3     0x8  Code  Gb  timer_lib.o [1]
TimerLib_Init            0x800'40e3     0x8  Code  Gb  timer_lib.o [1]
TimerTask_CalcFreq_Task
                         0x800'241d     0x8  Code  Gb  timer_task.o [1]
TimerTask_Clock          0x800'242d    0x12  Code  Gb  timer_task.o [1]
TimerTask_GetFreqKHz     0x800'2425     0x8  Code  Gb  timer_task.o [1]
TimerTask_Init           0x800'2415     0x8  Code  Gb  timer_task.o [1]
Timer_CalcFreqMode_Init
                         0x800'504b    0xba  Code  Gb  timer_cfg.o [1]
Timer_CalcFreq_Init      0x800'5105    0xfe  Code  Gb  timer_cfg.o [1]
Timer_CalcFreq_Init::nCount
                        0x2000'4914     0x1  Data  Lc  timer_cfg.o [1]
Timer_CalcFreq_Init::nOverCount
                        0x2000'4915     0x1  Data  Lc  timer_cfg.o [1]
Timer_CalcFreq_Task      0x800'5203    0x82  Code  Gb  timer_cfg.o [1]
Timer_Clock              0x800'5295   0x1c0  Code  Gb  timer_cfg.o [1]
Timer_GetFreqKHz         0x800'5285     0x8  Code  Gb  timer_cfg.o [1]
Timer_Init               0x800'528d     0x8  Code  Gb  timer_cfg.o [1]
USART1_IRQHandler        0x800'c01b    0x78  Code  Gb  stm32f1xx_it.o [1]
USART1_Init              0x800'3d71    0xf6  Code  Gb  usart_cfg.o [1]
USART1_RX_BUFFER        0x2000'30c0   0x70c  Data  Gb  usart_task.o [1]
USART1_TX_BUFFER        0x2000'37cc   0x70c  Data  Gb  usart_task.o [1]
USART2_Init              0x800'3e95     0x6  Code  Gb  usart_cfg.o [1]
USART3_Init              0x800'3e9b     0x6  Code  Gb  usart_cfg.o [1]
USARTLib_CRCTask_Read    0x800'40d7     0xc  Code  Gb  usart_lib.o [1]
USARTLib_DeviceID        0x800'4083     0xc  Code  Gb  usart_lib.o [1]
USARTLib_DeviceInit      0x800'4015    0x32  Code  Gb  usart_lib.o [1]
USARTLib_GetReadState    0x800'4053     0xc  Code  Gb  usart_lib.o [1]
USARTLib_ITRead_Task     0x800'4071    0x12  Code  Gb  usart_lib.o [1]
USARTLib_ITWrite_TCTask
                         0x800'409b     0xc  Code  Gb  usart_lib.o [1]
USARTLib_ITWrite_TXETask
                         0x800'408f     0xc  Code  Gb  usart_lib.o [1]
USARTLib_Init            0x800'3fad    0x68  Code  Gb  usart_lib.o [1]
USARTLib_ReadInit        0x800'4047     0xc  Code  Gb  usart_lib.o [1]
USARTLib_RealTime_AddByte
                         0x800'40a7    0x12  Code  Gb  usart_lib.o [1]
USARTLib_RealTime_AddByteCRC
                         0x800'40cb     0xc  Code  Gb  usart_lib.o [1]
USARTLib_RealTime_AddByteSize
                         0x800'40b9    0x12  Code  Gb  usart_lib.o [1]
USARTLib_TimeOVFTask     0x800'405f    0x12  Code  Gb  usart_lib.o [1]
USARTTask_CRCTask_Read   0x800'23fd     0xc  Code  Gb  usart_task.o [1]
USARTTask_DeviceID       0x800'2409     0xc  Code  Gb  usart_task.o [1]
USARTTask_GetReadState   0x800'2389     0xc  Code  Gb  usart_task.o [1]
USARTTask_ITRead_Task    0x800'23a3    0x12  Code  Gb  usart_task.o [1]
USARTTask_ITWrite_TCTask
                         0x800'23c1     0xc  Code  Gb  usart_task.o [1]
USARTTask_ITWrite_TXETask
                         0x800'23b5     0xc  Code  Gb  usart_task.o [1]
USARTTask_Init           0x800'2319    0x64  Code  Gb  usart_task.o [1]
USARTTask_ReadInit       0x800'237d     0xc  Code  Gb  usart_task.o [1]
USARTTask_RealTime_AddByte
                         0x800'23cd    0x12  Code  Gb  usart_task.o [1]
USARTTask_RealTime_AddByteCRC
                         0x800'23f1     0xc  Code  Gb  usart_task.o [1]
USARTTask_RealTime_AddByteSize
                         0x800'23df    0x12  Code  Gb  usart_task.o [1]
USARTTask_TimeOVFTask    0x800'2395     0xe  Code  Gb  usart_task.o [1]
USART_485GPIOInit        0x800'3299    0x2a  Code  Gb  usart_cfg.o [1]
USART_CRCTask_Read       0x800'394b   0x1da  Code  Gb  usart_cfg.o [1]
USART_ClearOVF           0x800'3b25    0x1c  Code  Gb  usart_cfg.o [1]
USART_Clock              0x800'3c8d    0xbe  Code  Gb  usart_cfg.o [1]
USART_DeviceID           0x800'3bbd    0x20  Code  Gb  usart_cfg.o [1]
USART_DeviceInit         0x800'3d59    0x18  Code  Gb  usart_cfg.o [1]
USART_GPIOInit           0x800'326b    0x2e  Code  Gb  usart_cfg.o [1]
USART_GetReadState       0x800'3b41     0x6  Code  Gb  usart_cfg.o [1]
USART_ITRead_16BitsTask
                         0x800'3529   0x138  Code  Gb  usart_cfg.o [1]
USART_ITRead_16BitsTask::tempVal
                        0x2000'4917     0x1  Data  Lc  usart_cfg.o [1]
USART_ITRead_8BitsTask   0x800'3437    0xf2  Code  Gb  usart_cfg.o [1]
USART_ITRead_8BitsTask::tempVal
                        0x2000'4916     0x1  Data  Lc  usart_cfg.o [1]
USART_ITRead_Task        0x800'367d    0x26  Code  Gb  usart_cfg.o [1]
USART_ITWrite_TCTask     0x800'3749    0x4c  Code  Gb  usart_cfg.o [1]
USART_ITWrite_TXETask    0x800'36cd    0x7c  Code  Gb  usart_cfg.o [1]
USART_Init               0x800'31f5    0x76  Code  Gb  usart_cfg.o [1]
USART_PollMode_WriteByte
                         0x800'36a3    0x2a  Code  Gb  usart_cfg.o [1]
USART_Printf             0x800'3bdd    0xb0  Code  Gb  usart_cfg.o [1]
USART_ReadInit           0x800'3b47    0x3c  Code  Gb  usart_cfg.o [1]
USART_RealTime_AddByte   0x800'3795    0x4e  Code  Gb  usart_cfg.o [1]
USART_RealTime_AddByteCRC
                         0x800'3877    0xd4  Code  Gb  usart_cfg.o [1]
USART_RealTime_AddByteSize
                         0x800'37e3    0x94  Code  Gb  usart_cfg.o [1]
USART_StructInit         0x800'312f    0xc6  Code  Gb  usart_cfg.o [1]
USART_TimeOVFTask        0x800'3395    0xa2  Code  Gb  usart_cfg.o [1]
USART_TimeTick_Init      0x800'32c3    0x2e  Code  Gb  usart_cfg.o [1]
USART_TimeTick_OVF       0x800'32f1    0xa4  Code  Gb  usart_cfg.o [1]
USART_WriteInit          0x800'3b83    0x3a  Code  Gb  usart_cfg.o [1]
UsageFault_Handler       0x800'c001     0x2  Code  Gb  stm32f1xx_it.o [1]
WM8510Lib_I2C_CalibrateClock
                         0x800'3fa1     0xc  Code  Gb  wm8510_lib.o [1]
WM8510Lib_I2C_Init       0x800'3f5f    0x16  Code  Gb  wm8510_lib.o [1]
WM8510Lib_I2C_Reset      0x800'3f75     0xc  Code  Gb  wm8510_lib.o [1]
WM8510Lib_I2C_SetFreqHzWithAllFreqReg
                         0x800'3f81    0x10  Code  Gb  wm8510_lib.o [1]
WM8510Lib_I2C_SetFreqHzWithAllFreqRegAndCalibrateFreqKHzOutPut
                         0x800'3f91    0x10  Code  Gb  wm8510_lib.o [1]
WM8510Task_I2C_CalibrateClock
                         0x800'2293     0xc  Code  Gb  wm8510_task.o [1]
WM8510Task_I2C_Init      0x800'2251    0x16  Code  Gb  wm8510_task.o [1]
WM8510Task_I2C_Reset     0x800'2267     0xc  Code  Gb  wm8510_task.o [1]
WM8510Task_I2C_SetFreqHzWithAllFreqReg
                         0x800'2273    0x10  Code  Gb  wm8510_task.o [1]
WM8510Task_I2C_SetFreqHzWithAllFreqRegAndCalibrateFreqKHzOutPut
                         0x800'2283    0x10  Code  Gb  wm8510_task.o [1]
WM8510_Calc_FreqAdd      0x800'4861     0x6  Code  Gb  wm8510_cfg.o [1]
WM8510_Calc_PllRate      0x800'4867   0x2dc  Code  Gb  wm8510_cfg.o [1]
WM8510_CalibrateFreqKHzOutPut
                         0x800'4cc9    0x54  Code  Gb  wm8510_cfg.o [1]
WM8510_HWI2C_WriteReg    0x800'4835     0x6  Code  Gb  wm8510_cfg.o [1]
WM8510_I2C_CalibrateClock
                         0x800'4d3b    0x78  Code  Gb  wm8510_cfg.o [1]
WM8510_I2C_Device0_Init
                         0x800'46d7    0x38  Code  Gb  wm8510_cfg.o [1]
WM8510_I2C_Device1_Init
                         0x800'470f     0x6  Code  Gb  wm8510_cfg.o [1]
WM8510_I2C_Device2_Init
                         0x800'4715     0x6  Code  Gb  wm8510_cfg.o [1]
WM8510_I2C_Init          0x800'471b    0x76  Code  Gb  wm8510_cfg.o [1]
WM8510_I2C_Reset         0x800'4b43    0xf6  Code  Gb  wm8510_cfg.o [1]
WM8510_I2C_START         0x800'4791    0x30  Code  Gb  wm8510_cfg.o [1]
WM8510_I2C_SendCMD       0x800'483b    0x26  Code  Gb  wm8510_cfg.o [1]
WM8510_I2C_SetFreqHzWithAllFreqReg
                         0x800'4c39    0x90  Code  Gb  wm8510_cfg.o [1]
WM8510_I2C_SetFreqHzWithAllFreqRegAndCalibrateFreqKHzOutPut
                         0x800'4d1d    0x1e  Code  Gb  wm8510_cfg.o [1]
WM8510_I2C_StructInit    0x800'4649    0x8e  Code  Gb  wm8510_cfg.o [1]
WM8510_SWI2C_WriteReg    0x800'47c1    0x74  Code  Gb  wm8510_cfg.o [1]
WWDG_IRQHandler          0x800'c011     0xa  Code  Gb  stm32f1xx_it.o [1]
_Encoding_8859_1_Mbrlen
                         0x800'27f1     0x2  Code  Gb  xencoding_8859_1.o [2]
_Encoding_8859_1_Wctomb
                         0x800'27df    0x12  Code  Gb  xencoding_8859_1.o [2]
_Error_Handler           0x800'9ee1     0x2  Code  Gb  stm32_cfg.o [1]
_GenldFull               0x800'8639   0x274  Code  Lc  xprintffull.o [2]
_LdtobFull               0x800'8235   0x3d6  Code  Lc  xprintffull.o [2]
_LitobFull               0x800'80e5   0x10a  Code  Lc  xprintffull.o [2]
_Locale_lconv           0x2000'003c    0x38  Data  Lc  xlocale_c.o [2]
_PrintfFull              0x800'7a19   0x1aa  Code  Gb  xprintffull.o [2]
_PutcharsFull            0x800'88ad    0x2e  Code  Lc  xprintffull.o [2]
_PutfldFull              0x800'7c55   0x2d4  Code  Lc  xprintffull.o [2]
_PutstrFull              0x800'801f    0xc6  Code  Lc  xprintffull.o [2]
_PuttxtFull              0x800'7f29    0xf6  Code  Lc  xprintffull.o [2]
_SNProut                 0x800'419b    0x1a  Code  Gb  xsnprout.o [2]
__aeabi_cdcmple          0x800'a4dd          Code  Gb  DblCmpLe.o [3]
__aeabi_cdrcmple         0x800'a50d          Code  Gb  DblCmpGe.o [3]
__aeabi_d2f              0x800'9989          Code  Gb  DblToFlt.o [3]
__aeabi_d2iz             0x800'a679          Code  Gb  DblToS32.o [3]
__aeabi_d2uiz            0x800'a7bd          Code  Gb  DblToU32.o [3]
__aeabi_dadd             0x800'a98d          Code  Gb  DblAdd.o [3]
__aeabi_ddiv             0x800'9741          Code  Gb  DblDiv.o [3]
__aeabi_dmul             0x800'a2c9          Code  Gb  DblMul.o [3]
__aeabi_dsub             0x800'a6d9          Code  Gb  DblSub.o [3]
__aeabi_f2d              0x800'96f9          Code  Gb  FltToDbl.o [3]
__aeabi_f2iz             0x800'8f89          Code  Gb  FltToS32.o [3]
__aeabi_f2uiz            0x800'910d          Code  Gb  FltToU32.o [3]
__aeabi_fdiv             0x800'8e8d          Code  Gb  FltDiv.o [3]
__aeabi_fmul             0x800'9035          Code  Gb  FltMul.o [3]
__aeabi_fsub             0x800'8fb5          Code  Gb  FltSub.o [3]
__aeabi_i2d              0x800'a6b5          Code  Gb  S32ToDbl.o [3]
__aeabi_ldiv0            0x800'4139          Code  Gb  I64DivZer.o [4]
__aeabi_memclr4          0x800'41b5          Code  Gb  ABImemclr4.o [4]
__aeabi_memcpy           0x800'a221          Code  Gb  ABImemcpy.o [4]
__aeabi_memcpy4          0x800'a241          Code  Gb  ABImemcpy.o [4]
__aeabi_memcpy8          0x800'a241          Code  Gb  ABImemcpy.o [4]
__aeabi_memset           0x800'3ef9          Code  Gb  ABImemset.o [4]
__aeabi_ui2d             0x800'a7e5          Code  Gb  U32ToDbl.o [3]
__aeabi_ui2f             0x800'8e71          Code  Gb  U32ToFlt.o [3]
__aeabi_uldivmod         0x800'2555          Code  Gb  I64DivMod.o [4]
__cmain                  0x800'c565          Code  Gb  cmain.o [4]
__exit                   0x800'afe5    0x14  Code  Gb  exit.o [5]
__iar_Fail_s             0x800'a145    0x1c  Code  Gb  xfail_s.o [2]
__iar_Mbcurmax           0x800'a215     0xa  Code  Gb  xmbcurmax.o [2]
__iar_Memchr             0x800'a1bd          Code  Gb  memchr.o [4]
__iar_Memset             0x800'3ef9          Code  Gb  ABImemset.o [4]
__iar_Memset4_word       0x800'7915          Code  Gb  ABImemset48.o [4]
__iar_Memset8_word       0x800'7915          Code  Gb  ABImemset48.o [4]
__iar_Memset_word        0x800'3f01          Code  Gb  ABImemset.o [4]
__iar_Strchr             0x800'a12d          Code  Gb  strchr.o [4]
__iar_dadd               0x800'a6e9          Code  Gb  DblSub.o [3]
__iar_data_init3         0x800'c4bd    0x28  Code  Gb  data_init.o [4]
__iar_dsub               0x800'a99d          Code  Gb  DblAdd.o [3]
__iar_dsubStart          0x800'a9af          Code  Gb  DblAdd.o [3]
__iar_fadd               0x800'8fc1          Code  Gb  FltSub.o [3]
__iar_frexp              0x800'a479          Code  Gb  frexp.o [3]
__iar_frexp64            0x800'a46d          Code  Gb  frexp.o [3]
__iar_frexpl             0x800'a479          Code  Gb  frexp.o [3]
__iar_fsub               0x800'a871          Code  Gb  FltAdd.o [3]
__iar_fsubStart          0x800'a881          Code  Gb  FltAdd.o [3]
__iar_globLocale        0x2000'0074    0x48  Data  Lc  xlocale_c.o [2]
__iar_global_Locale      0x800'a0b5     0x4  Code  Gb  xlocale_c.o [2]
__iar_ldexp64            0x800'a53d          Code  Gb  ldexp.o [3]
__iar_lz77_init_single3
                         0x800'229f    0x7a  Code  Gb  lz77_init_single.o [4]
__iar_program_start      0x800'c611          Code  Gb  cstartup_M.o [4]
__iar_scalbln64          0x800'a53d          Code  Gb  ldexp.o [3]
__iar_scalbn64           0x800'a53d          Code  Gb  ldexp.o [3]
__iar_zero_init3         0x800'243f    0x3a  Code  Gb  zero_init3.o [4]
__low_level_init         0x800'c583     0x4  Code  Gb  low_level_init.o [2]
__vector_table           0x800'0000          Data  Gb  startup_stm32f103xg.o [1]
_call_main               0x800'c571          Code  Gb  cmain.o [4]
_exit                    0x800'c58d          Code  Gb  cexit.o [4]
_gLocale_mblen           0x800'a119     0x4  Code  Gb  xlocale_c.o [2]
_gLocale_mblenInt        0x800'a0dd    0x2c  Code  Gb  xlocale_c.o [2]
_gLocale_wctomb          0x800'a11d     0x4  Code  Gb  xlocale_c.o [2]
_gLocale_wctombInt       0x800'a115     0x4  Code  Gb  xlocale_c.o [2]
_main                    0x800'c57f          Code  Gb  cmain.o [4]
abort                    0x800'ab3d     0x6  Code  Gb  abort.o [2]
crc16Table               0x800'bd50   0x200  Data  Gb  crc_cfg.o [1]
crc8Table07              0x800'c20c   0x100  Data  Gb  crc_cfg.o [1]
crc8Table31              0x800'c30c   0x100  Data  Gb  crc_cfg.o [1]
exit                     0x800'c587     0x4  Code  Gb  exit.o [2]
frexp                    0x800'a46d          Code  Gb  frexp.o [3]
frexpl                   0x800'a46d          Code  Gb  frexp.o [3]
g_ABChannelADC          0x2000'4724    0x50  Data  Gb  adc_cfg.o [1]
g_AT24CXXDevice0        0x2000'47c4    0x30  Data  Gb  at24cxx_cfg.o [1]
g_CDChannelADC          0x2000'4774    0x50  Data  Gb  adc_cfg.o [1]
g_CRCIsEnable           0x2000'00bc     0x1  Data  Gb  crc_cfg.o [1]
g_CalcFreq              0x2000'48cc    0x10  Data  Gb  timer_cfg.o [1]
g_DecodeActivateSite    0x2000'48fc     0x4  Data  Gb  decode_cfg.o [1]
g_DecodeBitIndex        0x2000'48dc     0x8  Data  Gb  decode_cfg.o [1]
g_DecodeByteNewVal      0x2000'48ac    0x10  Data  Gb  decode_cfg.o [1]
g_DecodeByteOldVal      0x2000'48bc    0x10  Data  Gb  decode_cfg.o [1]
g_DecodeFallCount       0x2000'487c    0x10  Data  Gb  decode_cfg.o [1]
g_DecodeFrameCount      0x2000'4904     0x4  Data  Gb  decode_cfg.o [1]
g_DecodeHighPulseWidth  0x2000'484c    0x10  Data  Gb  decode_cfg.o [1]
g_DecodeICPCount        0x2000'483c    0x10  Data  Gb  decode_cfg.o [1]
g_DecodeICPEvent        0x2000'48f8     0x4  Data  Gb  decode_cfg.o [1]
g_DecodeICPMode         0x2000'48ec     0x4  Data  Gb  decode_cfg.o [1]
g_DecodeLowPulseWidth   0x2000'485c    0x10  Data  Gb  decode_cfg.o [1]
g_DecodeNewStep         0x2000'48f0     0x4  Data  Gb  decode_cfg.o [1]
g_DecodeOldStep         0x2000'48f4     0x4  Data  Gb  decode_cfg.o [1]
g_DecodePulseIndex      0x2000'48e4     0x8  Data  Gb  decode_cfg.o [1]
g_DecodePulseTick       0x2000'489c    0x10  Data  Gb  decode_cfg.o [1]
g_DecodeRiseCount       0x2000'486c    0x10  Data  Gb  decode_cfg.o [1]
g_DecodeTickCount       0x2000'488c    0x10  Data  Gb  decode_cfg.o [1]
g_DecodeWaveMode        0x2000'4900     0x4  Data  Gb  decode_cfg.o [1]
g_EepromVal             0x2000'28c0   0x800  Data  Gb  eeprom_cfg.o [1]
g_HardFaultErrMsg       0x2000'47f4    0x20  Data  Gb  stm32_cfg.o [1]
g_MemMap                0x2000'42d8   0x280  Data  Gb  my_malloc.o [1]
g_MemPool               0x2000'00c0  0x2800  Data  Gb  my_malloc.o [1]
g_MemTableSize           0x800'c67c     0x4  Data  Gb  my_malloc.o [1]
g_MemTotalSize           0x800'c680     0x4  Data  Gb  my_malloc.o [1]
g_MonthDaysTab           0x800'c5c8    0x10  Data  Gb  rtc_cfg.o [1]
g_MyaMallcoDev          0x2000'000c    0x14  Data  Gb  my_malloc.o [1]
g_RFASK                 0x2000'4558   0x114  Data  Gb  rfask_cfg.o [1]
g_SysSoftRTC            0x2000'4814    0x14  Data  Gb  rtc_cfg.o [1]
g_SysTick               0x2000'4828    0x14  Data  Gb  systick_cfg.o [1]
g_USART1                0x2000'466c    0x60  Data  Gb  usart_cfg.o [1]
g_WM8510Device0         0x2000'46cc    0x58  Data  Gb  wm8510_cfg.o [1]
ldexp                    0x800'a53d          Code  Gb  ldexp.o [3]
ldexpl                   0x800'a53d          Code  Gb  ldexp.o [3]
localeconv               0x800'a121     0x4  Code  Gb  xlocale_c.o [2]
main                     0x800'b36d    0x64  Code  Gb  main.o [1]
memchr                   0x800'a1bd          Code  Gb  memchr.o [4]
pABChannelADC           0x2000'0000     0x4  Data  Gb  adc_cfg.o [1]
pAT24CXXDevice0         0x2000'0008     0x4  Data  Gb  at24cxx_cfg.o [1]
pCDChannelADC           0x2000'0004     0x4  Data  Gb  adc_cfg.o [1]
pCalcFreq               0x2000'0030     0x4  Data  Gb  timer_cfg.o [1]
pRFASK                  0x2000'0020     0x4  Data  Gb  rfask_cfg.o [1]
pSysSoftRTC             0x2000'0024     0x4  Data  Gb  rtc_cfg.o [1]
pSysTick                0x2000'002c     0x4  Data  Gb  systick_cfg.o [1]
pUSART1                 0x2000'0034     0x4  Data  Gb  usart_cfg.o [1]
pWM8510Device0          0x2000'0038     0x4  Data  Gb  wm8510_cfg.o [1]
printfBuffer            0x2000'3ed8   0x400  Data  Gb  usart_cfg.o [1]
scalbln                  0x800'a53d          Code  Gb  ldexp.o [3]
scalblnl                 0x800'a53d          Code  Gb  ldexp.o [3]
scalbn                   0x800'a53d          Code  Gb  ldexp.o [3]
scalbnl                  0x800'a53d          Code  Gb  ldexp.o [3]
scale                    0x800'81ef    0x46  Code  Lc  xprintffull.o [2]
sec_hand                0x2000'4910     0x4  Data  Lc  xfail_s.o [2]
strchr                   0x800'a12d          Code  Gb  strchr.o [4]
strlen                   0x800'a185          Code  Gb  strlen.o [4]
uwTick                  0x2000'490c     0x4  Data  Gb  stm32f1xx_hal.o [1]
uwTickFreq              0x2000'00bd     0x1  Data  Gb  stm32f1xx_hal.o [1]
vsnprintf                0x800'43a5    0x3c  Code  Gb  vsnprint.o [2]


[1] = J:\STM32_MCU\STM32F103\STM32F103VGT6Project\STM32F103VGT6Project\EWARM\STM32F103VGT6Project\Obj
[2] = dl7M_tlf.a
[3] = m7M_tl.a
[4] = rt7M_tl.a
[5] = shb_l.a

  49 602 bytes of readonly  code memory
   1 533 bytes of readonly  data memory
  22 806 bytes of readwrite data memory

Errors: none
Warnings: none
